../Core/Src/main.c:151:5:main	16	static
../Core/Src/main.c:395:6:SystemClock_Config	96	static
../Core/Src/main.c:445:13:MX_ADC1_Init	48	static
../Core/Src/main.c:512:13:MX_CRC_Init	8	static
../Core/Src/main.c:543:13:MX_SPI2_Init	8	static
../Core/Src/main.c:583:13:MX_TIM1_Init	96	static
../Core/Src/main.c:665:13:MX_TIM2_Init	56	static
../Core/Src/main.c:714:13:MX_TIM3_Init	56	static
../Core/Src/main.c:763:13:MX_TIM4_Init	40	static
../Core/Src/main.c:808:13:MX_USART2_UART_Init	8	static
../Core/Src/main.c:841:13:MX_DMA_Init	16	static
../Core/Src/main.c:863:13:MX_GPIO_Init	48	static
../Core/Src/main.c:921:20:Get_HADC1_Ptr	4	static
../Core/Src/main.c:926:6:HAL_TIM_PeriodElapsedCallback	16	static
../Core/Src/main.c:935:6:updateError	16	static
../Core/Src/main.c:939:6:updateGyro	24	static
../Core/Src/main.c:977:6:MotionAC_LoadCalFromNVM	16	static
../Core/Src/main.c:980:6:MotionAC_SaveCalInNVM	16	static
../Core/Src/main.c:989:6:Error_Handler	4	static,ignoring_inline_asm
