../Core/Src/main.c:120:5:main	1
../Core/Src/main.c:273:6:SystemClock_Config	4
../Core/Src/main.c:323:13:MX_ADC1_Init	4
../Core/Src/main.c:390:13:MX_CRC_Init	2
../Core/Src/main.c:421:13:MX_SPI2_Init	2
../Core/Src/main.c:461:13:MX_TIM1_Init	8
../Core/Src/main.c:543:13:MX_TIM2_Init	3
../Core/Src/main.c:592:13:MX_TIM3_Init	3
../Core/Src/main.c:641:13:MX_TIM4_Init	4
../Core/Src/main.c:686:13:MX_USART2_UART_Init	2
../Core/Src/main.c:719:13:MX_DMA_Init	1
../Core/Src/main.c:741:13:MX_GPIO_Init	1
../Core/Src/main.c:799:20:Get_HADC1_Ptr	1
../Core/Src/main.c:804:6:HAL_TIM_PeriodElapsedCallback	2
../Core/Src/main.c:813:6:updateGyro	1
../Core/Src/main.c:843:6:Error_Handler	1
