../Core/Src/main.c:151:5:main	8
../Core/Src/main.c:322:6:SystemClock_Config	4
../Core/Src/main.c:372:13:MX_ADC1_Init	4
../Core/Src/main.c:439:13:MX_CRC_Init	2
../Core/Src/main.c:470:13:MX_SPI2_Init	2
../Core/Src/main.c:510:13:MX_TIM1_Init	8
../Core/Src/main.c:592:13:MX_TIM2_Init	3
../Core/Src/main.c:641:13:MX_TIM3_Init	3
../Core/Src/main.c:690:13:MX_TIM4_Init	4
../Core/Src/main.c:735:13:MX_USART2_UART_Init	2
../Core/Src/main.c:768:13:MX_DMA_Init	1
../Core/Src/main.c:790:13:MX_GPIO_Init	1
../Core/Src/main.c:848:20:Get_HADC1_Ptr	1
../Core/Src/main.c:853:6:HAL_TIM_PeriodElapsedCallback	2
../Core/Src/main.c:862:6:updateError	1
../Core/Src/main.c:866:6:updateGyro	3
../Core/Src/main.c:904:6:MotionAC_LoadCalFromNVM	1
../Core/Src/main.c:907:6:MotionAC_SaveCalInNVM	1
../Core/Src/main.c:916:6:Error_Handler	1
