Archive member included to satisfy reference by file (symbol)

C:/ST/STM32CubeIDE_2.0.0/STM32CubeIDE/plugins/com.st.stm32cube.ide.mcu.externaltools.gnu-tools-for-stm32.13.3.rel1.win32_1.0.100.202509120712/tools/bin/../lib/gcc/arm-none-eabi/13.3.1/../../../../arm-none-eabi/lib/thumb/v7e-m+fp/hard\libc_nano.a(libc_a-exit.o)
                              C:/ST/STM32CubeIDE_2.0.0/STM32CubeIDE/plugins/com.st.stm32cube.ide.mcu.externaltools.gnu-tools-for-stm32.13.3.rel1.win32_1.0.100.202509120712/tools/bin/../lib/gcc/arm-none-eabi/13.3.1/../../../../arm-none-eabi/lib/thumb/v7e-m+fp/hard/crt0.o (exit)
C:/ST/STM32CubeIDE_2.0.0/STM32CubeIDE/plugins/com.st.stm32cube.ide.mcu.externaltools.gnu-tools-for-stm32.13.3.rel1.win32_1.0.100.202509120712/tools/bin/../lib/gcc/arm-none-eabi/13.3.1/../../../../arm-none-eabi/lib/thumb/v7e-m+fp/hard\libc_nano.a(libc_a-findfp.o)
                              C:/ST/STM32CubeIDE_2.0.0/STM32CubeIDE/plugins/com.st.stm32cube.ide.mcu.externaltools.gnu-tools-for-stm32.13.3.rel1.win32_1.0.100.202509120712/tools/bin/../lib/gcc/arm-none-eabi/13.3.1/../../../../arm-none-eabi/lib/thumb/v7e-m+fp/hard\libc_nano.a(libc_a-exit.o) (__stdio_exit_handler)
C:/ST/STM32CubeIDE_2.0.0/STM32CubeIDE/plugins/com.st.stm32cube.ide.mcu.externaltools.gnu-tools-for-stm32.13.3.rel1.win32_1.0.100.202509120712/tools/bin/../lib/gcc/arm-none-eabi/13.3.1/../../../../arm-none-eabi/lib/thumb/v7e-m+fp/hard\libc_nano.a(libc_a-fwalk.o)
                              C:/ST/STM32CubeIDE_2.0.0/STM32CubeIDE/plugins/com.st.stm32cube.ide.mcu.externaltools.gnu-tools-for-stm32.13.3.rel1.win32_1.0.100.202509120712/tools/bin/../lib/gcc/arm-none-eabi/13.3.1/../../../../arm-none-eabi/lib/thumb/v7e-m+fp/hard\libc_nano.a(libc_a-findfp.o) (_fwalk_sglue)
C:/ST/STM32CubeIDE_2.0.0/STM32CubeIDE/plugins/com.st.stm32cube.ide.mcu.externaltools.gnu-tools-for-stm32.13.3.rel1.win32_1.0.100.202509120712/tools/bin/../lib/gcc/arm-none-eabi/13.3.1/../../../../arm-none-eabi/lib/thumb/v7e-m+fp/hard\libc_nano.a(libc_a-stdio.o)
                              C:/ST/STM32CubeIDE_2.0.0/STM32CubeIDE/plugins/com.st.stm32cube.ide.mcu.externaltools.gnu-tools-for-stm32.13.3.rel1.win32_1.0.100.202509120712/tools/bin/../lib/gcc/arm-none-eabi/13.3.1/../../../../arm-none-eabi/lib/thumb/v7e-m+fp/hard\libc_nano.a(libc_a-findfp.o) (__sread)
C:/ST/STM32CubeIDE_2.0.0/STM32CubeIDE/plugins/com.st.stm32cube.ide.mcu.externaltools.gnu-tools-for-stm32.13.3.rel1.win32_1.0.100.202509120712/tools/bin/../lib/gcc/arm-none-eabi/13.3.1/../../../../arm-none-eabi/lib/thumb/v7e-m+fp/hard\libc_nano.a(libc_a-memset.o)
                              C:/ST/STM32CubeIDE_2.0.0/STM32CubeIDE/plugins/com.st.stm32cube.ide.mcu.externaltools.gnu-tools-for-stm32.13.3.rel1.win32_1.0.100.202509120712/tools/bin/../lib/gcc/arm-none-eabi/13.3.1/../../../../arm-none-eabi/lib/thumb/v7e-m+fp/hard/crt0.o (memset)
C:/ST/STM32CubeIDE_2.0.0/STM32CubeIDE/plugins/com.st.stm32cube.ide.mcu.externaltools.gnu-tools-for-stm32.13.3.rel1.win32_1.0.100.202509120712/tools/bin/../lib/gcc/arm-none-eabi/13.3.1/../../../../arm-none-eabi/lib/thumb/v7e-m+fp/hard\libc_nano.a(libc_a-closer.o)
                              C:/ST/STM32CubeIDE_2.0.0/STM32CubeIDE/plugins/com.st.stm32cube.ide.mcu.externaltools.gnu-tools-for-stm32.13.3.rel1.win32_1.0.100.202509120712/tools/bin/../lib/gcc/arm-none-eabi/13.3.1/../../../../arm-none-eabi/lib/thumb/v7e-m+fp/hard\libc_nano.a(libc_a-stdio.o) (_close_r)
C:/ST/STM32CubeIDE_2.0.0/STM32CubeIDE/plugins/com.st.stm32cube.ide.mcu.externaltools.gnu-tools-for-stm32.13.3.rel1.win32_1.0.100.202509120712/tools/bin/../lib/gcc/arm-none-eabi/13.3.1/../../../../arm-none-eabi/lib/thumb/v7e-m+fp/hard\libc_nano.a(libc_a-reent.o)
                              C:/ST/STM32CubeIDE_2.0.0/STM32CubeIDE/plugins/com.st.stm32cube.ide.mcu.externaltools.gnu-tools-for-stm32.13.3.rel1.win32_1.0.100.202509120712/tools/bin/../lib/gcc/arm-none-eabi/13.3.1/../../../../arm-none-eabi/lib/thumb/v7e-m+fp/hard\libc_nano.a(libc_a-closer.o) (errno)
C:/ST/STM32CubeIDE_2.0.0/STM32CubeIDE/plugins/com.st.stm32cube.ide.mcu.externaltools.gnu-tools-for-stm32.13.3.rel1.win32_1.0.100.202509120712/tools/bin/../lib/gcc/arm-none-eabi/13.3.1/../../../../arm-none-eabi/lib/thumb/v7e-m+fp/hard\libc_nano.a(libc_a-impure.o)
                              C:/ST/STM32CubeIDE_2.0.0/STM32CubeIDE/plugins/com.st.stm32cube.ide.mcu.externaltools.gnu-tools-for-stm32.13.3.rel1.win32_1.0.100.202509120712/tools/bin/../lib/gcc/arm-none-eabi/13.3.1/../../../../arm-none-eabi/lib/thumb/v7e-m+fp/hard\libc_nano.a(libc_a-reent.o) (_impure_ptr)
C:/ST/STM32CubeIDE_2.0.0/STM32CubeIDE/plugins/com.st.stm32cube.ide.mcu.externaltools.gnu-tools-for-stm32.13.3.rel1.win32_1.0.100.202509120712/tools/bin/../lib/gcc/arm-none-eabi/13.3.1/../../../../arm-none-eabi/lib/thumb/v7e-m+fp/hard\libc_nano.a(libc_a-lseekr.o)
[...]
Memory Configuration

Name             Origin             Length             Attributes
RAM              0x20000000         0x00018000         xrw
RAM2             0x10000000         0x00008000         xrw
FLASH            0x08000000         0x00100000         xr
*default*        0x00000000         0xffffffff

Linker script and memory map

LOAD C:/ST/STM32CubeIDE_2.0.0/STM32CubeIDE/plugins/com.st.stm32cube.ide.mcu.externaltools.gnu-tools-for-stm32.13.3.rel1.win32_1.0.100.202509120712/tools/bin/../lib/gcc/arm-none-eabi/13.3.1/thumb/v7e-m+fp/hard/crti.o
LOAD C:/ST/STM32CubeIDE_2.0.0/STM32CubeIDE/plugins/com.st.stm32cube.ide.mcu.externaltools.gnu-tools-for-stm32.13.3.rel1.win32_1.0.100.202509120712/tools/bin/../lib/gcc/arm-none-eabi/13.3.1/thumb/v7e-m+fp/hard/crtbegin.o
LOAD C:/ST/STM32CubeIDE_2.0.0/STM32CubeIDE/plugins/com.st.stm32cube.ide.mcu.externaltools.gnu-tools-for-stm32.13.3.rel1.win32_1.0.100.202509120712/tools/bin/../lib/gcc/arm-none-eabi/13.3.1/../../../../arm-none-eabi/lib/thumb/v7e-m+fp/hard/crt0.o
LOAD ./Core/Src/itoa.o
LOAD ./Core/Src/main.o
LOAD ./Core/Src/motors.o
LOAD ./Core/Src/ssd1306.o
LOAD ./Core/Src/ssd1306_fonts.o
LOAD ./Core/Src/stm32l4xx_hal_msp.o
LOAD ./Core/Src/stm32l4xx_it.o
LOAD ./Core/Src/stm32l4xx_nucleo_bus.o
LOAD ./Core/Src/syscalls.o
LOAD ./Core/Src/sysmem.o
LOAD ./Core/Src/system_stm32l4xx.o
LOAD ./Core/Src/systick.o
LOAD ./Core/Startup/startup_stm32l476rgtx.o
LOAD ./Drivers/BSP/Components/ism330dhcx/ism330dhcx.o
LOAD ./Drivers/BSP/Components/ism330dhcx/ism330dhcx_reg.o
LOAD ./Drivers/STM32L4xx_HAL_Driver/Src/stm32l4xx_hal.o
LOAD ./Drivers/STM32L4xx_HAL_Driver/Src/stm32l4xx_hal_cortex.o
LOAD ./Drivers/STM32L4xx_HAL_Driver/Src/stm32l4xx_hal_crc.o
LOAD ./Drivers/STM32L4xx_HAL_Driver/Src/stm32l4xx_hal_crc_ex.o
LOAD ./Drivers/STM32L4xx_HAL_Driver/Src/stm32l4xx_hal_dma.o
LOAD ./Drivers/STM32L4xx_HAL_Driver/Src/stm32l4xx_hal_dma_ex.o
LOAD ./Drivers/STM32L4xx_HAL_Driver/Src/stm32l4xx_hal_exti.o
LOAD ./Drivers/STM32L4xx_HAL_Driver/Src/stm32l4xx_hal_flash.o
LOAD ./Drivers/STM32L4xx_HAL_Driver/Src/stm32l4xx_hal_flash_ex.o
LOAD ./Drivers/STM32L4xx_HAL_Driver/Src/stm32l4xx_hal_flash_ramfunc.o
LOAD ./Drivers/STM32L4xx_HAL_Driver/Src/stm32l4xx_hal_gpio.o
LOAD ./Drivers/STM32L4xx_HAL_Driver/Src/stm32l4xx_hal_i2c.o
LOAD ./Drivers/STM32L4xx_HAL_Driver/Src/stm32l4xx_hal_i2c_ex.o
LOAD ./Drivers/STM32L4xx_HAL_Driver/Src/stm32l4xx_hal_pwr.o
LOAD ./Drivers/STM32L4xx_HAL_Driver/Src/stm32l4xx_hal_pwr_ex.o
LOAD ./Drivers/STM32L4xx_HAL_Driver/Src/stm32l4xx_hal_rcc.o
LOAD ./Drivers/STM32L4xx_HAL_Driver/Src/stm32l4xx_hal_rcc_ex.o
LOAD ./Drivers/STM32L4xx_HAL_Driver/Src/stm32l4xx_hal_spi.o
LOAD ./Drivers/STM32L4xx_HAL_Driver/Src/stm32l4xx_hal_spi_ex.o
LOAD ./Drivers/STM32L4xx_HAL_Driver/Src/stm32l4xx_hal_tim.o
LOAD ./Drivers/STM32L4xx_HAL_Driver/Src/stm32l4xx_hal_tim_ex.o
LOAD ./Drivers/STM32L4xx_HAL_Driver/Src/stm32l4xx_hal_uart.o
LOAD ./Drivers/STM32L4xx_HAL_Driver/Src/stm32l4xx_hal_uart_ex.o
LOAD ./X-CUBE-MEMS1/Target/custom_motion_sensors.o
LOAD ./X-CUBE-MEMS1/Target/custom_motion_sensors_ex.o
START GROUP
LOAD C:/ST/STM32CubeIDE_2.0.0/STM32CubeIDE/plugins/com.st.stm32cube.ide.mcu.externaltools.gnu-tools-for-stm32.13.3.rel1.win32_1.0.100.202509120712/tools/bin/../lib/gcc/arm-none-eabi/13.3.1/../../../../arm-none-eabi/lib/thumb/v7e-m+fp/hard\libc_nano.a
LOAD C:/ST/STM32CubeIDE_2.0.0/STM32CubeIDE/plugins/com.st.stm32cube.ide.mcu.externaltools.gnu-tools-for-stm32.13.3.rel1.win32_1.0.100.202509120712/tools/bin/../lib/gcc/arm-none-eabi/13.3.1/../../../../arm-none-eabi/lib/thumb/v7e-m+fp/hard\libm.a
END GROUP
START GROUP
LOAD C:/ST/STM32CubeIDE_2.0.0/STM32CubeIDE/plugins/com.st.stm32cube.ide.mcu.externaltools.gnu-tools-for-stm32.13.3.rel1.win32_1.0.100.202509120712/tools/bin/../lib/gcc/arm-none-eabi/13.3.1/thumb/v7e-m+fp/hard\libgcc.a
LOAD C:/ST/STM32CubeIDE_2.0.0/STM32CubeIDE/plugins/com.st.stm32cube.ide.mcu.externaltools.gnu-tools-for-stm32.13.3.rel1.win32_1.0.100.202509120712/tools/bin/../lib/gcc/arm-none-eabi/13.3.1/../../../../arm-none-eabi/lib/thumb/v7e-m+fp/hard\libc_nano.a
END GROUP
START GROUP
LOAD C:/ST/STM32CubeIDE_2.0.0/STM32CubeIDE/plugins/com.st.stm32cube.ide.mcu.externaltools.gnu-tools-for-stm32.13.3.rel1.win32_1.0.100.202509120712/tools/bin/../lib/gcc/arm-none-eabi/13.3.1/thumb/v7e-m+fp/hard\libgcc.a
LOAD C:/ST/STM32CubeIDE_2.0.0/STM32CubeIDE/plugins/com.st.stm32cube.ide.mcu.externaltools.gnu-tools-for-stm32.13.3.rel1.win32_1.0.100.202509120712/tools/bin/../lib/gcc/arm-none-eabi/13.3.1/../../../../arm-none-eabi/lib/thumb/v7e-m+fp/hard\libc_nano.a
LOAD C:/ST/STM32CubeIDE_2.0.0/STM32CubeIDE/plugins/com.st.stm32cube.ide.mcu.externaltools.gnu-tools-for-stm32.13.3.rel1.win32_1.0.100.202509120712/tools/bin/../lib/gcc/arm-none-eabi/13.3.1/../../../../arm-none-eabi/lib/thumb/v7e-m+fp/hard\libnosys.a
END GROUP
START GROUP
LOAD C:/ST/STM32CubeIDE_2.0.0/STM32CubeIDE/plugins/com.st.stm32cube.ide.mcu.externaltools.gnu-tools-for-stm32.13.3.rel1.win32_1.0.100.202509120712/tools/bin/../lib/gcc/arm-none-eabi/13.3.1/thumb/v7e-m+fp/hard\libgcc.a
LOAD C:/ST/STM32CubeIDE_2.0.0/STM32CubeIDE/plugins/com.st.stm32cube.ide.mcu.externaltools.gnu-tools-for-stm32.13.3.rel1.win32_1.0.100.202509120712/tools/bin/../lib/gcc/arm-none-eabi/13.3.1/../../../../arm-none-eabi/lib/thumb/v7e-m+fp/hard\libc_nano.a
LOAD C:/ST/STM32CubeIDE_2.0.0/STM32CubeIDE/plugins/com.st.stm32cube.ide.mcu.externaltools.gnu-tools-for-stm32.13.3.rel1.win32_1.0.100.202509120712/tools/bin/../lib/gcc/arm-none-eabi/13.3.1/../../../../arm-none-eabi/lib/thumb/v7e-m+fp/hard\libnosys.a
END GROUP
LOAD C:/ST/STM32CubeIDE_2.0.0/STM32CubeIDE/plugins/com.st.stm32cube.ide.mcu.externaltools.gnu-tools-for-stm32.13.3.rel1.win32_1.0.100.202509120712/tools/bin/../lib/gcc/arm-none-eabi/13.3.1/thumb/v7e-m+fp/hard/crtend.o
LOAD C:/ST/STM32CubeIDE_2.0.0/STM32CubeIDE/plugins/com.st.stm32cube.ide.mcu.externaltools.gnu-tools-for-stm32.13.3.rel1.win32_1.0.100.202509120712/tools/bin/../lib/gcc/arm-none-eabi/13.3.1/thumb/v7e-m+fp/hard/crtn.o
                0x20018000                        _estack = (ORIGIN (RAM) + LENGTH (RAM))
                0x00000200                        _Min_Heap_Size = 0x200
                0x00000400                        _Min_Stack_Size = 0x400

.isr_vector     0x08000000      0x188
                0x08000000                        . = ALIGN (0x4)
 *(.isr_vector)
 .isr_vector    0x08000000      0x188 ./Core/Startup/startup_stm32l476rgtx.o
                0x08000000                g_pfnVectors
                0x08000188                        . = ALIGN (0x4)

.text           0x08000188     0x8a98
                0x08000188                        . = ALIGN (0x4)
 *(.text)
 .text          0x08000188       0x40 C:/ST/STM32CubeIDE_2.0.0/STM32CubeIDE/plugins/com.st.stm32cube.ide.mcu.externaltools.gnu-tools-for-stm32.13.3.rel1.win32_1.0.100.202509120712/tools/bin/../lib/gcc/arm-none-eabi/13.3.1/thumb/v7e-m+fp/hard/crtbegin.o
 .text          0x080001c8       0x30 C:/ST/STM32CubeIDE_2.0.0/STM32CubeIDE/plugins/com.st.stm32cube.ide.mcu.externaltools.gnu-tools-for-stm32.13.3.rel1.win32_1.0.100.202509120712/tools/bin/../lib/gcc/arm-none-eabi/13.3.1/thumb/v7e-m+fp/hard\libgcc.a(_aeabi_uldivmod.o)
                0x080001c8                __aeabi_uldivmod
 .text          0x080001f8      0x2f8 C:/ST/STM32CubeIDE_2.0.0/STM32CubeIDE/plugins/com.st.stm32cube.ide.mcu.externaltools.gnu-tools-for-stm32.13.3.rel1.win32_1.0.100.202509120712/tools/bin/../lib/gcc/arm-none-eabi/13.3.1/thumb/v7e-m+fp/hard\libgcc.a(_udivmoddi4.o)
                0x080001f8                __udivmoddi4
 .text          0x080004f0        0x4 C:/ST/STM32CubeIDE_2.0.0/STM32CubeIDE/plugins/com.st.stm32cube.ide.mcu.externaltools.gnu-tools-for-stm32.13.3.rel1.win32_1.0.100.202509120712/tools/bin/../lib/gcc/arm-none-eabi/13.3.1/thumb/v7e-m+fp/hard\libgcc.a(_dvmd_tls.o)
                0x080004f0                __aeabi_idiv0
                0x080004f0                __aeabi_ldiv0
 *(.text*)
 .text.itoa     0x080004f4       0x20 ./Core/Src/itoa.o
                0x080004f4                itoa
 .text.ltoa     0x08000514       0xec ./Core/Src/itoa.o
                0x08000514                ltoa
 .text.main     0x08000600      0x124 ./Core/Src/main.o
                0x08000600                main
 .text.SystemClock_Config
                0x08000724       0xa2 ./Core/Src/main.o
                0x08000724                SystemClock_Config
 *fill*         0x080007c6        0x2 
 .text.MX_CRC_Init
                0x080007c8       0x44 ./Core/Src/main.o
 .text.MX_SPI2_Init
                0x0800080c       0x7c ./Core/Src/main.o
 .text.MX_TIM1_Init
                0x08000888      0x168 ./Core/Src/main.o
 .text.MX_TIM2_Init
                0x080009f0       0xa8 ./Core/Src/main.o
 .text.MX_TIM3_Init
                0x08000a98       0xac ./Core/Src/main.o
 .text.MX_USART2_UART_Init
                0x08000b44       0x60 ./Core/Src/main.o
 .text.MX_DMA_Init
                0x08000ba4       0x3c ./Core/Src/main.o
 .text.MX_GPIO_Init
                0x08000be0      0x164 ./Core/Src/main.o
 .text.Error_Handler
                0x08000d44        0xc ./Core/Src/main.o
                0x08000d44                Error_Handler
 .text.getMotorEnc
                0x08000d50       0x38 ./Core/Src/motors.o
                0x08000d50                getMotorEnc
 .text.setMotorSpeed
                0x08000d88       0x78 ./Core/Src/motors.o
                0x08000d88                setMotorSpeed
 .text.ssd1306_Reset
                0x08000e00       0x40 ./Core/Src/ssd1306.o
                0x08000e00                ssd1306_Reset
 .text.ssd1306_WriteCommand
                0x08000e40       0x50 ./Core/Src/ssd1306.o
                0x08000e40                ssd1306_WriteCommand
 .text.ssd1306_WriteData
                0x08000e90       0x50 ./Core/Src/ssd1306.o
                0x08000e90                ssd1306_WriteData
 .text.ssd1306_Init
                0x08000ee0       0xd4 ./Core/Src/ssd1306.o
                0x08000ee0                ssd1306_Init
 .text.ssd1306_Fill
                0x08000fb4       0x30 ./Core/Src/ssd1306.o
                0x08000fb4                ssd1306_Fill
 .text.ssd1306_UpdateScreen
                0x08000fe4       0x50 ./Core/Src/ssd1306.o
                0x08000fe4                ssd1306_UpdateScreen
 .text.ssd1306_DrawPixel
                0x08001034       0xa8 ./Core/Src/ssd1306.o
                0x08001034                ssd1306_DrawPixel
 .text.ssd1306_WriteChar
                0x080010dc      0x124 ./Core/Src/ssd1306.o
                0x080010dc                ssd1306_WriteChar
 .text.ssd1306_WriteString
                0x08001200       0x4c ./Core/Src/ssd1306.o
                0x08001200                ssd1306_WriteString
 .text.ssd1306_SetCursor
                0x0800124c       0x30 ./Core/Src/ssd1306.o
                0x0800124c                ssd1306_SetCursor
 .text.ssd1306_SetContrast
                0x0800127c       0x26 ./Core/Src/ssd1306.o
                0x0800127c                ssd1306_SetContrast
 *fill*         0x080012a2        0x2 
 .text.ssd1306_SetDisplayOn
                0x080012a4       0x3c ./Core/Src/ssd1306.o
                0x080012a4                ssd1306_SetDisplayOn
 .text.HAL_MspInit
                0x080012e0       0x48 ./Core/Src/stm32l4xx_hal_msp.o
                0x080012e0                HAL_MspInit
 .text.HAL_CRC_MspInit
                0x08001328       0x40 ./Core/Src/stm32l4xx_hal_msp.o
                0x08001328                HAL_CRC_MspInit
 .text.HAL_SPI_MspInit
                0x08001368       0xc4 ./Core/Src/stm32l4xx_hal_msp.o
                0x08001368                HAL_SPI_MspInit
 .text.HAL_SPI_MspDeInit
                0x0800142c       0x48 ./Core/Src/stm32l4xx_hal_msp.o
                0x0800142c                HAL_SPI_MspDeInit
 .text.HAL_TIM_PWM_MspInit
                0x08001474       0x40 ./Core/Src/stm32l4xx_hal_msp.o
                0x08001474                HAL_TIM_PWM_MspInit
 .text.HAL_TIM_Encoder_MspInit
                0x080014b4       0xe4 ./Core/Src/stm32l4xx_hal_msp.o
                0x080014b4                HAL_TIM_Encoder_MspInit
 .text.HAL_TIM_MspPostInit
                0x08001598       0x70 ./Core/Src/stm32l4xx_hal_msp.o
                0x08001598                HAL_TIM_MspPostInit
 .text.HAL_UART_MspInit
                0x08001608      0x114 ./Core/Src/stm32l4xx_hal_msp.o
                0x08001608                HAL_UART_MspInit
 .text.NMI_Handler
                0x0800171c        0x8 ./Core/Src/stm32l4xx_it.o
                0x0800171c                NMI_Handler
 .text.HardFault_Handler
                0x08001724        0x8 ./Core/Src/stm32l4xx_it.o
                0x08001724                HardFault_Handler
 .text.MemManage_Handler
                0x0800172c        0x8 ./Core/Src/stm32l4xx_it.o
                0x0800172c                MemManage_Handler
 .text.BusFault_Handler
                0x08001734        0x8 ./Core/Src/stm32l4xx_it.o
                0x08001734                BusFault_Handler
 .text.UsageFault_Handler
                0x0800173c        0x8 ./Core/Src/stm32l4xx_it.o
                0x0800173c                UsageFault_Handler
 .text.SVC_Handler
                0x08001744        0xe ./Core/Src/stm32l4xx_it.o
                0x08001744                SVC_Handler
 .text.DebugMon_Handler
                0x08001752        0xe ./Core/Src/stm32l4xx_it.o
                0x08001752                DebugMon_Handler
 .text.PendSV_Handler
                0x08001760        0xe ./Core/Src/stm32l4xx_it.o
                0x08001760                PendSV_Handler
 .text.SysTick_Handler
                0x0800176e       0x10 ./Core/Src/stm32l4xx_it.o
                0x0800176e                SysTick_Handler
 *fill*         0x0800177e        0x2 
 .text.DMA1_Channel6_IRQHandler
                0x08001780       0x14 ./Core/Src/stm32l4xx_it.o
                0x08001780                DMA1_Channel6_IRQHandler
 .text.BSP_SPI3_Init
                0x08001794       0x60 ./Core/Src/stm32l4xx_nucleo_bus.o
                0x08001794                BSP_SPI3_Init
 .text.BSP_SPI3_DeInit
                0x080017f4       0x50 ./Core/Src/stm32l4xx_nucleo_bus.o
                0x080017f4                BSP_SPI3_DeInit
 .text.BSP_SPI3_Send
                0x08001844       0x38 ./Core/Src/stm32l4xx_nucleo_bus.o
                0x08001844                BSP_SPI3_Send
 .text.BSP_SPI3_Recv
                0x0800187c       0x38 ./Core/Src/stm32l4xx_nucleo_bus.o
                0x0800187c                BSP_SPI3_Recv
 .text.BSP_GetTick
                0x080018b4        0xe ./Core/Src/stm32l4xx_nucleo_bus.o
                0x080018b4                BSP_GetTick
 *fill*         0x080018c2        0x2 
 .text.MX_SPI3_Init
                0x080018c4       0x84 ./Core/Src/stm32l4xx_nucleo_bus.o
                0x080018c4                MX_SPI3_Init
 .text.SPI3_MspInit
                0x08001948       0xb0 ./Core/Src/stm32l4xx_nucleo_bus.o
 .text.SPI3_MspDeInit
                0x080019f8       0x44 ./Core/Src/stm32l4xx_nucleo_bus.o
 .text.SystemInit
                0x08001a3c       0x24 ./Core/Src/system_stm32l4xx.o
                0x08001a3c                SystemInit
 .text.sysTick  0x08001a60       0x64 ./Core/Src/systick.o
                0x08001a60                sysTick
 .text.Reset_Handler
                0x08001ac4       0x50 ./Core/Startup/startup_stm32l476rgtx.o
                0x08001ac4                Reset_Handler
 .text.Default_Handler
                0x08001b14        0x2 ./Core/Startup/startup_stm32l476rgtx.o
                0x08001b14                RTC_Alarm_IRQHandler
                0x08001b14                EXTI2_IRQHandler
                0x08001b14                TIM8_TRG_COM_IRQHandler
                0x08001b14                TIM8_CC_IRQHandler
                0x08001b14                TIM1_CC_IRQHandler
                0x08001b14                TSC_IRQHandler
                0x08001b14                TAMP_STAMP_IRQHandler
                0x08001b14                EXTI3_IRQHandler
                0x08001b14                LPTIM2_IRQHandler
                0x08001b14                DFSDM1_FLT1_IRQHandler
                0x08001b14                I2C3_ER_IRQHandler
                0x08001b14                DFSDM1_FLT2_IRQHandler
                0x08001b14                EXTI0_IRQHandler
                0x08001b14                I2C2_EV_IRQHandler
                0x08001b14                CAN1_RX0_IRQHandler
                0x08001b14                FPU_IRQHandler
                0x08001b14                TIM1_UP_TIM16_IRQHandler
                0x08001b14                ADC1_2_IRQHandler
                0x08001b14                SPI1_IRQHandler
                0x08001b14                TIM6_DAC_IRQHandler
                0x08001b14                TIM8_UP_IRQHandler
                0x08001b14                DMA2_Channel2_IRQHandler
                0x08001b14                DMA1_Channel4_IRQHandler
                0x08001b14                SAI2_IRQHandler
                0x08001b14                DFSDM1_FLT3_IRQHandler
                0x08001b14                USART3_IRQHandler
                0x08001b14                DMA1_Channel7_IRQHandler
                0x08001b14                CAN1_RX1_IRQHandler
                0x08001b14                LCD_IRQHandler
                0x08001b14                UART5_IRQHandler
                0x08001b14                ADC3_IRQHandler
                0x08001b14                TIM4_IRQHandler
                0x08001b14                DMA2_Channel1_IRQHandler
                0x08001b14                QUADSPI_IRQHandler
                0x08001b14                I2C1_EV_IRQHandler
                0x08001b14                UART4_IRQHandler
                0x08001b14                DMA2_Channel4_IRQHandler
                0x08001b14                TIM3_IRQHandler
                0x08001b14                RCC_IRQHandler
                0x08001b14                DMA1_Channel1_IRQHandler
                0x08001b14                Default_Handler
                0x08001b14                DMA2_Channel7_IRQHandler
                0x08001b14                EXTI15_10_IRQHandler
                0x08001b14                TIM7_IRQHandler
                0x08001b14                SDMMC1_IRQHandler
                0x08001b14                TIM5_IRQHandler
                0x08001b14                I2C3_EV_IRQHandler
                0x08001b14                EXTI9_5_IRQHandler
                0x08001b14                RTC_WKUP_IRQHandler
                0x08001b14                PVD_PVM_IRQHandler
                0x08001b14                SPI2_IRQHandler
                0x08001b14                CAN1_TX_IRQHandler
                0x08001b14                DMA2_Channel5_IRQHandler
                0x08001b14                DMA1_Channel5_IRQHandler
                0x08001b14                EXTI4_IRQHandler
                0x08001b14                RNG_IRQHandler
                0x08001b14                TIM1_TRG_COM_TIM17_IRQHandler
                0x08001b14                DMA1_Channel3_IRQHandler
                0x08001b14                COMP_IRQHandler
                0x08001b14                WWDG_IRQHandler
                0x08001b14                LPUART1_IRQHandler
                0x08001b14                DMA2_Channel6_IRQHandler
                0x08001b14                TIM2_IRQHandler
                0x08001b14                EXTI1_IRQHandler
                0x08001b14                USART2_IRQHandler
                0x08001b14                DFSDM1_FLT0_IRQHandler
                0x08001b14                I2C2_ER_IRQHandler
                0x08001b14                DMA1_Channel2_IRQHandler
                0x08001b14                TIM8_BRK_IRQHandler
                0x08001b14                CAN1_SCE_IRQHandler
                0x08001b14                FLASH_IRQHandler
                0x08001b14                USART1_IRQHandler
                0x08001b14                OTG_FS_IRQHandler
                0x08001b14                SPI3_IRQHandler
                0x08001b14                I2C1_ER_IRQHandler
                0x08001b14                FMC_IRQHandler
                0x08001b14                SWPMI1_IRQHandler
                0x08001b14                LPTIM1_IRQHandler
                0x08001b14                SAI1_IRQHandler
                0x08001b14                DMA2_Channel3_IRQHandler
                0x08001b14                TIM1_BRK_TIM15_IRQHandler
 *fill*         0x08001b16        0x2 
 .text.ISM330DHCX_RegisterBusIO
                0x08001b18       0xd4 ./Drivers/BSP/Components/ism330dhcx/ism330dhcx.o
                0x08001b18                ISM330DHCX_RegisterBusIO
 .text.ISM330DHCX_Init
                0x08001bec      0x12e ./Drivers/BSP/Components/ism330dhcx/ism330dhcx.o
                0x08001bec                ISM330DHCX_Init
 .text.ISM330DHCX_DeInit
                0x08001d1a       0x4e ./Drivers/BSP/Components/ism330dhcx/ism330dhcx.o
                0x08001d1a                ISM330DHCX_DeInit
 .text.ISM330DHCX_ReadID
                0x08001d68       0x2c ./Drivers/BSP/Components/ism330dhcx/ism330dhcx.o
                0x08001d68                ISM330DHCX_ReadID
 .text.ISM330DHCX_GetCapabilities
                0x08001d94       0x5c ./Drivers/BSP/Components/ism330dhcx/ism330dhcx.o
                0x08001d94                ISM330DHCX_GetCapabilities
 .text.ISM330DHCX_ACC_Enable
                0x08001df0       0x48 ./Drivers/BSP/Components/ism330dhcx/ism330dhcx.o
                0x08001df0                ISM330DHCX_ACC_Enable
 .text.ISM330DHCX_ACC_Disable
                0x08001e38       0x5e ./Drivers/BSP/Components/ism330dhcx/ism330dhcx.o
                0x08001e38                ISM330DHCX_ACC_Disable
 *fill*         0x08001e96        0x2 
 .text.ISM330DHCX_ACC_GetSensitivity
                0x08001e98       0x8c ./Drivers/BSP/Components/ism330dhcx/ism330dhcx.o
                0x08001e98                ISM330DHCX_ACC_GetSensitivity
 .text.ISM330DHCX_ACC_GetOutputDataRate
                0x08001f24      0x108 ./Drivers/BSP/Components/ism330dhcx/ism330dhcx.o
                0x08001f24                ISM330DHCX_ACC_GetOutputDataRate
 .text.ISM330DHCX_ACC_SetOutputDataRate
                0x0800202c       0x38 ./Drivers/BSP/Components/ism330dhcx/ism330dhcx.o
                0x0800202c                ISM330DHCX_ACC_SetOutputDataRate
 .text.ISM330DHCX_ACC_GetFullScale
                0x08002064       0x7c ./Drivers/BSP/Components/ism330dhcx/ism330dhcx.o
                0x08002064                ISM330DHCX_ACC_GetFullScale
 .text.ISM330DHCX_ACC_SetFullScale
                0x080020e0       0x50 ./Drivers/BSP/Components/ism330dhcx/ism330dhcx.o
                0x080020e0                ISM330DHCX_ACC_SetFullScale
 .text.ISM330DHCX_ACC_GetAxesRaw
                0x08002130       0x48 ./Drivers/BSP/Components/ism330dhcx/ism330dhcx.o
                0x08002130                ISM330DHCX_ACC_GetAxesRaw
 .text.ISM330DHCX_ACC_GetAxes
                0x08002178       0xae ./Drivers/BSP/Components/ism330dhcx/ism330dhcx.o
                0x08002178                ISM330DHCX_ACC_GetAxes
 .text.ISM330DHCX_GYRO_Enable
                0x08002226       0x48 ./Drivers/BSP/Components/ism330dhcx/ism330dhcx.o
                0x08002226                ISM330DHCX_GYRO_Enable
 .text.ISM330DHCX_GYRO_Disable
                0x0800226e       0x5e ./Drivers/BSP/Components/ism330dhcx/ism330dhcx.o
                0x0800226e                ISM330DHCX_GYRO_Disable
 .text.ISM330DHCX_GYRO_GetSensitivity
                0x080022cc       0xc8 ./Drivers/BSP/Components/ism330dhcx/ism330dhcx.o
                0x080022cc                ISM330DHCX_GYRO_GetSensitivity
 .text.ISM330DHCX_GYRO_GetOutputDataRate
                0x08002394       0xf8 ./Drivers/BSP/Components/ism330dhcx/ism330dhcx.o
                0x08002394                ISM330DHCX_GYRO_GetOutputDataRate
 .text.ISM330DHCX_GYRO_SetOutputDataRate
                0x0800248c       0x38 ./Drivers/BSP/Components/ism330dhcx/ism330dhcx.o
                0x0800248c                ISM330DHCX_GYRO_SetOutputDataRate
 .text.ISM330DHCX_GYRO_GetFullScale
                0x080024c4       0xb8 ./Drivers/BSP/Components/ism330dhcx/ism330dhcx.o
                0x080024c4                ISM330DHCX_GYRO_GetFullScale
 .text.ISM330DHCX_GYRO_SetFullScale
                0x0800257c       0x6a ./Drivers/BSP/Components/ism330dhcx/ism330dhcx.o
                0x0800257c                ISM330DHCX_GYRO_SetFullScale
 .text.ISM330DHCX_GYRO_GetAxesRaw
                0x080025e6       0x48 ./Drivers/BSP/Components/ism330dhcx/ism330dhcx.o
                0x080025e6                ISM330DHCX_GYRO_GetAxesRaw
 .text.ISM330DHCX_GYRO_GetAxes
                0x0800262e       0xae ./Drivers/BSP/Components/ism330dhcx/ism330dhcx.o
                0x0800262e                ISM330DHCX_GYRO_GetAxes
 .text.ISM330DHCX_Write_Reg
                0x080026dc       0x36 ./Drivers/BSP/Components/ism330dhcx/ism330dhcx.o
                0x080026dc                ISM330DHCX_Write_Reg
 .text.ISM330DHCX_Set_Mem_Bank
                0x08002712       0x4c ./Drivers/BSP/Components/ism330dhcx/ism330dhcx.o
                0x08002712                ISM330DHCX_Set_Mem_Bank
 *fill*         0x0800275e        0x2 
 .text.ISM330DHCX_ACC_SetOutputDataRate_When_Enabled
                0x08002760      0x118 ./Drivers/BSP/Components/ism330dhcx/ism330dhcx.o
 .text.ISM330DHCX_ACC_SetOutputDataRate_When_Disabled
                0x08002878      0x104 ./Drivers/BSP/Components/ism330dhcx/ism330dhcx.o
 .text.ISM330DHCX_GYRO_SetOutputDataRate_When_Enabled
                0x0800297c      0x118 ./Drivers/BSP/Components/ism330dhcx/ism330dhcx.o
 .text.ISM330DHCX_GYRO_SetOutputDataRate_When_Disabled
                0x08002a94      0x104 ./Drivers/BSP/Components/ism330dhcx/ism330dhcx.o
 .text.ReadRegWrap
                0x08002b98       0x36 ./Drivers/BSP/Components/ism330dhcx/ism330dhcx.o
 .text.WriteRegWrap
                0x08002bce       0x36 ./Drivers/BSP/Components/ism330dhcx/ism330dhcx.o
 .text.ism330dhcx_read_reg
                0x08002c04       0x3c ./Drivers/BSP/Components/ism330dhcx/ism330dhcx_reg.o
                0x08002c04                ism330dhcx_read_reg
 .text.ism330dhcx_write_reg
                0x08002c40       0x3c ./Drivers/BSP/Components/ism330dhcx/ism330dhcx_reg.o
                0x08002c40                ism330dhcx_write_reg
 .text.ism330dhcx_xl_full_scale_set
                0x08002c7c       0x4c ./Drivers/BSP/Components/ism330dhcx/ism330dhcx_reg.o
                0x08002c7c                ism330dhcx_xl_full_scale_set
 .text.ism330dhcx_xl_full_scale_get
                0x08002cc8       0x70 ./Drivers/BSP/Components/ism330dhcx/ism330dhcx_reg.o
                0x08002cc8                ism330dhcx_xl_full_scale_get
 .text.ism330dhcx_xl_data_rate_set
                0x08002d38      0x2d8 ./Drivers/BSP/Components/ism330dhcx/ism330dhcx_reg.o
                0x08002d38                ism330dhcx_xl_data_rate_set
 .text.ism330dhcx_xl_data_rate_get
                0x08003010       0xd0 ./Drivers/BSP/Components/ism330dhcx/ism330dhcx_reg.o
                0x08003010                ism330dhcx_xl_data_rate_get
 .text.ism330dhcx_gy_full_scale_set
                0x080030e0       0x4c ./Drivers/BSP/Components/ism330dhcx/ism330dhcx_reg.o
                0x080030e0                ism330dhcx_gy_full_scale_set
 .text.ism330dhcx_gy_full_scale_get
                0x0800312c       0xa4 ./Drivers/BSP/Components/ism330dhcx/ism330dhcx_reg.o
                0x0800312c                ism330dhcx_gy_full_scale_get
 .text.ism330dhcx_gy_data_rate_set
                0x080031d0      0x2d8 ./Drivers/BSP/Components/ism330dhcx/ism330dhcx_reg.o
                0x080031d0                ism330dhcx_gy_data_rate_set
 .text.ism330dhcx_gy_data_rate_get
                0x080034a8       0xc4 ./Drivers/BSP/Components/ism330dhcx/ism330dhcx_reg.o
                0x080034a8                ism330dhcx_gy_data_rate_get
 .text.ism330dhcx_block_data_update_set
                0x0800356c       0x4c ./Drivers/BSP/Components/ism330dhcx/ism330dhcx_reg.o
                0x0800356c                ism330dhcx_block_data_update_set
 .text.ism330dhcx_angular_rate_raw_get
                0x080035b8       0x90 ./Drivers/BSP/Components/ism330dhcx/ism330dhcx_reg.o
                0x080035b8                ism330dhcx_angular_rate_raw_get
 .text.ism330dhcx_acceleration_raw_get
                0x08003648       0x90 ./Drivers/BSP/Components/ism330dhcx/ism330dhcx_reg.o
                0x08003648                ism330dhcx_acceleration_raw_get
 .text.ism330dhcx_device_conf_set
                0x080036d8       0x4c ./Drivers/BSP/Components/ism330dhcx/ism330dhcx_reg.o
                0x080036d8                ism330dhcx_device_conf_set
 .text.ism330dhcx_mem_bank_set
                0x08003724       0x4c ./Drivers/BSP/Components/ism330dhcx/ism330dhcx_reg.o
                0x08003724                ism330dhcx_mem_bank_set
 .text.ism330dhcx_device_id_get
                0x08003770       0x22 ./Drivers/BSP/Components/ism330dhcx/ism330dhcx_reg.o
                0x08003770                ism330dhcx_device_id_get
 .text.ism330dhcx_reset_set
                0x08003792       0x4c ./Drivers/BSP/Components/ism330dhcx/ism330dhcx_reg.o
                0x08003792                ism330dhcx_reset_set
 .text.ism330dhcx_auto_increment_set
                0x080037de       0x4c ./Drivers/BSP/Components/ism330dhcx/ism330dhcx_reg.o
                0x080037de                ism330dhcx_auto_increment_set
 .text.ism330dhcx_fifo_mode_set
                0x0800382a       0x4c ./Drivers/BSP/Components/ism330dhcx/ism330dhcx_reg.o
                0x0800382a                ism330dhcx_fifo_mode_set
 .text.ism330dhcx_fsm_enable_get
                0x08003876       0x58 ./Drivers/BSP/Components/ism330dhcx/ism330dhcx_reg.o
                0x08003876                ism330dhcx_fsm_enable_get
 *fill*         0x080038ce        0x2 
 .text.ism330dhcx_fsm_data_rate_get
                0x080038d0       0x90 ./Drivers/BSP/Components/ism330dhcx/ism330dhcx_reg.o
                0x080038d0                ism330dhcx_fsm_data_rate_get
 .text.ism330dhcx_mlc_get
                0x08003960       0x52 ./Drivers/BSP/Components/ism330dhcx/ism330dhcx_reg.o
                0x08003960                ism330dhcx_mlc_get
 *fill*         0x080039b2        0x2 
 .text.ism330dhcx_mlc_data_rate_get
                0x080039b4       0x90 ./Drivers/BSP/Components/ism330dhcx/ism330dhcx_reg.o
                0x080039b4                ism330dhcx_mlc_data_rate_get
 .text.HAL_Init
                0x08003a44       0x40 ./Drivers/STM32L4xx_HAL_Driver/Src/stm32l4xx_hal.o
                0x08003a44                HAL_Init
 .text.HAL_InitTick
                0x08003a84       0x78 ./Drivers/STM32L4xx_HAL_Driver/Src/stm32l4xx_hal.o
                0x08003a84                HAL_InitTick
 .text.HAL_IncTick
                0x08003afc       0x28 ./Drivers/STM32L4xx_HAL_Driver/Src/stm32l4xx_hal.o
                0x08003afc                HAL_IncTick
 .text.HAL_GetTick
                0x08003b24       0x18 ./Drivers/STM32L4xx_HAL_Driver/Src/stm32l4xx_hal.o
                0x08003b24                HAL_GetTick
 .text.HAL_Delay
                0x08003b3c       0x48 ./Drivers/STM32L4xx_HAL_Driver/Src/stm32l4xx_hal.o
                0x08003b3c                HAL_Delay
 .text.__NVIC_SetPriorityGrouping
                0x08003b84       0x48 ./Drivers/STM32L4xx_HAL_Driver/Src/stm32l4xx_hal_cortex.o
 .text.__NVIC_GetPriorityGrouping
                0x08003bcc       0x1c ./Drivers/STM32L4xx_HAL_Driver/Src/stm32l4xx_hal_cortex.o
 .text.__NVIC_EnableIRQ
                0x08003be8       0x3c ./Drivers/STM32L4xx_HAL_Driver/Src/stm32l4xx_hal_cortex.o
 .text.__NVIC_SetPriority
                0x08003c24       0x54 ./Drivers/STM32L4xx_HAL_Driver/Src/stm32l4xx_hal_cortex.o
 .text.NVIC_EncodePriority
                0x08003c78       0x66 ./Drivers/STM32L4xx_HAL_Driver/Src/stm32l4xx_hal_cortex.o
 *fill*         0x08003cde        0x2 
 .text.SysTick_Config
                0x08003ce0       0x44 ./Drivers/STM32L4xx_HAL_Driver/Src/stm32l4xx_hal_cortex.o
 .text.HAL_NVIC_SetPriorityGrouping
                0x08003d24       0x16 ./Drivers/STM32L4xx_HAL_Driver/Src/stm32l4xx_hal_cortex.o
                0x08003d24                HAL_NVIC_SetPriorityGrouping
 .text.HAL_NVIC_SetPriority
                0x08003d3a       0x38 ./Drivers/STM32L4xx_HAL_Driver/Src/stm32l4xx_hal_cortex.o
                0x08003d3a                HAL_NVIC_SetPriority
 .text.HAL_NVIC_EnableIRQ
                0x08003d72       0x1c ./Drivers/STM32L4xx_HAL_Driver/Src/stm32l4xx_hal_cortex.o
                0x08003d72                HAL_NVIC_EnableIRQ
 .text.HAL_SYSTICK_Config
                0x08003d8e       0x18 ./Drivers/STM32L4xx_HAL_Driver/Src/stm32l4xx_hal_cortex.o
                0x08003d8e                HAL_SYSTICK_Config
 *fill*         0x08003da6        0x2 
 .text.HAL_CRC_Init
                0x08003da8       0xc8 ./Drivers/STM32L4xx_HAL_Driver/Src/stm32l4xx_hal_crc.o
                0x08003da8                HAL_CRC_Init
 .text.HAL_CRCEx_Polynomial_Set
                0x08003e70      0x11c ./Drivers/STM32L4xx_HAL_Driver/Src/stm32l4xx_hal_crc_ex.o
                0x08003e70                HAL_CRCEx_Polynomial_Set
 .text.HAL_DMA_Init
                0x08003f8c      0x170 ./Drivers/STM32L4xx_HAL_Driver/Src/stm32l4xx_hal_dma.o
                0x08003f8c                HAL_DMA_Init
 .text.HAL_DMA_IRQHandler
                0x080040fc      0x18c ./Drivers/STM32L4xx_HAL_Driver/Src/stm32l4xx_hal_dma.o
                0x080040fc                HAL_DMA_IRQHandler
 .text.HAL_GPIO_Init
                0x08004288      0x354 ./Drivers/STM32L4xx_HAL_Driver/Src/stm32l4xx_hal_gpio.o
                0x08004288                HAL_GPIO_Init
 .text.HAL_GPIO_DeInit
                0x080045dc      0x1e8 ./Drivers/STM32L4xx_HAL_Driver/Src/stm32l4xx_hal_gpio.o
                0x080045dc                HAL_GPIO_DeInit
 .text.HAL_GPIO_WritePin
                0x080047c4       0x30 ./Drivers/STM32L4xx_HAL_Driver/Src/stm32l4xx_hal_gpio.o
                0x080047c4                HAL_GPIO_WritePin
 .text.HAL_PWREx_GetVoltageRange
                0x080047f4       0x1c ./Drivers/STM32L4xx_HAL_Driver/Src/stm32l4xx_hal_pwr_ex.o
                0x080047f4                HAL_PWREx_GetVoltageRange
 .text.HAL_PWREx_ControlVoltageScaling
                0x08004810       0xac ./Drivers/STM32L4xx_HAL_Driver/Src/stm32l4xx_hal_pwr_ex.o
                0x08004810                HAL_PWREx_ControlVoltageScaling
 .text.HAL_RCC_OscConfig
                0x080048bc      0x7b8 ./Drivers/STM32L4xx_HAL_Driver/Src/stm32l4xx_hal_rcc.o
                0x080048bc                HAL_RCC_OscConfig
 .text.HAL_RCC_ClockConfig
                0x08005074      0x200 ./Drivers/STM32L4xx_HAL_Driver/Src/stm32l4xx_hal_rcc.o
                0x08005074                HAL_RCC_ClockConfig
 .text.HAL_RCC_GetSysClockFreq
                0x08005274      0x118 ./Drivers/STM32L4xx_HAL_Driver/Src/stm32l4xx_hal_rcc.o
                0x08005274                HAL_RCC_GetSysClockFreq
 .text.HAL_RCC_GetHCLKFreq
                0x0800538c       0x18 ./Drivers/STM32L4xx_HAL_Driver/Src/stm32l4xx_hal_rcc.o
                0x0800538c                HAL_RCC_GetHCLKFreq
 .text.HAL_RCC_GetPCLK1Freq
                0x080053a4       0x2c ./Drivers/STM32L4xx_HAL_Driver/Src/stm32l4xx_hal_rcc.o
                0x080053a4                HAL_RCC_GetPCLK1Freq
 .text.HAL_RCC_GetPCLK2Freq
                0x080053d0       0x2c ./Drivers/STM32L4xx_HAL_Driver/Src/stm32l4xx_hal_rcc.o
                0x080053d0                HAL_RCC_GetPCLK2Freq
 .text.RCC_SetFlashLatencyFromMSIRange
                0x080053fc       0xc0 ./Drivers/STM32L4xx_HAL_Driver/Src/stm32l4xx_hal_rcc.o
 .text.HAL_RCCEx_PeriphCLKConfig
                0x080054bc      0x5d4 ./Drivers/STM32L4xx_HAL_Driver/Src/stm32l4xx_hal_rcc_ex.o
                0x080054bc                HAL_RCCEx_PeriphCLKConfig
 .text.RCCEx_PLLSAI1_Config
                0x08005a90      0x1e8 ./Drivers/STM32L4xx_HAL_Driver/Src/stm32l4xx_hal_rcc_ex.o
 .text.RCCEx_PLLSAI2_Config
                0x08005c78      0x1bc ./Drivers/STM32L4xx_HAL_Driver/Src/stm32l4xx_hal_rcc_ex.o
 .text.HAL_SPI_Init
                0x08005e34      0x146 ./Drivers/STM32L4xx_HAL_Driver/Src/stm32l4xx_hal_spi.o
                0x08005e34                HAL_SPI_Init
 .text.HAL_SPI_DeInit
                0x08005f7a       0x50 ./Drivers/STM32L4xx_HAL_Driver/Src/stm32l4xx_hal_spi.o
                0x08005f7a                HAL_SPI_DeInit
 .text.HAL_SPI_Transmit
                0x08005fca      0x2ec ./Drivers/STM32L4xx_HAL_Driver/Src/stm32l4xx_hal_spi.o
                0x08005fca                HAL_SPI_Transmit
 .text.HAL_SPI_Receive
                0x080062b6      0x270 ./Drivers/STM32L4xx_HAL_Driver/Src/stm32l4xx_hal_spi.o
                0x080062b6                HAL_SPI_Receive
 .text.HAL_SPI_TransmitReceive
                0x08006526      0x43e ./Drivers/STM32L4xx_HAL_Driver/Src/stm32l4xx_hal_spi.o
                0x08006526                HAL_SPI_TransmitReceive
 .text.HAL_SPI_GetState
                0x08006964       0x1c ./Drivers/STM32L4xx_HAL_Driver/Src/stm32l4xx_hal_spi.o
                0x08006964                HAL_SPI_GetState
 .text.SPI_WaitFlagStateUntilTimeout
                0x08006980      0x110 ./Drivers/STM32L4xx_HAL_Driver/Src/stm32l4xx_hal_spi.o
 .text.SPI_WaitFifoStateUntilTimeout
                0x08006a90      0x12c ./Drivers/STM32L4xx_HAL_Driver/Src/stm32l4xx_hal_spi.o
 .text.SPI_EndRxTransaction
                0x08006bbc       0xb0 ./Drivers/STM32L4xx_HAL_Driver/Src/stm32l4xx_hal_spi.o
 .text.SPI_EndRxTxTransaction
                0x08006c6c       0x8c ./Drivers/STM32L4xx_HAL_Driver/Src/stm32l4xx_hal_spi.o
 .text.HAL_TIM_PWM_Init
                0x08006cf8       0xae ./Drivers/STM32L4xx_HAL_Driver/Src/stm32l4xx_hal_tim.o
                0x08006cf8                HAL_TIM_PWM_Init
 *fill*         0x08006da6        0x2 
 .text.HAL_TIM_PWM_Start
                0x08006da8      0x20c ./Drivers/STM32L4xx_HAL_Driver/Src/stm32l4xx_hal_tim.o
                0x08006da8                HAL_TIM_PWM_Start
 .text.HAL_TIM_Encoder_Init
                0x08006fb4      0x14c ./Drivers/STM32L4xx_HAL_Driver/Src/stm32l4xx_hal_tim.o
                0x08006fb4                HAL_TIM_Encoder_Init
 .text.HAL_TIM_Encoder_Start
                0x08007100      0x11c ./Drivers/STM32L4xx_HAL_Driver/Src/stm32l4xx_hal_tim.o
                0x08007100                HAL_TIM_Encoder_Start
 .text.HAL_TIM_PWM_ConfigChannel
                0x0800721c      0x228 ./Drivers/STM32L4xx_HAL_Driver/Src/stm32l4xx_hal_tim.o
                0x0800721c                HAL_TIM_PWM_ConfigChannel
 .text.TIM_Base_SetConfig
                0x08007444      0x140 ./Drivers/STM32L4xx_HAL_Driver/Src/stm32l4xx_hal_tim.o
                0x08007444                TIM_Base_SetConfig
 .text.TIM_OC1_SetConfig
                0x08007584      0x124 ./Drivers/STM32L4xx_HAL_Driver/Src/stm32l4xx_hal_tim.o
 .text.TIM_OC2_SetConfig
                0x080076a8      0x118 ./Drivers/STM32L4xx_HAL_Driver/Src/stm32l4xx_hal_tim.o
                0x080076a8                TIM_OC2_SetConfig
 .text.TIM_OC3_SetConfig
                0x080077c0      0x114 ./Drivers/STM32L4xx_HAL_Driver/Src/stm32l4xx_hal_tim.o
 .text.TIM_OC4_SetConfig
                0x080078d4       0xd4 ./Drivers/STM32L4xx_HAL_Driver/Src/stm32l4xx_hal_tim.o
 .text.TIM_OC5_SetConfig
                0x080079a8       0xc8 ./Drivers/STM32L4xx_HAL_Driver/Src/stm32l4xx_hal_tim.o
 .text.TIM_OC6_SetConfig
                0x08007a70       0xcc ./Drivers/STM32L4xx_HAL_Driver/Src/stm32l4xx_hal_tim.o
 .text.TIM_CCxChannelCmd
                0x08007b3c       0x4a ./Drivers/STM32L4xx_HAL_Driver/Src/stm32l4xx_hal_tim.o
                0x08007b3c                TIM_CCxChannelCmd
 *fill*         0x08007b86        0x2 
 .text.HAL_TIMEx_MasterConfigSynchronization
                0x08007b88      0x110 ./Drivers/STM32L4xx_HAL_Driver/Src/stm32l4xx_hal_tim_ex.o
                0x08007b88                HAL_TIMEx_MasterConfigSynchronization
 .text.HAL_TIMEx_ConfigBreakDeadTime
                0x08007c98       0xfc ./Drivers/STM32L4xx_HAL_Driver/Src/stm32l4xx_hal_tim_ex.o
                0x08007c98                HAL_TIMEx_ConfigBreakDeadTime
 .text.HAL_UART_Init
                0x08007d94       0x9c ./Drivers/STM32L4xx_HAL_Driver/Src/stm32l4xx_hal_uart.o
                0x08007d94                HAL_UART_Init
 .text.UART_SetConfig
                0x08007e30      0x570 ./Drivers/STM32L4xx_HAL_Driver/Src/stm32l4xx_hal_uart.o
                0x08007e30                UART_SetConfig
 .text.UART_AdvFeatureConfig
                0x080083a0      0x144 ./Drivers/STM32L4xx_HAL_Driver/Src/stm32l4xx_hal_uart.o
                0x080083a0                UART_AdvFeatureConfig
 .text.UART_CheckIdleState
                0x080084e4      0x150 ./Drivers/STM32L4xx_HAL_Driver/Src/stm32l4xx_hal_uart.o
                0x080084e4                UART_CheckIdleState
 .text.UART_WaitOnFlagUntilTimeout
                0x08008634       0xda ./Drivers/STM32L4xx_HAL_Driver/Src/stm32l4xx_hal_uart.o
                0x08008634                UART_WaitOnFlagUntilTimeout
 .text.UART_EndRxTransfer
                0x0800870e       0xc8 ./Drivers/STM32L4xx_HAL_Driver/Src/stm32l4xx_hal_uart.o
 *fill*         0x080087d6        0x2 
 .text.CUSTOM_MOTION_SENSOR_Init
                0x080087d8      0x110 ./X-CUBE-MEMS1/Target/custom_motion_sensors.o
                0x080087d8                CUSTOM_MOTION_SENSOR_Init
 .text.ISM330DHCX_0_Probe
                0x080088e8      0x194 ./X-CUBE-MEMS1/Target/custom_motion_sensors.o
 .text.CUSTOM_ISM330DHCX_0_Init
                0x08008a7c       0x24 ./X-CUBE-MEMS1/Target/custom_motion_sensors.o
 .text.CUSTOM_ISM330DHCX_0_DeInit
                0x08008aa0       0x24 ./X-CUBE-MEMS1/Target/custom_motion_sensors.o
 .text.CUSTOM_ISM330DHCX_0_WriteReg
                0x08008ac4       0x70 ./X-CUBE-MEMS1/Target/custom_motion_sensors.o
 .text.CUSTOM_ISM330DHCX_0_ReadReg
                0x08008b34       0x7a ./X-CUBE-MEMS1/Target/custom_motion_sensors.o
 .text.memset   0x08008bae       0x10 C:/ST/STM32CubeIDE_2.0.0/STM32CubeIDE/plugins/com.st.stm32cube.ide.mcu.externaltools.gnu-tools-for-stm32.13.3.rel1.win32_1.0.100.202509120712/tools/bin/../lib/gcc/arm-none-eabi/13.3.1/../../../../arm-none-eabi/lib/thumb/v7e-m+fp/hard\libc_nano.a(libc_a-memset.o)
                0x08008bae                memset
 *fill*         0x08008bbe        0x2 
 .text.__libc_init_array
                0x08008bc0       0x48 C:/ST/STM32CubeIDE_2.0.0/STM32CubeIDE/plugins/com.st.stm32cube.ide.mcu.externaltools.gnu-tools-for-stm32.13.3.rel1.win32_1.0.100.202509120712/tools/bin/../lib/gcc/arm-none-eabi/13.3.1/../../../../arm-none-eabi/lib/thumb/v7e-m+fp/hard\libc_nano.a(libc_a-init.o)
                0x08008bc0                __libc_init_array
 *(.glue_7)
 .glue_7        0x08008c08        0x0 linker stubs
 *(.glue_7t)
 .glue_7t       0x08008c08        0x0 linker stubs
 *(.eh_frame)
 .eh_frame      0x08008c08        0x0 C:/ST/STM32CubeIDE_2.0.0/STM32CubeIDE/plugins/com.st.stm32cube.ide.mcu.externaltools.gnu-tools-for-stm32.13.3.rel1.win32_1.0.100.202509120712/tools/bin/../lib/gcc/arm-none-eabi/13.3.1/thumb/v7e-m+fp/hard/crtbegin.o
 *(.init)
 .init          0x08008c08        0x4 C:/ST/STM32CubeIDE_2.0.0/STM32CubeIDE/plugins/com.st.stm32cube.ide.mcu.externaltools.gnu-tools-for-stm32.13.3.rel1.win32_1.0.100.202509120712/tools/bin/../lib/gcc/arm-none-eabi/13.3.1/thumb/v7e-m+fp/hard/crti.o
                0x08008c08                _init
 .init          0x08008c0c        0x8 C:/ST/STM32CubeIDE_2.0.0/STM32CubeIDE/plugins/com.st.stm32cube.ide.mcu.externaltools.gnu-tools-for-stm32.13.3.rel1.win32_1.0.100.202509120712/tools/bin/../lib/gcc/arm-none-eabi/13.3.1/thumb/v7e-m+fp/hard/crtn.o
 *(.fini)
 .fini          0x08008c14        0x4 C:/ST/STM32CubeIDE_2.0.0/STM32CubeIDE/plugins/com.st.stm32cube.ide.mcu.externaltools.gnu-tools-for-stm32.13.3.rel1.win32_1.0.100.202509120712/tools/bin/../lib/gcc/arm-none-eabi/13.3.1/thumb/v7e-m+fp/hard/crti.o
                0x08008c14                _fini
 .fini          0x08008c18        0x8 C:/ST/STM32CubeIDE_2.0.0/STM32CubeIDE/plugins/com.st.stm32cube.ide.mcu.externaltools.gnu-tools-for-stm32.13.3.rel1.win32_1.0.100.202509120712/tools/bin/../lib/gcc/arm-none-eabi/13.3.1/thumb/v7e-m+fp/hard/crtn.o
                0x08008c20                        . = ALIGN (0x4)
                0x08008c20                        _etext = .

.vfp11_veneer   0x08008c20        0x0
 .vfp11_veneer  0x08008c20        0x0 linker stubs

.v4_bx          0x08008c20        0x0
 .v4_bx         0x08008c20        0x0 linker stubs

.iplt           0x08008c20        0x0
 .iplt          0x08008c20        0x0 C:/ST/STM32CubeIDE_2.0.0/STM32CubeIDE/plugins/com.st.stm32cube.ide.mcu.externaltools.gnu-tools-for-stm32.13.3.rel1.win32_1.0.100.202509120712/tools/bin/../lib/gcc/arm-none-eabi/13.3.1/thumb/v7e-m+fp/hard/crtbegin.o

.rodata         0x08008c20      0x7c0
                0x08008c20                        . = ALIGN (0x4)
 *(.rodata)
 *(.rodata*)
 .rodata.Font7x10
                0x08008c20      0x76c ./Core/Src/ssd1306_fonts.o
 .rodata.Font_7x10
                0x0800938c        0xc ./Core/Src/ssd1306_fonts.o
                0x0800938c                Font_7x10
 .rodata.AHBPrescTable
                0x08009398       0x10 ./Core/Src/system_stm32l4xx.o
                0x08009398                AHBPrescTable
 .rodata.APBPrescTable
                0x080093a8        0x8 ./Core/Src/system_stm32l4xx.o
                0x080093a8                APBPrescTable
 .rodata.MSIRangeTable
                0x080093b0       0x30 ./Core/Src/system_stm32l4xx.o
                0x080093b0                MSIRangeTable
                0x080093e0                        . = ALIGN (0x4)

.ARM.extab      0x080093e0        0x0
                0x080093e0                        . = ALIGN (0x4)
 *(.ARM.extab* .gnu.linkonce.armextab.*)
                0x080093e0                        . = ALIGN (0x4)

.ARM            0x080093e0        0x8
                0x080093e0                        . = ALIGN (0x4)
                0x080093e0                        __exidx_start = .
 *(.ARM.exidx*)
 .ARM.exidx     0x080093e0        0x8 C:/ST/STM32CubeIDE_2.0.0/STM32CubeIDE/plugins/com.st.stm32cube.ide.mcu.externaltools.gnu-tools-for-stm32.13.3.rel1.win32_1.0.100.202509120712/tools/bin/../lib/gcc/arm-none-eabi/13.3.1/thumb/v7e-m+fp/hard\libgcc.a(_udivmoddi4.o)
                0x080093e8                        __exidx_end = .
                0x080093e8                        . = ALIGN (0x4)

.preinit_array  0x080093e8        0x0
                0x080093e8                        . = ALIGN (0x4)
                0x080093e8                        PROVIDE (__preinit_array_start = .)
 *(.preinit_array*)
                0x080093e8                        PROVIDE (__preinit_array_end = .)
                0x080093e8                        . = ALIGN (0x4)

.init_array     0x080093e8        0x4
                0x080093e8                        . = ALIGN (0x4)
                0x080093e8                        PROVIDE (__init_array_start = .)
 *(SORT_BY_NAME(.init_array.*))
 *(.init_array*)
 .init_array    0x080093e8        0x4 C:/ST/STM32CubeIDE_2.0.0/STM32CubeIDE/plugins/com.st.stm32cube.ide.mcu.externaltools.gnu-tools-for-stm32.13.3.rel1.win32_1.0.100.202509120712/tools/bin/../lib/gcc/arm-none-eabi/13.3.1/thumb/v7e-m+fp/hard/crtbegin.o
                0x080093ec                        PROVIDE (__init_array_end = .)
                0x080093ec                        . = ALIGN (0x4)

.fini_array     0x080093ec        0x4
                0x080093ec                        . = ALIGN (0x4)
                [!provide]                        PROVIDE (__fini_array_start = .)
 *(SORT_BY_NAME(.fini_array.*))
 *(.fini_array*)
 .fini_array    0x080093ec        0x4 C:/ST/STM32CubeIDE_2.0.0/STM32CubeIDE/plugins/com.st.stm32cube.ide.mcu.externaltools.gnu-tools-for-stm32.13.3.rel1.win32_1.0.100.202509120712/tools/bin/../lib/gcc/arm-none-eabi/13.3.1/thumb/v7e-m+fp/hard/crtbegin.o
                [!provide]                        PROVIDE (__fini_array_end = .)
                0x080093f0                        . = ALIGN (0x4)
                0x080093f0                        _sidata = LOADADDR (.data)

.rel.dyn        0x080093f0        0x0
 .rel.iplt      0x080093f0        0x0 C:/ST/STM32CubeIDE_2.0.0/STM32CubeIDE/plugins/com.st.stm32cube.ide.mcu.externaltools.gnu-tools-for-stm32.13.3.rel1.win32_1.0.100.202509120712/tools/bin/../lib/gcc/arm-none-eabi/13.3.1/thumb/v7e-m+fp/hard/crtbegin.o

.data           0x20000000       0x88 load address 0x080093f0
                0x20000000                        . = ALIGN (0x4)
                0x20000000                        _sdata = .
 *(.data)
 *(.data*)
 .data.salutations
                0x20000000        0x4 ./Core/Src/main.o
                0x20000000                salutations
 .data.SystemCoreClock
                0x20000004        0x4 ./Core/Src/system_stm32l4xx.o
                0x20000004                SystemCoreClock
 .data.ISM330DHCX_COMMON_Driver
                0x20000008       0x10 ./Drivers/BSP/Components/ism330dhcx/ism330dhcx.o
                0x20000008                ISM330DHCX_COMMON_Driver
 .data.ISM330DHCX_ACC_Driver
                0x20000018       0x24 ./Drivers/BSP/Components/ism330dhcx/ism330dhcx.o
                0x20000018                ISM330DHCX_ACC_Driver
 .data.ISM330DHCX_GYRO_Driver
                0x2000003c       0x24 ./Drivers/BSP/Components/ism330dhcx/ism330dhcx.o
                0x2000003c                ISM330DHCX_GYRO_Driver
 .data.uwTickPrio
                0x20000060        0x4 ./Drivers/STM32L4xx_HAL_Driver/Src/stm32l4xx_hal.o
                0x20000060                uwTickPrio
 .data.uwTickFreq
                0x20000064        0x1 ./Drivers/STM32L4xx_HAL_Driver/Src/stm32l4xx_hal.o
                0x20000064                uwTickFreq
 *fill*         0x20000065        0x3 
 .data.FunctionIndex
                0x20000068       0x20 ./X-CUBE-MEMS1/Target/custom_motion_sensors.o
 *(.RamFunc)
 *(.RamFunc*)
                0x20000088                        . = ALIGN (0x4)
                0x20000088                        _edata = .

.igot.plt       0x20000088        0x0 load address 0x08009478
 .igot.plt      0x20000088        0x0 C:/ST/STM32CubeIDE_2.0.0/STM32CubeIDE/plugins/com.st.stm32cube.ide.mcu.externaltools.gnu-tools-for-stm32.13.3.rel1.win32_1.0.100.202509120712/tools/bin/../lib/gcc/arm-none-eabi/13.3.1/thumb/v7e-m+fp/hard/crtbegin.o
                0x20000088                        . = ALIGN (0x4)

.bss            0x20000088      0x538 load address 0x08009478
                0x20000088                        _sbss = .
                0x20000088                        __bss_start__ = _sbss
 *(.bss)
 .bss           0x20000088       0x1c C:/ST/STM32CubeIDE_2.0.0/STM32CubeIDE/plugins/com.st.stm32cube.ide.mcu.externaltools.gnu-tools-for-stm32.13.3.rel1.win32_1.0.100.202509120712/tools/bin/../lib/gcc/arm-none-eabi/13.3.1/thumb/v7e-m+fp/hard/crtbegin.o
 *(.bss*)
 .bss.hcrc      0x200000a4       0x24 ./Core/Src/main.o
                0x200000a4                hcrc
 .bss.hspi2     0x200000c8       0x64 ./Core/Src/main.o
                0x200000c8                hspi2
 .bss.htim1     0x2000012c       0x4c ./Core/Src/main.o
                0x2000012c                htim1
 .bss.htim2     0x20000178       0x4c ./Core/Src/main.o
                0x20000178                htim2
 .bss.htim3     0x200001c4       0x4c ./Core/Src/main.o
                0x200001c4                htim3
 .bss.huart2    0x20000210       0x88 ./Core/Src/main.o
                0x20000210                huart2
 .bss.hdma_usart2_rx
                0x20000298       0x48 ./Core/Src/main.o
                0x20000298                hdma_usart2_rx
 .bss.ret       0x200002e0        0x1 ./Core/Src/main.o
                0x200002e0                ret
 *fill*         0x200002e1        0x3 
 .bss.buffer    0x200002e4       0x14 ./Core/Src/main.o
                0x200002e4                buffer
 .bss.SSD1306_Buffer
                0x200002f8      0x200 ./Core/Src/ssd1306.o
 .bss.SSD1306   0x200004f8        0x6 ./Core/Src/ssd1306.o
 *fill*         0x200004fe        0x2 
 .bss.hspi3     0x20000500       0x64 ./Core/Src/stm32l4xx_nucleo_bus.o
                0x20000500                hspi3
 .bss.SPI3InitCounter
                0x20000564        0x4 ./Core/Src/stm32l4xx_nucleo_bus.o
 .bss.uwTick    0x20000568        0x4 ./Drivers/STM32L4xx_HAL_Driver/Src/stm32l4xx_hal.o
                0x20000568                uwTick
 .bss.MotionCompObj
                0x2000056c        0x4 ./X-CUBE-MEMS1/Target/custom_motion_sensors.o
                0x2000056c                MotionCompObj
 .bss.MotionFuncDrv
                0x20000570        0xc ./X-CUBE-MEMS1/Target/custom_motion_sensors.o
 .bss.MotionDrv
                0x2000057c        0x4 ./X-CUBE-MEMS1/Target/custom_motion_sensors.o
 .bss.MotionCtx
                0x20000580        0x4 ./X-CUBE-MEMS1/Target/custom_motion_sensors.o
 .bss.ism330dhcx_obj_0.0
                0x20000584       0x3c ./X-CUBE-MEMS1/Target/custom_motion_sensors.o
 *(COMMON)
                0x200005c0                        . = ALIGN (0x4)
                0x200005c0                        _ebss = .
                0x200005c0                        __bss_end__ = _ebss

._user_heap_stack
                0x200005c0      0x600 load address 0x08009478
                0x200005c0                        . = ALIGN (0x8)
                [!provide]                        PROVIDE (end = .)
                0x200005c0                        PROVIDE (_end = .)
                0x200007c0                        . = (. + _Min_Heap_Size)
 *fill*         0x200005c0      0x200 
                0x20000bc0                        . = (. + _Min_Stack_Size)
 *fill*         0x200007c0      0x400 
                0x20000bc0                        . = ALIGN (0x8)

/DISCARD/
 libc.a(*)
 libm.a(*)
 libgcc.a(*)

.ARM.attributes
                0x00000000       0x30
 *(.ARM.attributes)
 .ARM.attributes
                0x00000000       0x22 C:/ST/STM32CubeIDE_2.0.0/STM32CubeIDE/plugins/com.st.stm32cube.ide.mcu.externaltools.gnu-tools-for-stm32.13.3.rel1.win32_1.0.100.202509120712/tools/bin/../lib/gcc/arm-none-eabi/13.3.1/thumb/v7e-m+fp/hard/crti.o
 .ARM.attributes
                0x00000022       0x34 C:/ST/STM32CubeIDE_2.0.0/STM32CubeIDE/plugins/com.st.stm32cube.ide.mcu.externaltools.gnu-tools-for-stm32.13.3.rel1.win32_1.0.100.202509120712/tools/bin/../lib/gcc/arm-none-eabi/13.3.1/thumb/v7e-m+fp/hard/crtbegin.o
 .ARM.attributes
                0x00000056       0x34 ./Core/Src/itoa.o
 .ARM.attributes
                0x0000008a       0x34 ./Core/Src/main.o
 .ARM.attributes
                0x000000be       0x34 ./Core/Src/motors.o
 .ARM.attributes
                0x000000f2       0x34 ./Core/Src/ssd1306.o
 .ARM.attributes
                0x00000126       0x34 ./Core/Src/ssd1306_fonts.o
 .ARM.attributes
                0x0000015a       0x34 ./Core/Src/stm32l4xx_hal_msp.o
 .ARM.attributes
                0x0000018e       0x34 ./Core/Src/stm32l4xx_it.o
 .ARM.attributes
                0x000001c2       0x34 ./Core/Src/stm32l4xx_nucleo_bus.o
 .ARM.attributes
                0x000001f6       0x34 ./Core/Src/system_stm32l4xx.o
 .ARM.attributes
                0x0000022a       0x34 ./Core/Src/systick.o
 .ARM.attributes
                0x0000025e       0x21 ./Core/Startup/startup_stm32l476rgtx.o
 .ARM.attributes
                0x0000027f       0x34 ./Drivers/BSP/Components/ism330dhcx/ism330dhcx.o
 .ARM.attributes
                0x000002b3       0x34 ./Drivers/BSP/Components/ism330dhcx/ism330dhcx_reg.o
 .ARM.attributes
                0x000002e7       0x34 ./Drivers/STM32L4xx_HAL_Driver/Src/stm32l4xx_hal.o
 .ARM.attributes
                0x0000031b       0x34 ./Drivers/STM32L4xx_HAL_Driver/Src/stm32l4xx_hal_cortex.o
 .ARM.attributes
                0x0000034f       0x34 ./Drivers/STM32L4xx_HAL_Driver/Src/stm32l4xx_hal_crc.o
 .ARM.attributes
                0x00000383       0x34 ./Drivers/STM32L4xx_HAL_Driver/Src/stm32l4xx_hal_crc_ex.o
 .ARM.attributes
                0x000003b7       0x34 ./Drivers/STM32L4xx_HAL_Driver/Src/stm32l4xx_hal_dma.o
 .ARM.attributes
                0x000003eb       0x34 ./Drivers/STM32L4xx_HAL_Driver/Src/stm32l4xx_hal_gpio.o
 .ARM.attributes
                0x0000041f       0x34 ./Drivers/STM32L4xx_HAL_Driver/Src/stm32l4xx_hal_pwr_ex.o
 .ARM.attributes
                0x00000453       0x34 ./Drivers/STM32L4xx_HAL_Driver/Src/stm32l4xx_hal_rcc.o
 .ARM.attributes
                0x00000487       0x34 ./Drivers/STM32L4xx_HAL_Driver/Src/stm32l4xx_hal_rcc_ex.o
 .ARM.attributes
                0x000004bb       0x34 ./Drivers/STM32L4xx_HAL_Driver/Src/stm32l4xx_hal_spi.o
 .ARM.attributes
                0x000004ef       0x34 ./Drivers/STM32L4xx_HAL_Driver/Src/stm32l4xx_hal_tim.o
 .ARM.attributes
                0x00000523       0x34 ./Drivers/STM32L4xx_HAL_Driver/Src/stm32l4xx_hal_tim_ex.o
 .ARM.attributes
                0x00000557       0x34 ./Drivers/STM32L4xx_HAL_Driver/Src/stm32l4xx_hal_uart.o
 .ARM.attributes
                0x0000058b       0x34 ./X-CUBE-MEMS1/Target/custom_motion_sensors.o
 .ARM.attributes
                0x000005bf       0x34 C:/ST/STM32CubeIDE_2.0.0/STM32CubeIDE/plugins/com.st.stm32cube.ide.mcu.externaltools.gnu-tools-for-stm32.13.3.rel1.win32_1.0.100.202509120712/tools/bin/../lib/gcc/arm-none-eabi/13.3.1/../../../../arm-none-eabi/lib/thumb/v7e-m+fp/hard\libc_nano.a(libc_a-memset.o)
 .ARM.attributes
                0x000005f3       0x34 C:/ST/STM32CubeIDE_2.0.0/STM32CubeIDE/plugins/com.st.stm32cube.ide.mcu.externaltools.gnu-tools-for-stm32.13.3.rel1.win32_1.0.100.202509120712/tools/bin/../lib/gcc/arm-none-eabi/13.3.1/../../../../arm-none-eabi/lib/thumb/v7e-m+fp/hard\libc_nano.a(libc_a-init.o)
 .ARM.attributes
                0x00000627       0x22 C:/ST/STM32CubeIDE_2.0.0/STM32CubeIDE/plugins/com.st.stm32cube.ide.mcu.externaltools.gnu-tools-for-stm32.13.3.rel1.win32_1.0.100.202509120712/tools/bin/../lib/gcc/arm-none-eabi/13.3.1/thumb/v7e-m+fp/hard\libgcc.a(_aeabi_uldivmod.o)
 .ARM.attributes
                0x00000649       0x34 C:/ST/STM32CubeIDE_2.0.0/STM32CubeIDE/plugins/com.st.stm32cube.ide.mcu.externaltools.gnu-tools-for-stm32.13.3.rel1.win32_1.0.100.202509120712/tools/bin/../lib/gcc/arm-none-eabi/13.3.1/thumb/v7e-m+fp/hard\libgcc.a(_udivmoddi4.o)
 .ARM.attributes
                0x0000067d       0x22 C:/ST/STM32CubeIDE_2.0.0/STM32CubeIDE/plugins/com.st.stm32cube.ide.mcu.externaltools.gnu-tools-for-stm32.13.3.rel1.win32_1.0.100.202509120712/tools/bin/../lib/gcc/arm-none-eabi/13.3.1/thumb/v7e-m+fp/hard\libgcc.a(_dvmd_tls.o)
 .ARM.attributes
                0x0000069f       0x22 C:/ST/STM32CubeIDE_2.0.0/STM32CubeIDE/plugins/com.st.stm32cube.ide.mcu.externaltools.gnu-tools-for-stm32.13.3.rel1.win32_1.0.100.202509120712/tools/bin/../lib/gcc/arm-none-eabi/13.3.1/thumb/v7e-m+fp/hard/crtn.o
OUTPUT(mm26_REAL.elf elf32-littlearm)
LOAD linker stubs
LOAD C:/ST/STM32CubeIDE_2.0.0/STM32CubeIDE/plugins/com.st.stm32cube.ide.mcu.externaltools.gnu-tools-for-stm32.13.3.rel1.win32_1.0.100.202509120712/tools/bin/../lib/gcc/arm-none-eabi/13.3.1/../../../../arm-none-eabi/lib/thumb/v7e-m+fp/hard\libc.a
LOAD C:/ST/STM32CubeIDE_2.0.0/STM32CubeIDE/plugins/com.st.stm32cube.ide.mcu.externaltools.gnu-tools-for-stm32.13.3.rel1.win32_1.0.100.202509120712/tools/bin/../lib/gcc/arm-none-eabi/13.3.1/../../../../arm-none-eabi/lib/thumb/v7e-m+fp/hard\libm.a
LOAD C:/ST/STM32CubeIDE_2.0.0/STM32CubeIDE/plugins/com.st.stm32cube.ide.mcu.externaltools.gnu-tools-for-stm32.13.3.rel1.win32_1.0.100.202509120712/tools/bin/../lib/gcc/arm-none-eabi/13.3.1/thumb/v7e-m+fp/hard\libgcc.a

.debug_info     0x00000000    0x23ce1
 .debug_info    0x00000000      0x236 ./Core/Src/itoa.o
 .debug_info    0x00000236     0x1e84 ./Core/Src/main.o
 .debug_info    0x000020ba      0x2f5 ./Core/Src/motors.o
 .debug_info    0x000023af     0x133e ./Core/Src/ssd1306.o
 .debug_info    0x000036ed      0x2d1 ./Core/Src/ssd1306_fonts.o
 .debug_info    0x000039be     0x1765 ./Core/Src/stm32l4xx_hal_msp.o
 .debug_info    0x00005123      0x3b6 ./Core/Src/stm32l4xx_it.o
 .debug_info    0x000054d9      0xbf0 ./Core/Src/stm32l4xx_nucleo_bus.o
 .debug_info    0x000060c9      0x5e2 ./Core/Src/system_stm32l4xx.o
 .debug_info    0x000066ab      0x19d ./Core/Src/systick.o
 .debug_info    0x00006848       0x30 ./Core/Startup/startup_stm32l476rgtx.o
 .debug_info    0x00006878     0x3658 ./Drivers/BSP/Components/ism330dhcx/ism330dhcx.o
 .debug_info    0x00009ed0     0xa29b ./Drivers/BSP/Components/ism330dhcx/ism330dhcx_reg.o
 .debug_info    0x0001416b      0xc4d ./Drivers/STM32L4xx_HAL_Driver/Src/stm32l4xx_hal.o
 .debug_info    0x00014db8      0xdad ./Drivers/STM32L4xx_HAL_Driver/Src/stm32l4xx_hal_cortex.o
 .debug_info    0x00015b65      0x55c ./Drivers/STM32L4xx_HAL_Driver/Src/stm32l4xx_hal_crc.o
 .debug_info    0x000160c1      0x387 ./Drivers/STM32L4xx_HAL_Driver/Src/stm32l4xx_hal_crc_ex.o
 .debug_info    0x00016448      0x71a ./Drivers/STM32L4xx_HAL_Driver/Src/stm32l4xx_hal_dma.o
 .debug_info    0x00016b62      0x79f ./Drivers/STM32L4xx_HAL_Driver/Src/stm32l4xx_hal_gpio.o
 .debug_info    0x00017301      0x9ca ./Drivers/STM32L4xx_HAL_Driver/Src/stm32l4xx_hal_pwr_ex.o
 .debug_info    0x00017ccb      0xc45 ./Drivers/STM32L4xx_HAL_Driver/Src/stm32l4xx_hal_rcc.o
 .debug_info    0x00018910      0xe58 ./Drivers/STM32L4xx_HAL_Driver/Src/stm32l4xx_hal_rcc_ex.o
 .debug_info    0x00019768     0x1572 ./Drivers/STM32L4xx_HAL_Driver/Src/stm32l4xx_hal_spi.o
 .debug_info    0x0001acda     0x2ade ./Drivers/STM32L4xx_HAL_Driver/Src/stm32l4xx_hal_tim.o
 .debug_info    0x0001d7b8     0x16e0 ./Drivers/STM32L4xx_HAL_Driver/Src/stm32l4xx_hal_tim_ex.o
 .debug_info    0x0001ee98     0x3b8e ./Drivers/STM32L4xx_HAL_Driver/Src/stm32l4xx_hal_uart.o
 .debug_info    0x00022a26     0x12bb ./X-CUBE-MEMS1/Target/custom_motion_sensors.o

.debug_abbrev   0x00000000     0x38bc
 .debug_abbrev  0x00000000       0xd3 ./Core/Src/itoa.o
 .debug_abbrev  0x000000d3      0x319 ./Core/Src/main.o
 .debug_abbrev  0x000003ec      0x12b ./Core/Src/motors.o
 .debug_abbrev  0x00000517      0x347 ./Core/Src/ssd1306.o
 .debug_abbrev  0x0000085e       0xcd ./Core/Src/ssd1306_fonts.o
 .debug_abbrev  0x0000092b      0x275 ./Core/Src/stm32l4xx_hal_msp.o
 .debug_abbrev  0x00000ba0      0x1ab ./Core/Src/stm32l4xx_it.o
 .debug_abbrev  0x00000d4b      0x299 ./Core/Src/stm32l4xx_nucleo_bus.o
 .debug_abbrev  0x00000fe4      0x117 ./Core/Src/system_stm32l4xx.o
 .debug_abbrev  0x000010fb       0xd3 ./Core/Src/systick.o
 .debug_abbrev  0x000011ce       0x24 ./Core/Startup/startup_stm32l476rgtx.o
 .debug_abbrev  0x000011f2      0x306 ./Drivers/BSP/Components/ism330dhcx/ism330dhcx.o
 .debug_abbrev  0x000014f8      0x253 ./Drivers/BSP/Components/ism330dhcx/ism330dhcx_reg.o
 .debug_abbrev  0x0000174b      0x243 ./Drivers/STM32L4xx_HAL_Driver/Src/stm32l4xx_hal.o
 .debug_abbrev  0x0000198e      0x31c ./Drivers/STM32L4xx_HAL_Driver/Src/stm32l4xx_hal_cortex.o
 .debug_abbrev  0x00001caa      0x211 ./Drivers/STM32L4xx_HAL_Driver/Src/stm32l4xx_hal_crc.o
 .debug_abbrev  0x00001ebb      0x16a ./Drivers/STM32L4xx_HAL_Driver/Src/stm32l4xx_hal_crc_ex.o
 .debug_abbrev  0x00002025      0x1fd ./Drivers/STM32L4xx_HAL_Driver/Src/stm32l4xx_hal_dma.o
 .debug_abbrev  0x00002222      0x1d1 ./Drivers/STM32L4xx_HAL_Driver/Src/stm32l4xx_hal_gpio.o
 .debug_abbrev  0x000023f3      0x1f9 ./Drivers/STM32L4xx_HAL_Driver/Src/stm32l4xx_hal_pwr_ex.o
 .debug_abbrev  0x000025ec      0x2dc ./Drivers/STM32L4xx_HAL_Driver/Src/stm32l4xx_hal_rcc.o
 .debug_abbrev  0x000028c8      0x2a5 ./Drivers/STM32L4xx_HAL_Driver/Src/stm32l4xx_hal_rcc_ex.o
 .debug_abbrev  0x00002b6d      0x282 ./Drivers/STM32L4xx_HAL_Driver/Src/stm32l4xx_hal_spi.o
 .debug_abbrev  0x00002def      0x289 ./Drivers/STM32L4xx_HAL_Driver/Src/stm32l4xx_hal_tim.o
 .debug_abbrev  0x00003078      0x284 ./Drivers/STM32L4xx_HAL_Driver/Src/stm32l4xx_hal_tim_ex.o
 .debug_abbrev  0x000032fc      0x2f3 ./Drivers/STM32L4xx_HAL_Driver/Src/stm32l4xx_hal_uart.o
 .debug_abbrev  0x000035ef      0x2cd ./X-CUBE-MEMS1/Target/custom_motion_sensors.o

.debug_aranges  0x00000000     0x2178
 .debug_aranges
                0x00000000       0x38 ./Core/Src/itoa.o
 .debug_aranges
                0x00000038       0x70 ./Core/Src/main.o
 .debug_aranges
                0x000000a8       0x28 ./Core/Src/motors.o
 .debug_aranges
                0x000000d0       0xe8 ./Core/Src/ssd1306.o
 .debug_aranges
                0x000001b8       0x18 ./Core/Src/ssd1306_fonts.o
 .debug_aranges
                0x000001d0       0x78 ./Core/Src/stm32l4xx_hal_msp.o
 .debug_aranges
                0x00000248       0x68 ./Core/Src/stm32l4xx_it.o
 .debug_aranges
                0x000002b0       0x60 ./Core/Src/stm32l4xx_nucleo_bus.o
 .debug_aranges
                0x00000310       0x28 ./Core/Src/system_stm32l4xx.o
 .debug_aranges
                0x00000338       0x20 ./Core/Src/systick.o
 .debug_aranges
                0x00000358       0x28 ./Core/Startup/startup_stm32l476rgtx.o
 .debug_aranges
                0x00000380      0x338 ./Drivers/BSP/Components/ism330dhcx/ism330dhcx.o
 .debug_aranges
                0x000006b8      0xa48 ./Drivers/BSP/Components/ism330dhcx/ism330dhcx_reg.o
 .debug_aranges
                0x00001100      0x130 ./Drivers/STM32L4xx_HAL_Driver/Src/stm32l4xx_hal.o
 .debug_aranges
                0x00001230      0x128 ./Drivers/STM32L4xx_HAL_Driver/Src/stm32l4xx_hal_cortex.o
 .debug_aranges
                0x00001358       0x60 ./Drivers/STM32L4xx_HAL_Driver/Src/stm32l4xx_hal_crc.o
 .debug_aranges
                0x000013b8       0x30 ./Drivers/STM32L4xx_HAL_Driver/Src/stm32l4xx_hal_crc_ex.o
 .debug_aranges
                0x000013e8       0x80 ./Drivers/STM32L4xx_HAL_Driver/Src/stm32l4xx_hal_dma.o
 .debug_aranges
                0x00001468       0x58 ./Drivers/STM32L4xx_HAL_Driver/Src/stm32l4xx_hal_gpio.o
 .debug_aranges
                0x000014c0      0x160 ./Drivers/STM32L4xx_HAL_Driver/Src/stm32l4xx_hal_pwr_ex.o
 .debug_aranges
                0x00001620       0x90 ./Drivers/STM32L4xx_HAL_Driver/Src/stm32l4xx_hal_rcc.o
 .debug_aranges
                0x000016b0       0xc0 ./Drivers/STM32L4xx_HAL_Driver/Src/stm32l4xx_hal_rcc_ex.o
 .debug_aranges
                0x00001770      0x1d8 ./Drivers/STM32L4xx_HAL_Driver/Src/stm32l4xx_hal_spi.o
 .debug_aranges
                0x00001948      0x3e0 ./Drivers/STM32L4xx_HAL_Driver/Src/stm32l4xx_hal_tim.o
 .debug_aranges
                0x00001d28      0x180 ./Drivers/STM32L4xx_HAL_Driver/Src/stm32l4xx_hal_tim_ex.o
 .debug_aranges
                0x00001ea8      0x228 ./Drivers/STM32L4xx_HAL_Driver/Src/stm32l4xx_hal_uart.o
 .debug_aranges
                0x000020d0       0xa8 ./X-CUBE-MEMS1/Target/custom_motion_sensors.o

.debug_rnglists
                0x00000000     0x19ec
 .debug_rnglists
                0x00000000       0x27 ./Core/Src/itoa.o
 .debug_rnglists
                0x00000027       0x55 ./Core/Src/main.o
 .debug_rnglists
                0x0000007c       0x19 ./Core/Src/motors.o
 .debug_rnglists
                0x00000095       0xb4 ./Core/Src/ssd1306.o
 .debug_rnglists
                0x00000149       0x58 ./Core/Src/stm32l4xx_hal_msp.o
 .debug_rnglists
                0x000001a1       0x49 ./Core/Src/stm32l4xx_it.o
 .debug_rnglists
                0x000001ea       0x45 ./Core/Src/stm32l4xx_nucleo_bus.o
 .debug_rnglists
                0x0000022f       0x1a ./Core/Src/system_stm32l4xx.o
 .debug_rnglists
                0x00000249       0x13 ./Core/Src/systick.o
 .debug_rnglists
                0x0000025c       0x19 ./Core/Startup/startup_stm32l476rgtx.o
 .debug_rnglists
                0x00000275      0x285 ./Drivers/BSP/Components/ism330dhcx/ism330dhcx.o
 .debug_rnglists
                0x000004fa      0x7e8 ./Drivers/BSP/Components/ism330dhcx/ism330dhcx_reg.o
 .debug_rnglists
                0x00000ce2       0xdf ./Drivers/STM32L4xx_HAL_Driver/Src/stm32l4xx_hal.o
 .debug_rnglists
                0x00000dc1       0xda ./Drivers/STM32L4xx_HAL_Driver/Src/stm32l4xx_hal_cortex.o
 .debug_rnglists
                0x00000e9b       0x47 ./Drivers/STM32L4xx_HAL_Driver/Src/stm32l4xx_hal_crc.o
 .debug_rnglists
                0x00000ee2       0x20 ./Drivers/STM32L4xx_HAL_Driver/Src/stm32l4xx_hal_crc_ex.o
 .debug_rnglists
                0x00000f02       0x65 ./Drivers/STM32L4xx_HAL_Driver/Src/stm32l4xx_hal_dma.o
 .debug_rnglists
                0x00000f67       0x3f ./Drivers/STM32L4xx_HAL_Driver/Src/stm32l4xx_hal_gpio.o
 .debug_rnglists
                0x00000fa6      0x109 ./Drivers/STM32L4xx_HAL_Driver/Src/stm32l4xx_hal_pwr_ex.o
 .debug_rnglists
                0x000010af       0x6d ./Drivers/STM32L4xx_HAL_Driver/Src/stm32l4xx_hal_rcc.o
 .debug_rnglists
                0x0000111c       0x95 ./Drivers/STM32L4xx_HAL_Driver/Src/stm32l4xx_hal_rcc_ex.o
 .debug_rnglists
                0x000011b1      0x178 ./Drivers/STM32L4xx_HAL_Driver/Src/stm32l4xx_hal_spi.o
 .debug_rnglists
                0x00001329      0x32c ./Drivers/STM32L4xx_HAL_Driver/Src/stm32l4xx_hal_tim.o
 .debug_rnglists
                0x00001655      0x139 ./Drivers/STM32L4xx_HAL_Driver/Src/stm32l4xx_hal_tim_ex.o
 .debug_rnglists
                0x0000178e      0x1da ./Drivers/STM32L4xx_HAL_Driver/Src/stm32l4xx_hal_uart.o
 .debug_rnglists
                0x00001968       0x84 ./X-CUBE-MEMS1/Target/custom_motion_sensors.o

.debug_macro    0x00000000    0x29dea
 .debug_macro   0x00000000      0x10f ./Core/Src/itoa.o
 .debug_macro   0x0000010f      0xad8 ./Core/Src/itoa.o
 .debug_macro   0x00000be7       0x22 ./Core/Src/itoa.o
 .debug_macro   0x00000c09       0x5b ./Core/Src/itoa.o
 .debug_macro   0x00000c64       0x2a ./Core/Src/itoa.o
 .debug_macro   0x00000c8e       0x94 ./Core/Src/itoa.o
 .debug_macro   0x00000d22       0x43 ./Core/Src/itoa.o
 .debug_macro   0x00000d65       0x34 ./Core/Src/itoa.o
 .debug_macro   0x00000d99      0x190 ./Core/Src/itoa.o
 .debug_macro   0x00000f29       0x57 ./Core/Src/itoa.o
 .debug_macro   0x00000f80      0x370 ./Core/Src/itoa.o
 .debug_macro   0x000012f0       0x16 ./Core/Src/itoa.o
 .debug_macro   0x00001306       0x4a ./Core/Src/itoa.o
 .debug_macro   0x00001350       0x34 ./Core/Src/itoa.o
 .debug_macro   0x00001384       0x10 ./Core/Src/itoa.o
 .debug_macro   0x00001394       0x58 ./Core/Src/itoa.o
 .debug_macro   0x000013ec       0x8e ./Core/Src/itoa.o
 .debug_macro   0x0000147a       0x1c ./Core/Src/itoa.o
 .debug_macro   0x00001496      0x185 ./Core/Src/itoa.o
 .debug_macro   0x0000161b       0x10 ./Core/Src/itoa.o
 .debug_macro   0x0000162b       0x3c ./Core/Src/itoa.o
 .debug_macro   0x00001667       0x20 ./Core/Src/itoa.o
 .debug_macro   0x00001687      0x38d ./Core/Src/main.o
 .debug_macro   0x00001a14      0x1b3 ./Core/Src/main.o
 .debug_macro   0x00001bc7       0x2e ./Core/Src/main.o
 .debug_macro   0x00001bf5       0x28 ./Core/Src/main.o
 .debug_macro   0x00001c1d       0x8e ./Core/Src/main.o
 .debug_macro   0x00001cab       0x51 ./Core/Src/main.o
 .debug_macro   0x00001cfc      0x103 ./Core/Src/main.o
 .debug_macro   0x00001dff       0x6a ./Core/Src/main.o
 .debug_macro   0x00001e69      0x1df ./Core/Src/main.o
 .debug_macro   0x00002048       0x1c ./Core/Src/main.o
 .debug_macro   0x00002064       0x22 ./Core/Src/main.o
 .debug_macro   0x00002086       0xfb ./Core/Src/main.o
 .debug_macro   0x00002181     0x1011 ./Core/Src/main.o
 .debug_macro   0x00003192      0x11f ./Core/Src/main.o
 .debug_macro   0x000032b1    0x1a192 ./Core/Src/main.o
 .debug_macro   0x0001d443       0x6d ./Core/Src/main.o
 .debug_macro   0x0001d4b0     0x38fb ./Core/Src/main.o
 .debug_macro   0x00020dab       0x5c ./Core/Src/main.o
 .debug_macro   0x00020e07     0x159e ./Core/Src/main.o
 .debug_macro   0x000223a5      0x5a5 ./Core/Src/main.o
 .debug_macro   0x0002294a      0x1b9 ./Core/Src/main.o
 .debug_macro   0x00022b03      0x18b ./Core/Src/main.o
 .debug_macro   0x00022c8e      0x2c4 ./Core/Src/main.o
 .debug_macro   0x00022f52      0x27a ./Core/Src/main.o
 .debug_macro   0x000231cc      0x23d ./Core/Src/main.o
 .debug_macro   0x00023409       0xc7 ./Core/Src/main.o
 .debug_macro   0x000234d0       0x4c ./Core/Src/main.o
 .debug_macro   0x0002351c      0x241 ./Core/Src/main.o
 .debug_macro   0x0002375d      0x37c ./Core/Src/main.o
 .debug_macro   0x00023ad9       0xd6 ./Core/Src/main.o
 .debug_macro   0x00023baf      0x122 ./Core/Src/main.o
 .debug_macro   0x00023cd1      0x3ef ./Core/Src/main.o
 .debug_macro   0x000240c0      0x2fe ./Core/Src/main.o
 .debug_macro   0x000243be      0xa98 ./Core/Src/main.o
 .debug_macro   0x00024e56      0x1e6 ./Core/Src/main.o
 .debug_macro   0x0002503c      0x5cf ./Core/Src/main.o
 .debug_macro   0x0002560b       0x44 ./Core/Src/main.o
 .debug_macro   0x0002564f      0x330 ./Core/Src/main.o
 .debug_macro   0x0002597f      0x160 ./Core/Src/main.o
 .debug_macro   0x00025adf       0x2e ./Core/Src/main.o
 .debug_macro   0x00025b0d       0x82 ./Core/Src/main.o
 .debug_macro   0x00025b8f       0x70 ./Core/Src/main.o
 .debug_macro   0x00025bff       0x2e ./Core/Src/main.o
 .debug_macro   0x00025c2d       0x61 ./Core/Src/main.o
 .debug_macro   0x00025c8e      0x19b ./Core/Src/main.o
 .debug_macro   0x00025e29      0x5a7 ./Core/Src/main.o
 .debug_macro   0x000263d0       0x16 ./Core/Src/main.o
 .debug_macro   0x000263e6       0x6d ./Core/Src/main.o
 .debug_macro   0x00026453       0x28 ./Core/Src/main.o
 .debug_macro   0x0002647b       0x70 ./Core/Src/main.o
 .debug_macro   0x000264eb       0x22 ./Core/Src/main.o
 .debug_macro   0x0002650d      0x235 ./Core/Src/motors.o
 .debug_macro   0x00026742      0x323 ./Core/Src/ssd1306.o
 .debug_macro   0x00026a65       0x28 ./Core/Src/ssd1306.o
 .debug_macro   0x00026a8d       0x16 ./Core/Src/ssd1306.o
 .debug_macro   0x00026aa3       0x16 ./Core/Src/ssd1306.o
 .debug_macro   0x00026ab9       0x29 ./Core/Src/ssd1306.o
 .debug_macro   0x00026ae2      0x24e ./Core/Src/ssd1306_fonts.o
 .debug_macro   0x00026d30      0x207 ./Core/Src/stm32l4xx_hal_msp.o
 .debug_macro   0x00026f37      0x21b ./Core/Src/stm32l4xx_it.o
 .debug_macro   0x00027152      0x21f ./Core/Src/stm32l4xx_nucleo_bus.o
 .debug_macro   0x00027371       0x28 ./Core/Src/stm32l4xx_nucleo_bus.o
 .debug_macro   0x00027399      0x1f8 ./Core/Src/system_stm32l4xx.o
 .debug_macro   0x00027591      0x221 ./Core/Src/systick.o
 .debug_macro   0x000277b2      0x165 ./Drivers/BSP/Components/ism330dhcx/ism330dhcx.o
 .debug_macro   0x00027917      0x5ae ./Drivers/BSP/Components/ism330dhcx/ism330dhcx.o
 .debug_macro   0x00027ec5      0x126 ./Drivers/BSP/Components/ism330dhcx/ism330dhcx_reg.o
 .debug_macro   0x00027feb      0x246 ./Drivers/STM32L4xx_HAL_Driver/Src/stm32l4xx_hal.o
 .debug_macro   0x00028231      0x1f8 ./Drivers/STM32L4xx_HAL_Driver/Src/stm32l4xx_hal_cortex.o
 .debug_macro   0x00028429      0x1f8 ./Drivers/STM32L4xx_HAL_Driver/Src/stm32l4xx_hal_crc.o
 .debug_macro   0x00028621      0x1f8 ./Drivers/STM32L4xx_HAL_Driver/Src/stm32l4xx_hal_crc_ex.o
 .debug_macro   0x00028819      0x1f8 ./Drivers/STM32L4xx_HAL_Driver/Src/stm32l4xx_hal_dma.o
 .debug_macro   0x00028a11      0x1ff ./Drivers/STM32L4xx_HAL_Driver/Src/stm32l4xx_hal_gpio.o
 .debug_macro   0x00028c10      0x21c ./Drivers/STM32L4xx_HAL_Driver/Src/stm32l4xx_hal_pwr_ex.o
 .debug_macro   0x00028e2c      0x23a ./Drivers/STM32L4xx_HAL_Driver/Src/stm32l4xx_hal_rcc.o
 .debug_macro   0x00029066      0x22e ./Drivers/STM32L4xx_HAL_Driver/Src/stm32l4xx_hal_rcc_ex.o
 .debug_macro   0x00029294      0x200 ./Drivers/STM32L4xx_HAL_Driver/Src/stm32l4xx_hal_spi.o
 .debug_macro   0x00029494      0x1f9 ./Drivers/STM32L4xx_HAL_Driver/Src/stm32l4xx_hal_tim.o
 .debug_macro   0x0002968d      0x1f8 ./Drivers/STM32L4xx_HAL_Driver/Src/stm32l4xx_hal_tim_ex.o
 .debug_macro   0x00029885      0x223 ./Drivers/STM32L4xx_HAL_Driver/Src/stm32l4xx_hal_uart.o
 .debug_macro   0x00029aa8      0x342 ./X-CUBE-MEMS1/Target/custom_motion_sensors.o

.debug_line     0x00000000    0x20b4e
 .debug_line    0x00000000      0x6a1 ./Core/Src/itoa.o
 .debug_line    0x000006a1      0xe39 ./Core/Src/main.o
 .debug_line    0x000014da      0x802 ./Core/Src/motors.o
 .debug_line    0x00001cdc     0x1264 ./Core/Src/ssd1306.o
 .debug_line    0x00002f40      0x8ee ./Core/Src/ssd1306_fonts.o
 .debug_line    0x0000382e      0x9ce ./Core/Src/stm32l4xx_hal_msp.o
 .debug_line    0x000041fc      0x898 ./Core/Src/stm32l4xx_it.o
 .debug_line    0x00004a94      0x9bb ./Core/Src/stm32l4xx_nucleo_bus.o
 .debug_line    0x0000544f      0x861 ./Core/Src/system_stm32l4xx.o
 .debug_line    0x00005cb0      0x7f0 ./Core/Src/systick.o
 .debug_line    0x000064a0       0x7a ./Core/Startup/startup_stm32l476rgtx.o
 .debug_line    0x0000651a     0x25b6 ./Drivers/BSP/Components/ism330dhcx/ism330dhcx.o
 .debug_line    0x00008ad0     0x4ca6 ./Drivers/BSP/Components/ism330dhcx/ism330dhcx_reg.o
 .debug_line    0x0000d776      0xbca ./Drivers/STM32L4xx_HAL_Driver/Src/stm32l4xx_hal.o
 .debug_line    0x0000e340      0xd64 ./Drivers/STM32L4xx_HAL_Driver/Src/stm32l4xx_hal_cortex.o
 .debug_line    0x0000f0a4      0xa84 ./Drivers/STM32L4xx_HAL_Driver/Src/stm32l4xx_hal_crc.o
 .debug_line    0x0000fb28      0x880 ./Drivers/STM32L4xx_HAL_Driver/Src/stm32l4xx_hal_crc_ex.o
 .debug_line    0x000103a8      0xd7e ./Drivers/STM32L4xx_HAL_Driver/Src/stm32l4xx_hal_dma.o
 .debug_line    0x00011126      0xc1d ./Drivers/STM32L4xx_HAL_Driver/Src/stm32l4xx_hal_gpio.o
 .debug_line    0x00011d43      0xdab ./Drivers/STM32L4xx_HAL_Driver/Src/stm32l4xx_hal_pwr_ex.o
 .debug_line    0x00012aee     0x111e ./Drivers/STM32L4xx_HAL_Driver/Src/stm32l4xx_hal_rcc.o
 .debug_line    0x00013c0c     0x15ec ./Drivers/STM32L4xx_HAL_Driver/Src/stm32l4xx_hal_rcc_ex.o
 .debug_line    0x000151f8     0x20a9 ./Drivers/STM32L4xx_HAL_Driver/Src/stm32l4xx_hal_spi.o
 .debug_line    0x000172a1     0x3f2d ./Drivers/STM32L4xx_HAL_Driver/Src/stm32l4xx_hal_tim.o
 .debug_line    0x0001b1ce     0x1c06 ./Drivers/STM32L4xx_HAL_Driver/Src/stm32l4xx_hal_tim_ex.o
 .debug_line    0x0001cdd4     0x2dfc ./Drivers/STM32L4xx_HAL_Driver/Src/stm32l4xx_hal_uart.o
 .debug_line    0x0001fbd0      0xf7e ./X-CUBE-MEMS1/Target/custom_motion_sensors.o

.debug_str      0x00000000   0x101973
 .debug_str     0x00000000   0x101973 ./Core/Src/itoa.o
                               0x6802 (size before relaxing)
 .debug_str     0x00101973        0x0 ./Core/Src/main.o
                              0xf5e22 (size before relaxing)
 .debug_str     0x00101973        0x0 ./Core/Src/motors.o
                              0xee8a7 (size before relaxing)
 .debug_str     0x00101973        0x0 ./Core/Src/ssd1306.o
                              0xf2853 (size before relaxing)
 .debug_str     0x00101973        0x0 ./Core/Src/ssd1306_fonts.o
                              0xee844 (size before relaxing)
 .debug_str     0x00101973        0x0 ./Core/Src/stm32l4xx_hal_msp.o
                              0xef75a (size before relaxing)
 .debug_str     0x00101973        0x0 ./Core/Src/stm32l4xx_it.o
                              0xeea32 (size before relaxing)
 .debug_str     0x00101973        0x0 ./Core/Src/stm32l4xx_nucleo_bus.o
                              0xeef60 (size before relaxing)
 .debug_str     0x00101973        0x0 ./Core/Src/system_stm32l4xx.o
                              0xee429 (size before relaxing)
 .debug_str     0x00101973        0x0 ./Core/Src/systick.o
                              0xee7e1 (size before relaxing)
 .debug_str     0x00101973        0x0 ./Core/Startup/startup_stm32l476rgtx.o
                                 0x78 (size before relaxing)
 .debug_str     0x00101973        0x0 ./Drivers/BSP/Components/ism330dhcx/ism330dhcx.o
                               0xc467 (size before relaxing)
 .debug_str     0x00101973        0x0 ./Drivers/BSP/Components/ism330dhcx/ism330dhcx_reg.o
                               0xf792 (size before relaxing)
 .debug_str     0x00101973        0x0 ./Drivers/STM32L4xx_HAL_Driver/Src/stm32l4xx_hal.o
                              0xef03d (size before relaxing)
 .debug_str     0x00101973        0x0 ./Drivers/STM32L4xx_HAL_Driver/Src/stm32l4xx_hal_cortex.o
                              0xeeca2 (size before relaxing)
 .debug_str     0x00101973        0x0 ./Drivers/STM32L4xx_HAL_Driver/Src/stm32l4xx_hal_crc.o
                              0xee4e6 (size before relaxing)
 .debug_str     0x00101973        0x0 ./Drivers/STM32L4xx_HAL_Driver/Src/stm32l4xx_hal_crc_ex.o
                              0xee4a0 (size before relaxing)
 .debug_str     0x00101973        0x0 ./Drivers/STM32L4xx_HAL_Driver/Src/stm32l4xx_hal_dma.o
                              0xee6a5 (size before relaxing)
 .debug_str     0x00101973        0x0 ./Drivers/STM32L4xx_HAL_Driver/Src/stm32l4xx_hal_gpio.o
                              0xee5b4 (size before relaxing)
 .debug_str     0x00101973        0x0 ./Drivers/STM32L4xx_HAL_Driver/Src/stm32l4xx_hal_pwr_ex.o
                              0xee984 (size before relaxing)
 .debug_str     0x00101973        0x0 ./Drivers/STM32L4xx_HAL_Driver/Src/stm32l4xx_hal_rcc.o
                              0xeea6f (size before relaxing)
 .debug_str     0x00101973        0x0 ./Drivers/STM32L4xx_HAL_Driver/Src/stm32l4xx_hal_rcc_ex.o
                              0xeebfa (size before relaxing)
 .debug_str     0x00101973        0x0 ./Drivers/STM32L4xx_HAL_Driver/Src/stm32l4xx_hal_spi.o
                              0xeec44 (size before relaxing)
 .debug_str     0x00101973        0x0 ./Drivers/STM32L4xx_HAL_Driver/Src/stm32l4xx_hal_tim.o
                              0xef77b (size before relaxing)
 .debug_str     0x00101973        0x0 ./Drivers/STM32L4xx_HAL_Driver/Src/stm32l4xx_hal_tim_ex.o
                              0xef08f (size before relaxing)
 .debug_str     0x00101973        0x0 ./Drivers/STM32L4xx_HAL_Driver/Src/stm32l4xx_hal_uart.o
                              0xef181 (size before relaxing)
 .debug_str     0x00101973        0x0 ./X-CUBE-MEMS1/Target/custom_motion_sensors.o
                              0xf491f (size before relaxing)

.comment        0x00000000       0x43
 .comment       0x00000000       0x43 ./Core/Src/itoa.o
                                 0x44 (size before relaxing)
 .comment       0x00000043        0x0 ./Core/Src/main.o
                                 0x44 (size before relaxing)
 .comment       0x00000043        0x0 ./Core/Src/motors.o
                                 0x44 (size before relaxing)
 .comment       0x00000043        0x0 ./Core/Src/ssd1306.o
                                 0x44 (size before relaxing)
 .comment       0x00000043        0x0 ./Core/Src/ssd1306_fonts.o
                                 0x44 (size before relaxing)
 .comment       0x00000043        0x0 ./Core/Src/stm32l4xx_hal_msp.o
                                 0x44 (size before relaxing)
 .comment       0x00000043        0x0 ./Core/Src/stm32l4xx_it.o
                                 0x44 (size before relaxing)
 .comment       0x00000043        0x0 ./Core/Src/stm32l4xx_nucleo_bus.o
                                 0x44 (size before relaxing)
 .comment       0x00000043        0x0 ./Core/Src/system_stm32l4xx.o
                                 0x44 (size before relaxing)
 .comment       0x00000043        0x0 ./Core/Src/systick.o
                                 0x44 (size before relaxing)
 .comment       0x00000043        0x0 ./Drivers/BSP/Components/ism330dhcx/ism330dhcx.o
                                 0x44 (size before relaxing)
 .comment       0x00000043        0x0 ./Drivers/BSP/Components/ism330dhcx/ism330dhcx_reg.o
                                 0x44 (size before relaxing)
 .comment       0x00000043        0x0 ./Drivers/STM32L4xx_HAL_Driver/Src/stm32l4xx_hal.o
                                 0x44 (size before relaxing)
 .comment       0x00000043        0x0 ./Drivers/STM32L4xx_HAL_Driver/Src/stm32l4xx_hal_cortex.o
                                 0x44 (size before relaxing)
 .comment       0x00000043        0x0 ./Drivers/STM32L4xx_HAL_Driver/Src/stm32l4xx_hal_crc.o
                                 0x44 (size before relaxing)
 .comment       0x00000043        0x0 ./Drivers/STM32L4xx_HAL_Driver/Src/stm32l4xx_hal_crc_ex.o
                                 0x44 (size before relaxing)
 .comment       0x00000043        0x0 ./Drivers/STM32L4xx_HAL_Driver/Src/stm32l4xx_hal_dma.o
                                 0x44 (size before relaxing)
 .comment       0x00000043        0x0 ./Drivers/STM32L4xx_HAL_Driver/Src/stm32l4xx_hal_gpio.o
                                 0x44 (size before relaxing)
 .comment       0x00000043        0x0 ./Drivers/STM32L4xx_HAL_Driver/Src/stm32l4xx_hal_pwr_ex.o
                                 0x44 (size before relaxing)
 .comment       0x00000043        0x0 ./Drivers/STM32L4xx_HAL_Driver/Src/stm32l4xx_hal_rcc.o
                                 0x44 (size before relaxing)
 .comment       0x00000043        0x0 ./Drivers/STM32L4xx_HAL_Driver/Src/stm32l4xx_hal_rcc_ex.o
                                 0x44 (size before relaxing)
 .comment       0x00000043        0x0 ./Drivers/STM32L4xx_HAL_Driver/Src/stm32l4xx_hal_spi.o
                                 0x44 (size before relaxing)
 .comment       0x00000043        0x0 ./Drivers/STM32L4xx_HAL_Driver/Src/stm32l4xx_hal_tim.o
                                 0x44 (size before relaxing)
 .comment       0x00000043        0x0 ./Drivers/STM32L4xx_HAL_Driver/Src/stm32l4xx_hal_tim_ex.o
                                 0x44 (size before relaxing)
 .comment       0x00000043        0x0 ./Drivers/STM32L4xx_HAL_Driver/Src/stm32l4xx_hal_uart.o
                                 0x44 (size before relaxing)
 .comment       0x00000043        0x0 ./X-CUBE-MEMS1/Target/custom_motion_sensors.o
                                 0x44 (size before relaxing)

.debug_frame    0x00000000     0x8f68
 .debug_frame   0x00000000       0xa8 ./Core/Src/itoa.o
 .debug_frame   0x000000a8      0x174 ./Core/Src/main.o
 .debug_frame   0x0000021c       0x60 ./Core/Src/motors.o
 .debug_frame   0x0000027c      0x3e0 ./Core/Src/ssd1306.o
 .debug_frame   0x0000065c      0x1d8 ./Core/Src/stm32l4xx_hal_msp.o
 .debug_frame   0x00000834      0x120 ./Core/Src/stm32l4xx_it.o
 .debug_frame   0x00000954      0x14c ./Core/Src/stm32l4xx_nucleo_bus.o
 .debug_frame   0x00000aa0       0x58 ./Core/Src/system_stm32l4xx.o
 .debug_frame   0x00000af8       0x38 ./Core/Src/systick.o
 .debug_frame   0x00000b30      0xe3c ./Drivers/BSP/Components/ism330dhcx/ism330dhcx.o
 .debug_frame   0x0000196c     0x2e3c ./Drivers/BSP/Components/ism330dhcx/ism330dhcx_reg.o
 .debug_frame   0x000047a8      0x498 ./Drivers/STM32L4xx_HAL_Driver/Src/stm32l4xx_hal.o
 .debug_frame   0x00004c40      0x4e8 ./Drivers/STM32L4xx_HAL_Driver/Src/stm32l4xx_hal_cortex.o
 .debug_frame   0x00005128      0x168 ./Drivers/STM32L4xx_HAL_Driver/Src/stm32l4xx_hal_crc.o
 .debug_frame   0x00005290       0x88 ./Drivers/STM32L4xx_HAL_Driver/Src/stm32l4xx_hal_crc_ex.o
 .debug_frame   0x00005318      0x204 ./Drivers/STM32L4xx_HAL_Driver/Src/stm32l4xx_hal_dma.o
 .debug_frame   0x0000551c      0x14c ./Drivers/STM32L4xx_HAL_Driver/Src/stm32l4xx_hal_gpio.o
 .debug_frame   0x00005668      0x584 ./Drivers/STM32L4xx_HAL_Driver/Src/stm32l4xx_hal_pwr_ex.o
 .debug_frame   0x00005bec      0x21c ./Drivers/STM32L4xx_HAL_Driver/Src/stm32l4xx_hal_rcc.o
 .debug_frame   0x00005e08      0x2fc ./Drivers/STM32L4xx_HAL_Driver/Src/stm32l4xx_hal_rcc_ex.o
 .debug_frame   0x00006104      0x860 ./Drivers/STM32L4xx_HAL_Driver/Src/stm32l4xx_hal_spi.o
 .debug_frame   0x00006964     0x121c ./Drivers/STM32L4xx_HAL_Driver/Src/stm32l4xx_hal_tim.o
 .debug_frame   0x00007b80      0x6b0 ./Drivers/STM32L4xx_HAL_Driver/Src/stm32l4xx_hal_tim_ex.o
 .debug_frame   0x00008230      0x9f4 ./Drivers/STM32L4xx_HAL_Driver/Src/stm32l4xx_hal_uart.o
 .debug_frame   0x00008c24      0x298 ./X-CUBE-MEMS1/Target/custom_motion_sensors.o
 .debug_frame   0x00008ebc       0x20 C:/ST/STM32CubeIDE_2.0.0/STM32CubeIDE/plugins/com.st.stm32cube.ide.mcu.externaltools.gnu-tools-for-stm32.13.3.rel1.win32_1.0.100.202509120712/tools/bin/../lib/gcc/arm-none-eabi/13.3.1/../../../../arm-none-eabi/lib/thumb/v7e-m+fp/hard\libc_nano.a(libc_a-memset.o)
 .debug_frame   0x00008edc       0x2c C:/ST/STM32CubeIDE_2.0.0/STM32CubeIDE/plugins/com.st.stm32cube.ide.mcu.externaltools.gnu-tools-for-stm32.13.3.rel1.win32_1.0.100.202509120712/tools/bin/../lib/gcc/arm-none-eabi/13.3.1/../../../../arm-none-eabi/lib/thumb/v7e-m+fp/hard\libc_nano.a(libc_a-init.o)
 .debug_frame   0x00008f08       0x2c C:/ST/STM32CubeIDE_2.0.0/STM32CubeIDE/plugins/com.st.stm32cube.ide.mcu.externaltools.gnu-tools-for-stm32.13.3.rel1.win32_1.0.100.202509120712/tools/bin/../lib/gcc/arm-none-eabi/13.3.1/thumb/v7e-m+fp/hard\libgcc.a(_aeabi_uldivmod.o)
 .debug_frame   0x00008f34       0x34 C:/ST/STM32CubeIDE_2.0.0/STM32CubeIDE/plugins/com.st.stm32cube.ide.mcu.externaltools.gnu-tools-for-stm32.13.3.rel1.win32_1.0.100.202509120712/tools/bin/../lib/gcc/arm-none-eabi/13.3.1/thumb/v7e-m+fp/hard\libgcc.a(_udivmoddi4.o)

.debug_line_str
                0x00000000       0x5c
 .debug_line_str
                0x00000000       0x5c ./Core/Startup/startup_stm32l476rgtx.o
