Archive member included to satisfy reference by file (symbol)

../Middlewares/ST/STM32_MotionGC_Library/Lib\MotionGC_CM4F_wc32_ot_hard.a(motion_gc.o)
                              ./Core/Src/main.o (MotionGC_Initialize)
C:/ST/STM32CubeIDE_2.0.0/STM32CubeIDE/plugins/com.st.stm32cube.ide.mcu.externaltools.gnu-tools-for-stm32.13.3.rel1.win32_1.0.100.202509120712/tools/bin/../lib/gcc/arm-none-eabi/13.3.1/../../../../arm-none-eabi/lib/thumb/v7e-m+fp/hard\libc_nano.a(libc_a-exit.o)
                              C:/ST/STM32CubeIDE_2.0.0/STM32CubeIDE/plugins/com.st.stm32cube.ide.mcu.externaltools.gnu-tools-for-stm32.13.3.rel1.win32_1.0.100.202509120712/tools/bin/../lib/gcc/arm-none-eabi/13.3.1/../../../../arm-none-eabi/lib/thumb/v7e-m+fp/hard/crt0.o (exit)
C:/ST/STM32CubeIDE_2.0.0/STM32CubeIDE/plugins/com.st.stm32cube.ide.mcu.externaltools.gnu-tools-for-stm32.13.3.rel1.win32_1.0.100.202509120712/tools/bin/../lib/gcc/arm-none-eabi/13.3.1/../../../../arm-none-eabi/lib/thumb/v7e-m+fp/hard\libc_nano.a(libc_a-findfp.o)
                              C:/ST/STM32CubeIDE_2.0.0/STM32CubeIDE/plugins/com.st.stm32cube.ide.mcu.externaltools.gnu-tools-for-stm32.13.3.rel1.win32_1.0.100.202509120712/tools/bin/../lib/gcc/arm-none-eabi/13.3.1/../../../../arm-none-eabi/lib/thumb/v7e-m+fp/hard\libc_nano.a(libc_a-exit.o) (__stdio_exit_handler)
C:/ST/STM32CubeIDE_2.0.0/STM32CubeIDE/plugins/com.st.stm32cube.ide.mcu.externaltools.gnu-tools-for-stm32.13.3.rel1.win32_1.0.100.202509120712/tools/bin/../lib/gcc/arm-none-eabi/13.3.1/../../../../arm-none-eabi/lib/thumb/v7e-m+fp/hard\libc_nano.a(libc_a-fwalk.o)
                              C:/ST/STM32CubeIDE_2.0.0/STM32CubeIDE/plugins/com.st.stm32cube.ide.mcu.externaltools.gnu-tools-for-stm32.13.3.rel1.win32_1.0.100.202509120712/tools/bin/../lib/gcc/arm-none-eabi/13.3.1/../../../../arm-none-eabi/lib/thumb/v7e-m+fp/hard\libc_nano.a(libc_a-findfp.o) (_fwalk_sglue)
C:/ST/STM32CubeIDE_2.0.0/STM32CubeIDE/plugins/com.st.stm32cube.ide.mcu.externaltools.gnu-tools-for-stm32.13.3.rel1.win32_1.0.100.202509120712/tools/bin/../lib/gcc/arm-none-eabi/13.3.1/../../../../arm-none-eabi/lib/thumb/v7e-m+fp/hard\libc_nano.a(libc_a-stdio.o)
                              C:/ST/STM32CubeIDE_2.0.0/STM32CubeIDE/plugins/com.st.stm32cube.ide.mcu.externaltools.gnu-tools-for-stm32.13.3.rel1.win32_1.0.100.202509120712/tools/bin/../lib/gcc/arm-none-eabi/13.3.1/../../../../arm-none-eabi/lib/thumb/v7e-m+fp/hard\libc_nano.a(libc_a-findfp.o) (__sread)
C:/ST/STM32CubeIDE_2.0.0/STM32CubeIDE/plugins/com.st.stm32cube.ide.mcu.externaltools.gnu-tools-for-stm32.13.3.rel1.win32_1.0.100.202509120712/tools/bin/../lib/gcc/arm-none-eabi/13.3.1/../../../../arm-none-eabi/lib/thumb/v7e-m+fp/hard\libc_nano.a(libc_a-memset.o)
                              C:/ST/STM32CubeIDE_2.0.0/STM32CubeIDE/plugins/com.st.stm32cube.ide.mcu.externaltools.gnu-tools-for-stm32.13.3.rel1.win32_1.0.100.202509120712/tools/bin/../lib/gcc/arm-none-eabi/13.3.1/../../../../arm-none-eabi/lib/thumb/v7e-m+fp/hard/crt0.o (memset)
C:/ST/STM32CubeIDE_2.0.0/STM32CubeIDE/plugins/com.st.stm32cube.ide.mcu.externaltools.gnu-tools-for-stm32.13.3.rel1.win32_1.0.100.202509120712/tools/bin/../lib/gcc/arm-none-eabi/13.3.1/../../../../arm-none-eabi/lib/thumb/v7e-m+fp/hard\libc_nano.a(libc_a-closer.o)
                              C:/ST/STM32CubeIDE_2.0.0/STM32CubeIDE/plugins/com.st.stm32cube.ide.mcu.externaltools.gnu-tools-for-stm32.13.3.rel1.win32_1.0.100.202509120712/tools/bin/../lib/gcc/arm-none-eabi/13.3.1/../../../../arm-none-eabi/lib/thumb/v7e-m+fp/hard\libc_nano.a(libc_a-stdio.o) (_close_r)
C:/ST/STM32CubeIDE_2.0.0/STM32CubeIDE/plugins/com.st.stm32cube.ide.mcu.externaltools.gnu-tools-for-stm32.13.3.rel1.win32_1.0.100.202509120712/tools/bin/../lib/gcc/arm-none-eabi/13.3.1/../../../../arm-none-eabi/lib/thumb/v7e-m+fp/hard\libc_nano.a(libc_a-reent.o)
                              C:/ST/STM32CubeIDE_2.0.0/STM32CubeIDE/plugins/com.st.stm32cube.ide.mcu.externaltools.gnu-tools-for-stm32.13.3.rel1.win32_1.0.100.202509120712/tools/bin/../lib/gcc/arm-none-eabi/13.3.1/../../../../arm-none-eabi/lib/thumb/v7e-m+fp/hard\libc_nano.a(libc_a-closer.o) (errno)
C:/ST/STM32CubeIDE_2.0.0/STM32CubeIDE/plugins/com.st.stm32cube.ide.mcu.externaltools.gnu-tools-for-stm32.13.3.rel1.win32_1.0.100.202509120712/tools/bin/../lib/gcc/arm-none-eabi/13.3.1/../../../../arm-none-eabi/lib/thumb/v7e-m+fp/hard\libc_nano.a(libc_a-impure.o)
                              C:/ST/STM32CubeIDE_2.0.0/STM32CubeIDE/plugins/com.st.stm32cube.ide.mcu.externaltools.gnu-tools-for-stm32.13.3.rel1.win32_1.0.100.202509120712/tools/bin/../lib/gcc/arm-none-eabi/13.3.1/../../../../arm-none-eabi/lib/thumb/v7e-m+fp/hard\libc_nano.a(libc_a-reent.o) (_impure_ptr)
C:/ST/STM32CubeIDE_2.0.0/STM32CubeIDE/plugins/com.st.stm32cube.ide.mcu.externaltools.gnu-tools-for-stm32.13.3.rel1.win32_1.0.100.202509120712/tools/bin/../lib/gcc/arm-none-eabi/13.3.1/../../../../arm-none-eabi/lib/thumb/v7e-m+fp/hard\libc_nano.a(libc_a-lseekr.o)
[...]
Memory Configuration

Name             Origin             Length             Attributes
RAM              0x20000000         0x00018000         xrw
RAM2             0x10000000         0x00008000         xrw
FLASH            0x08000000         0x00100000         xr
*default*        0x00000000         0xffffffff

Linker script and memory map

LOAD C:/ST/STM32CubeIDE_2.0.0/STM32CubeIDE/plugins/com.st.stm32cube.ide.mcu.externaltools.gnu-tools-for-stm32.13.3.rel1.win32_1.0.100.202509120712/tools/bin/../lib/gcc/arm-none-eabi/13.3.1/thumb/v7e-m+fp/hard/crti.o
LOAD C:/ST/STM32CubeIDE_2.0.0/STM32CubeIDE/plugins/com.st.stm32cube.ide.mcu.externaltools.gnu-tools-for-stm32.13.3.rel1.win32_1.0.100.202509120712/tools/bin/../lib/gcc/arm-none-eabi/13.3.1/thumb/v7e-m+fp/hard/crtbegin.o
LOAD C:/ST/STM32CubeIDE_2.0.0/STM32CubeIDE/plugins/com.st.stm32cube.ide.mcu.externaltools.gnu-tools-for-stm32.13.3.rel1.win32_1.0.100.202509120712/tools/bin/../lib/gcc/arm-none-eabi/13.3.1/../../../../arm-none-eabi/lib/thumb/v7e-m+fp/hard/crt0.o
LOAD ./Core/Src/delay.o
LOAD ./Core/Src/ftoa.o
LOAD ./Core/Src/irs.o
LOAD ./Core/Src/itoa.o
LOAD ./Core/Src/main.o
LOAD ./Core/Src/motors.o
LOAD ./Core/Src/ssd1306.o
LOAD ./Core/Src/ssd1306_fonts.o
LOAD ./Core/Src/stm32l4xx_hal_msp.o
LOAD ./Core/Src/stm32l4xx_it.o
LOAD ./Core/Src/stm32l4xx_nucleo_bus.o
LOAD ./Core/Src/syscalls.o
LOAD ./Core/Src/sysmem.o
LOAD ./Core/Src/system_stm32l4xx.o
LOAD ./Core/Src/systick.o
LOAD ./Core/Startup/startup_stm32l476rgtx.o
LOAD ./Drivers/BSP/Components/ism330dhcx/ism330dhcx.o
LOAD ./Drivers/BSP/Components/ism330dhcx/ism330dhcx_reg.o
LOAD ./Drivers/STM32L4xx_HAL_Driver/Src/stm32l4xx_hal.o
LOAD ./Drivers/STM32L4xx_HAL_Driver/Src/stm32l4xx_hal_adc.o
LOAD ./Drivers/STM32L4xx_HAL_Driver/Src/stm32l4xx_hal_adc_ex.o
LOAD ./Drivers/STM32L4xx_HAL_Driver/Src/stm32l4xx_hal_cortex.o
LOAD ./Drivers/STM32L4xx_HAL_Driver/Src/stm32l4xx_hal_crc.o
LOAD ./Drivers/STM32L4xx_HAL_Driver/Src/stm32l4xx_hal_crc_ex.o
LOAD ./Drivers/STM32L4xx_HAL_Driver/Src/stm32l4xx_hal_dma.o
LOAD ./Drivers/STM32L4xx_HAL_Driver/Src/stm32l4xx_hal_dma_ex.o
LOAD ./Drivers/STM32L4xx_HAL_Driver/Src/stm32l4xx_hal_exti.o
LOAD ./Drivers/STM32L4xx_HAL_Driver/Src/stm32l4xx_hal_flash.o
LOAD ./Drivers/STM32L4xx_HAL_Driver/Src/stm32l4xx_hal_flash_ex.o
LOAD ./Drivers/STM32L4xx_HAL_Driver/Src/stm32l4xx_hal_flash_ramfunc.o
LOAD ./Drivers/STM32L4xx_HAL_Driver/Src/stm32l4xx_hal_gpio.o
LOAD ./Drivers/STM32L4xx_HAL_Driver/Src/stm32l4xx_hal_i2c.o
LOAD ./Drivers/STM32L4xx_HAL_Driver/Src/stm32l4xx_hal_i2c_ex.o
LOAD ./Drivers/STM32L4xx_HAL_Driver/Src/stm32l4xx_hal_pwr.o
LOAD ./Drivers/STM32L4xx_HAL_Driver/Src/stm32l4xx_hal_pwr_ex.o
LOAD ./Drivers/STM32L4xx_HAL_Driver/Src/stm32l4xx_hal_rcc.o
LOAD ./Drivers/STM32L4xx_HAL_Driver/Src/stm32l4xx_hal_rcc_ex.o
LOAD ./Drivers/STM32L4xx_HAL_Driver/Src/stm32l4xx_hal_spi.o
LOAD ./Drivers/STM32L4xx_HAL_Driver/Src/stm32l4xx_hal_spi_ex.o
LOAD ./Drivers/STM32L4xx_HAL_Driver/Src/stm32l4xx_hal_tim.o
LOAD ./Drivers/STM32L4xx_HAL_Driver/Src/stm32l4xx_hal_tim_ex.o
LOAD ./Drivers/STM32L4xx_HAL_Driver/Src/stm32l4xx_hal_uart.o
LOAD ./Drivers/STM32L4xx_HAL_Driver/Src/stm32l4xx_hal_uart_ex.o
LOAD ./X-CUBE-MEMS1/Target/custom_motion_sensors.o
LOAD ./X-CUBE-MEMS1/Target/custom_motion_sensors_ex.o
START GROUP
LOAD ../Middlewares/ST/STM32_MotionGC_Library/Lib\MotionGC_CM4F_wc32_ot_hard.a
LOAD ../Middlewares/ST/STM32_MotionAC_Library/Lib\MotionAC_CM4F_wc32_ot_hard.a
LOAD ../Middlewares/ST/STM32_MotionFX_Library/Lib\MotionFX_CM4F_wc32_ot_hard.a
END GROUP
START GROUP
LOAD C:/ST/STM32CubeIDE_2.0.0/STM32CubeIDE/plugins/com.st.stm32cube.ide.mcu.externaltools.gnu-tools-for-stm32.13.3.rel1.win32_1.0.100.202509120712/tools/bin/../lib/gcc/arm-none-eabi/13.3.1/../../../../arm-none-eabi/lib/thumb/v7e-m+fp/hard\libc_nano.a
LOAD C:/ST/STM32CubeIDE_2.0.0/STM32CubeIDE/plugins/com.st.stm32cube.ide.mcu.externaltools.gnu-tools-for-stm32.13.3.rel1.win32_1.0.100.202509120712/tools/bin/../lib/gcc/arm-none-eabi/13.3.1/../../../../arm-none-eabi/lib/thumb/v7e-m+fp/hard\libm.a
END GROUP
START GROUP
LOAD C:/ST/STM32CubeIDE_2.0.0/STM32CubeIDE/plugins/com.st.stm32cube.ide.mcu.externaltools.gnu-tools-for-stm32.13.3.rel1.win32_1.0.100.202509120712/tools/bin/../lib/gcc/arm-none-eabi/13.3.1/thumb/v7e-m+fp/hard\libgcc.a
LOAD C:/ST/STM32CubeIDE_2.0.0/STM32CubeIDE/plugins/com.st.stm32cube.ide.mcu.externaltools.gnu-tools-for-stm32.13.3.rel1.win32_1.0.100.202509120712/tools/bin/../lib/gcc/arm-none-eabi/13.3.1/../../../../arm-none-eabi/lib/thumb/v7e-m+fp/hard\libc_nano.a
END GROUP
START GROUP
LOAD C:/ST/STM32CubeIDE_2.0.0/STM32CubeIDE/plugins/com.st.stm32cube.ide.mcu.externaltools.gnu-tools-for-stm32.13.3.rel1.win32_1.0.100.202509120712/tools/bin/../lib/gcc/arm-none-eabi/13.3.1/thumb/v7e-m+fp/hard\libgcc.a
LOAD C:/ST/STM32CubeIDE_2.0.0/STM32CubeIDE/plugins/com.st.stm32cube.ide.mcu.externaltools.gnu-tools-for-stm32.13.3.rel1.win32_1.0.100.202509120712/tools/bin/../lib/gcc/arm-none-eabi/13.3.1/../../../../arm-none-eabi/lib/thumb/v7e-m+fp/hard\libc_nano.a
LOAD C:/ST/STM32CubeIDE_2.0.0/STM32CubeIDE/plugins/com.st.stm32cube.ide.mcu.externaltools.gnu-tools-for-stm32.13.3.rel1.win32_1.0.100.202509120712/tools/bin/../lib/gcc/arm-none-eabi/13.3.1/../../../../arm-none-eabi/lib/thumb/v7e-m+fp/hard\libnosys.a
END GROUP
START GROUP
LOAD C:/ST/STM32CubeIDE_2.0.0/STM32CubeIDE/plugins/com.st.stm32cube.ide.mcu.externaltools.gnu-tools-for-stm32.13.3.rel1.win32_1.0.100.202509120712/tools/bin/../lib/gcc/arm-none-eabi/13.3.1/thumb/v7e-m+fp/hard\libgcc.a
LOAD C:/ST/STM32CubeIDE_2.0.0/STM32CubeIDE/plugins/com.st.stm32cube.ide.mcu.externaltools.gnu-tools-for-stm32.13.3.rel1.win32_1.0.100.202509120712/tools/bin/../lib/gcc/arm-none-eabi/13.3.1/../../../../arm-none-eabi/lib/thumb/v7e-m+fp/hard\libc_nano.a
LOAD C:/ST/STM32CubeIDE_2.0.0/STM32CubeIDE/plugins/com.st.stm32cube.ide.mcu.externaltools.gnu-tools-for-stm32.13.3.rel1.win32_1.0.100.202509120712/tools/bin/../lib/gcc/arm-none-eabi/13.3.1/../../../../arm-none-eabi/lib/thumb/v7e-m+fp/hard\libnosys.a
END GROUP
LOAD C:/ST/STM32CubeIDE_2.0.0/STM32CubeIDE/plugins/com.st.stm32cube.ide.mcu.externaltools.gnu-tools-for-stm32.13.3.rel1.win32_1.0.100.202509120712/tools/bin/../lib/gcc/arm-none-eabi/13.3.1/thumb/v7e-m+fp/hard/crtend.o
LOAD C:/ST/STM32CubeIDE_2.0.0/STM32CubeIDE/plugins/com.st.stm32cube.ide.mcu.externaltools.gnu-tools-for-stm32.13.3.rel1.win32_1.0.100.202509120712/tools/bin/../lib/gcc/arm-none-eabi/13.3.1/thumb/v7e-m+fp/hard/crtn.o
                0x20018000                        _estack = (ORIGIN (RAM) + LENGTH (RAM))
                0x00000200                        _Min_Heap_Size = 0x200
                0x00000400                        _Min_Stack_Size = 0x400

.isr_vector     0x08000000      0x188
                0x08000000                        . = ALIGN (0x4)
 *(.isr_vector)
 .isr_vector    0x08000000      0x188 ./Core/Startup/startup_stm32l476rgtx.o
                0x08000000                g_pfnVectors
                0x08000188                        . = ALIGN (0x4)

.text           0x08000188     0xc054
                0x08000188                        . = ALIGN (0x4)
 *(.text)
 .text          0x08000188       0x40 C:/ST/STM32CubeIDE_2.0.0/STM32CubeIDE/plugins/com.st.stm32cube.ide.mcu.externaltools.gnu-tools-for-stm32.13.3.rel1.win32_1.0.100.202509120712/tools/bin/../lib/gcc/arm-none-eabi/13.3.1/thumb/v7e-m+fp/hard/crtbegin.o
 .text          0x080001c8      0x378 C:/ST/STM32CubeIDE_2.0.0/STM32CubeIDE/plugins/com.st.stm32cube.ide.mcu.externaltools.gnu-tools-for-stm32.13.3.rel1.win32_1.0.100.202509120712/tools/bin/../lib/gcc/arm-none-eabi/13.3.1/thumb/v7e-m+fp/hard\libgcc.a(_arm_addsubdf3.o)
                0x080001c8                __aeabi_drsub
                0x080001d0                __aeabi_dsub
                0x080001d0                __subdf3
                0x080001d4                __aeabi_dadd
                0x080001d4                __adddf3
                0x0800044c                __floatunsidf
                0x0800044c                __aeabi_ui2d
                0x0800046c                __floatsidf
                0x0800046c                __aeabi_i2d
                0x08000490                __aeabi_f2d
                0x08000490                __extendsfdf2
                0x080004d4                __floatundidf
                0x080004d4                __aeabi_ul2d
                0x080004e4                __floatdidf
                0x080004e4                __aeabi_l2d
 .text          0x08000540      0x424 C:/ST/STM32CubeIDE_2.0.0/STM32CubeIDE/plugins/com.st.stm32cube.ide.mcu.externaltools.gnu-tools-for-stm32.13.3.rel1.win32_1.0.100.202509120712/tools/bin/../lib/gcc/arm-none-eabi/13.3.1/thumb/v7e-m+fp/hard\libgcc.a(_arm_muldivdf3.o)
                0x08000540                __aeabi_dmul
                0x08000540                __muldf3
                0x08000794                __divdf3
                0x08000794                __aeabi_ddiv
 .text          0x08000964      0x110 C:/ST/STM32CubeIDE_2.0.0/STM32CubeIDE/plugins/com.st.stm32cube.ide.mcu.externaltools.gnu-tools-for-stm32.13.3.rel1.win32_1.0.100.202509120712/tools/bin/../lib/gcc/arm-none-eabi/13.3.1/thumb/v7e-m+fp/hard\libgcc.a(_arm_cmpdf2.o)
                0x08000964                __gtdf2
                0x08000964                __gedf2
                0x0800096c                __ltdf2
                0x0800096c                __ledf2
                0x08000974                __nedf2
                0x08000974                __eqdf2
                0x08000974                __cmpdf2
                0x080009f0                __aeabi_cdrcmple
                0x08000a00                __aeabi_cdcmpeq
                0x08000a00                __aeabi_cdcmple
                0x08000a10                __aeabi_dcmpeq
                0x08000a24                __aeabi_dcmplt
                0x08000a38                __aeabi_dcmple
                0x08000a4c                __aeabi_dcmpge
                0x08000a60                __aeabi_dcmpgt
 .text          0x08000a74       0x50 C:/ST/STM32CubeIDE_2.0.0/STM32CubeIDE/plugins/com.st.stm32cube.ide.mcu.externaltools.gnu-tools-for-stm32.13.3.rel1.win32_1.0.100.202509120712/tools/bin/../lib/gcc/arm-none-eabi/13.3.1/thumb/v7e-m+fp/hard\libgcc.a(_arm_fixdfsi.o)
                0x08000a74                __aeabi_d2iz
                0x08000a74                __fixdfsi
 .text          0x08000ac4       0x40 C:/ST/STM32CubeIDE_2.0.0/STM32CubeIDE/plugins/com.st.stm32cube.ide.mcu.externaltools.gnu-tools-for-stm32.13.3.rel1.win32_1.0.100.202509120712/tools/bin/../lib/gcc/arm-none-eabi/13.3.1/thumb/v7e-m+fp/hard\libgcc.a(_arm_fixunsdfsi.o)
                0x08000ac4                __aeabi_d2uiz
                0x08000ac4                __fixunsdfsi
 .text          0x08000b04       0xa0 C:/ST/STM32CubeIDE_2.0.0/STM32CubeIDE/plugins/com.st.stm32cube.ide.mcu.externaltools.gnu-tools-for-stm32.13.3.rel1.win32_1.0.100.202509120712/tools/bin/../lib/gcc/arm-none-eabi/13.3.1/thumb/v7e-m+fp/hard\libgcc.a(_arm_truncdfsf2.o)
                0x08000b04                __truncdfsf2
                0x08000b04                __aeabi_d2f
 .text          0x08000ba4       0x30 C:/ST/STM32CubeIDE_2.0.0/STM32CubeIDE/plugins/com.st.stm32cube.ide.mcu.externaltools.gnu-tools-for-stm32.13.3.rel1.win32_1.0.100.202509120712/tools/bin/../lib/gcc/arm-none-eabi/13.3.1/thumb/v7e-m+fp/hard\libgcc.a(_aeabi_uldivmod.o)
                0x08000ba4                __aeabi_uldivmod
 .text          0x08000bd4      0x2f8 C:/ST/STM32CubeIDE_2.0.0/STM32CubeIDE/plugins/com.st.stm32cube.ide.mcu.externaltools.gnu-tools-for-stm32.13.3.rel1.win32_1.0.100.202509120712/tools/bin/../lib/gcc/arm-none-eabi/13.3.1/thumb/v7e-m+fp/hard\libgcc.a(_udivmoddi4.o)
                0x08000bd4                __udivmoddi4
 .text          0x08000ecc        0x4 C:/ST/STM32CubeIDE_2.0.0/STM32CubeIDE/plugins/com.st.stm32cube.ide.mcu.externaltools.gnu-tools-for-stm32.13.3.rel1.win32_1.0.100.202509120712/tools/bin/../lib/gcc/arm-none-eabi/13.3.1/thumb/v7e-m+fp/hard\libgcc.a(_dvmd_tls.o)
                0x08000ecc                __aeabi_idiv0
                0x08000ecc                __aeabi_ldiv0
 *(.text*)
 .text.Delay_Init
                0x08000ed0       0x40 ./Core/Src/delay.o
                0x08000ed0                Delay_Init
 .text.ftoa     0x08000f10      0x260 ./Core/Src/ftoa.o
                0x08000f10                ftoa
 .text.itoa     0x08001170       0x20 ./Core/Src/itoa.o
                0x08001170                itoa
 .text.ltoa     0x08001190       0xec ./Core/Src/itoa.o
                0x08001190                ltoa
 .text.main     0x0800127c      0x21c ./Core/Src/main.o
                0x0800127c                main
 .text.SystemClock_Config
                0x08001498       0xa2 ./Core/Src/main.o
                0x08001498                SystemClock_Config
 *fill*         0x0800153a        0x2 
 .text.MX_ADC1_Init
                0x0800153c       0xec ./Core/Src/main.o
 .text.MX_CRC_Init
                0x08001628       0x44 ./Core/Src/main.o
 .text.MX_SPI2_Init
                0x0800166c       0x7c ./Core/Src/main.o
 .text.MX_TIM1_Init
                0x080016e8      0x168 ./Core/Src/main.o
 .text.MX_TIM2_Init
                0x08001850       0xa8 ./Core/Src/main.o
 .text.MX_TIM3_Init
                0x080018f8       0xac ./Core/Src/main.o
 .text.MX_TIM4_Init
                0x080019a4       0x9c ./Core/Src/main.o
 .text.MX_USART2_UART_Init
                0x08001a40       0x60 ./Core/Src/main.o
 .text.MX_DMA_Init
                0x08001aa0       0x64 ./Core/Src/main.o
 .text.MX_GPIO_Init
                0x08001b04      0x130 ./Core/Src/main.o
 .text.HAL_TIM_PeriodElapsedCallback
                0x08001c34       0x30 ./Core/Src/main.o
                0x08001c34                HAL_TIM_PeriodElapsedCallback
 *fill*         0x08001c64        0x4 
 .text.updateGyro
                0x08001c68      0x1f0 ./Core/Src/main.o
                0x08001c68                updateGyro
 .text.Error_Handler
                0x08001e58        0xc ./Core/Src/main.o
                0x08001e58                Error_Handler
 .text.ssd1306_Reset
                0x08001e64       0x40 ./Core/Src/ssd1306.o
                0x08001e64                ssd1306_Reset
 .text.ssd1306_WriteCommand
                0x08001ea4       0x50 ./Core/Src/ssd1306.o
                0x08001ea4                ssd1306_WriteCommand
 .text.ssd1306_WriteData
                0x08001ef4       0x50 ./Core/Src/ssd1306.o
                0x08001ef4                ssd1306_WriteData
 .text.ssd1306_Init
                0x08001f44       0xd4 ./Core/Src/ssd1306.o
                0x08001f44                ssd1306_Init
 .text.ssd1306_Fill
                0x08002018       0x30 ./Core/Src/ssd1306.o
                0x08002018                ssd1306_Fill
 .text.ssd1306_UpdateScreen
                0x08002048       0x50 ./Core/Src/ssd1306.o
                0x08002048                ssd1306_UpdateScreen
 .text.ssd1306_DrawPixel
                0x08002098       0xa8 ./Core/Src/ssd1306.o
                0x08002098                ssd1306_DrawPixel
 .text.ssd1306_WriteChar
                0x08002140      0x124 ./Core/Src/ssd1306.o
                0x08002140                ssd1306_WriteChar
 .text.ssd1306_WriteString
                0x08002264       0x4c ./Core/Src/ssd1306.o
                0x08002264                ssd1306_WriteString
 .text.ssd1306_SetCursor
                0x080022b0       0x30 ./Core/Src/ssd1306.o
                0x080022b0                ssd1306_SetCursor
 .text.ssd1306_SetContrast
                0x080022e0       0x26 ./Core/Src/ssd1306.o
                0x080022e0                ssd1306_SetContrast
 *fill*         0x08002306        0x2 
 .text.ssd1306_SetDisplayOn
                0x08002308       0x3c ./Core/Src/ssd1306.o
                0x08002308                ssd1306_SetDisplayOn
 .text.HAL_MspInit
                0x08002344       0x48 ./Core/Src/stm32l4xx_hal_msp.o
                0x08002344                HAL_MspInit
 .text.HAL_ADC_MspInit
                0x0800238c      0x1a4 ./Core/Src/stm32l4xx_hal_msp.o
                0x0800238c                HAL_ADC_MspInit
 .text.HAL_CRC_MspInit
                0x08002530       0x40 ./Core/Src/stm32l4xx_hal_msp.o
                0x08002530                HAL_CRC_MspInit
 .text.HAL_SPI_MspInit
                0x08002570       0xc4 ./Core/Src/stm32l4xx_hal_msp.o
                0x08002570                HAL_SPI_MspInit
 .text.HAL_SPI_MspDeInit
                0x08002634       0x48 ./Core/Src/stm32l4xx_hal_msp.o
                0x08002634                HAL_SPI_MspDeInit
 .text.HAL_TIM_PWM_MspInit
                0x0800267c       0x40 ./Core/Src/stm32l4xx_hal_msp.o
                0x0800267c                HAL_TIM_PWM_MspInit
 .text.HAL_TIM_Encoder_MspInit
                0x080026bc       0xe4 ./Core/Src/stm32l4xx_hal_msp.o
                0x080026bc                HAL_TIM_Encoder_MspInit
 .text.HAL_TIM_Base_MspInit
                0x080027a0       0x4c ./Core/Src/stm32l4xx_hal_msp.o
                0x080027a0                HAL_TIM_Base_MspInit
 .text.HAL_TIM_MspPostInit
                0x080027ec       0x70 ./Core/Src/stm32l4xx_hal_msp.o
                0x080027ec                HAL_TIM_MspPostInit
 .text.HAL_UART_MspInit
                0x0800285c      0x114 ./Core/Src/stm32l4xx_hal_msp.o
                0x0800285c                HAL_UART_MspInit
 .text.NMI_Handler
                0x08002970        0x8 ./Core/Src/stm32l4xx_it.o
                0x08002970                NMI_Handler
 .text.HardFault_Handler
                0x08002978        0x8 ./Core/Src/stm32l4xx_it.o
                0x08002978                HardFault_Handler
 .text.MemManage_Handler
                0x08002980        0x8 ./Core/Src/stm32l4xx_it.o
                0x08002980                MemManage_Handler
 .text.BusFault_Handler
                0x08002988        0x8 ./Core/Src/stm32l4xx_it.o
                0x08002988                BusFault_Handler
 .text.UsageFault_Handler
                0x08002990        0x8 ./Core/Src/stm32l4xx_it.o
                0x08002990                UsageFault_Handler
 .text.SVC_Handler
                0x08002998        0xe ./Core/Src/stm32l4xx_it.o
                0x08002998                SVC_Handler
 .text.DebugMon_Handler
                0x080029a6        0xe ./Core/Src/stm32l4xx_it.o
                0x080029a6                DebugMon_Handler
 .text.PendSV_Handler
                0x080029b4        0xe ./Core/Src/stm32l4xx_it.o
                0x080029b4                PendSV_Handler
 .text.SysTick_Handler
                0x080029c2       0x10 ./Core/Src/stm32l4xx_it.o
                0x080029c2                SysTick_Handler
 *fill*         0x080029d2        0x2 
 .text.DMA1_Channel6_IRQHandler
                0x080029d4       0x14 ./Core/Src/stm32l4xx_it.o
                0x080029d4                DMA1_Channel6_IRQHandler
 .text.TIM4_IRQHandler
                0x080029e8       0x14 ./Core/Src/stm32l4xx_it.o
                0x080029e8                TIM4_IRQHandler
 .text.DMA2_Channel3_IRQHandler
                0x080029fc       0x14 ./Core/Src/stm32l4xx_it.o
                0x080029fc                DMA2_Channel3_IRQHandler
 .text.BSP_SPI3_Init
                0x08002a10       0x60 ./Core/Src/stm32l4xx_nucleo_bus.o
                0x08002a10                BSP_SPI3_Init
 .text.BSP_SPI3_DeInit
                0x08002a70       0x50 ./Core/Src/stm32l4xx_nucleo_bus.o
                0x08002a70                BSP_SPI3_DeInit
 .text.BSP_SPI3_Send
                0x08002ac0       0x38 ./Core/Src/stm32l4xx_nucleo_bus.o
                0x08002ac0                BSP_SPI3_Send
 .text.BSP_SPI3_Recv
                0x08002af8       0x38 ./Core/Src/stm32l4xx_nucleo_bus.o
                0x08002af8                BSP_SPI3_Recv
 .text.BSP_GetTick
                0x08002b30        0xe ./Core/Src/stm32l4xx_nucleo_bus.o
                0x08002b30                BSP_GetTick
 *fill*         0x08002b3e        0x2 
 .text.MX_SPI3_Init
                0x08002b40       0x84 ./Core/Src/stm32l4xx_nucleo_bus.o
                0x08002b40                MX_SPI3_Init
 .text.SPI3_MspInit
                0x08002bc4       0xb0 ./Core/Src/stm32l4xx_nucleo_bus.o
 .text.SPI3_MspDeInit
                0x08002c74       0x44 ./Core/Src/stm32l4xx_nucleo_bus.o
 .text.SystemInit
                0x08002cb8       0x24 ./Core/Src/system_stm32l4xx.o
                0x08002cb8                SystemInit
 .text.sysTick  0x08002cdc        0xe ./Core/Src/systick.o
                0x08002cdc                sysTick
 *fill*         0x08002cea        0x2 
 .text.Reset_Handler
                0x08002cec       0x50 ./Core/Startup/startup_stm32l476rgtx.o
                0x08002cec                Reset_Handler
 .text.Default_Handler
                0x08002d3c        0x2 ./Core/Startup/startup_stm32l476rgtx.o
                0x08002d3c                RTC_Alarm_IRQHandler
                0x08002d3c                EXTI2_IRQHandler
                0x08002d3c                TIM8_TRG_COM_IRQHandler
                0x08002d3c                TIM8_CC_IRQHandler
                0x08002d3c                TIM1_CC_IRQHandler
                0x08002d3c                TSC_IRQHandler
                0x08002d3c                TAMP_STAMP_IRQHandler
                0x08002d3c                EXTI3_IRQHandler
                0x08002d3c                LPTIM2_IRQHandler
                0x08002d3c                DFSDM1_FLT1_IRQHandler
                0x08002d3c                I2C3_ER_IRQHandler
                0x08002d3c                DFSDM1_FLT2_IRQHandler
                0x08002d3c                EXTI0_IRQHandler
                0x08002d3c                I2C2_EV_IRQHandler
                0x08002d3c                CAN1_RX0_IRQHandler
                0x08002d3c                FPU_IRQHandler
                0x08002d3c                TIM1_UP_TIM16_IRQHandler
                0x08002d3c                ADC1_2_IRQHandler
                0x08002d3c                SPI1_IRQHandler
                0x08002d3c                TIM6_DAC_IRQHandler
                0x08002d3c                TIM8_UP_IRQHandler
                0x08002d3c                DMA2_Channel2_IRQHandler
                0x08002d3c                DMA1_Channel4_IRQHandler
                0x08002d3c                SAI2_IRQHandler
                0x08002d3c                DFSDM1_FLT3_IRQHandler
                0x08002d3c                USART3_IRQHandler
                0x08002d3c                DMA1_Channel7_IRQHandler
                0x08002d3c                CAN1_RX1_IRQHandler
                0x08002d3c                LCD_IRQHandler
                0x08002d3c                UART5_IRQHandler
                0x08002d3c                ADC3_IRQHandler
                0x08002d3c                DMA2_Channel1_IRQHandler
                0x08002d3c                QUADSPI_IRQHandler
                0x08002d3c                I2C1_EV_IRQHandler
                0x08002d3c                UART4_IRQHandler
                0x08002d3c                DMA2_Channel4_IRQHandler
                0x08002d3c                TIM3_IRQHandler
                0x08002d3c                RCC_IRQHandler
                0x08002d3c                DMA1_Channel1_IRQHandler
                0x08002d3c                Default_Handler
                0x08002d3c                DMA2_Channel7_IRQHandler
                0x08002d3c                EXTI15_10_IRQHandler
                0x08002d3c                TIM7_IRQHandler
                0x08002d3c                SDMMC1_IRQHandler
                0x08002d3c                TIM5_IRQHandler
                0x08002d3c                I2C3_EV_IRQHandler
                0x08002d3c                EXTI9_5_IRQHandler
                0x08002d3c                RTC_WKUP_IRQHandler
                0x08002d3c                PVD_PVM_IRQHandler
                0x08002d3c                SPI2_IRQHandler
                0x08002d3c                CAN1_TX_IRQHandler
                0x08002d3c                DMA2_Channel5_IRQHandler
                0x08002d3c                DMA1_Channel5_IRQHandler
                0x08002d3c                EXTI4_IRQHandler
                0x08002d3c                RNG_IRQHandler
                0x08002d3c                TIM1_TRG_COM_TIM17_IRQHandler
                0x08002d3c                DMA1_Channel3_IRQHandler
                0x08002d3c                COMP_IRQHandler
                0x08002d3c                WWDG_IRQHandler
                0x08002d3c                LPUART1_IRQHandler
                0x08002d3c                DMA2_Channel6_IRQHandler
                0x08002d3c                TIM2_IRQHandler
                0x08002d3c                EXTI1_IRQHandler
                0x08002d3c                USART2_IRQHandler
                0x08002d3c                DFSDM1_FLT0_IRQHandler
                0x08002d3c                I2C2_ER_IRQHandler
                0x08002d3c                DMA1_Channel2_IRQHandler
                0x08002d3c                TIM8_BRK_IRQHandler
                0x08002d3c                CAN1_SCE_IRQHandler
                0x08002d3c                FLASH_IRQHandler
                0x08002d3c                USART1_IRQHandler
                0x08002d3c                OTG_FS_IRQHandler
                0x08002d3c                SPI3_IRQHandler
                0x08002d3c                I2C1_ER_IRQHandler
                0x08002d3c                FMC_IRQHandler
                0x08002d3c                SWPMI1_IRQHandler
                0x08002d3c                LPTIM1_IRQHandler
                0x08002d3c                SAI1_IRQHandler
                0x08002d3c                TIM1_BRK_TIM15_IRQHandler
 *fill*         0x08002d3e        0x2 
 .text.ISM330DHCX_RegisterBusIO
                0x08002d40       0xd4 ./Drivers/BSP/Components/ism330dhcx/ism330dhcx.o
                0x08002d40                ISM330DHCX_RegisterBusIO
 .text.ISM330DHCX_Init
                0x08002e14      0x12e ./Drivers/BSP/Components/ism330dhcx/ism330dhcx.o
                0x08002e14                ISM330DHCX_Init
 .text.ISM330DHCX_DeInit
                0x08002f42       0x4e ./Drivers/BSP/Components/ism330dhcx/ism330dhcx.o
                0x08002f42                ISM330DHCX_DeInit
 .text.ISM330DHCX_ReadID
                0x08002f90       0x2c ./Drivers/BSP/Components/ism330dhcx/ism330dhcx.o
                0x08002f90                ISM330DHCX_ReadID
 .text.ISM330DHCX_GetCapabilities
                0x08002fbc       0x5c ./Drivers/BSP/Components/ism330dhcx/ism330dhcx.o
                0x08002fbc                ISM330DHCX_GetCapabilities
 .text.ISM330DHCX_ACC_Enable
                0x08003018       0x48 ./Drivers/BSP/Components/ism330dhcx/ism330dhcx.o
                0x08003018                ISM330DHCX_ACC_Enable
 .text.ISM330DHCX_ACC_Disable
                0x08003060       0x5e ./Drivers/BSP/Components/ism330dhcx/ism330dhcx.o
                0x08003060                ISM330DHCX_ACC_Disable
 *fill*         0x080030be        0x2 
 .text.ISM330DHCX_ACC_GetSensitivity
                0x080030c0       0x8c ./Drivers/BSP/Components/ism330dhcx/ism330dhcx.o
                0x080030c0                ISM330DHCX_ACC_GetSensitivity
 .text.ISM330DHCX_ACC_GetOutputDataRate
                0x0800314c      0x108 ./Drivers/BSP/Components/ism330dhcx/ism330dhcx.o
                0x0800314c                ISM330DHCX_ACC_GetOutputDataRate
 .text.ISM330DHCX_ACC_SetOutputDataRate
                0x08003254       0x38 ./Drivers/BSP/Components/ism330dhcx/ism330dhcx.o
                0x08003254                ISM330DHCX_ACC_SetOutputDataRate
 .text.ISM330DHCX_ACC_GetFullScale
                0x0800328c       0x7c ./Drivers/BSP/Components/ism330dhcx/ism330dhcx.o
                0x0800328c                ISM330DHCX_ACC_GetFullScale
 .text.ISM330DHCX_ACC_SetFullScale
                0x08003308       0x50 ./Drivers/BSP/Components/ism330dhcx/ism330dhcx.o
                0x08003308                ISM330DHCX_ACC_SetFullScale
 .text.ISM330DHCX_ACC_GetAxesRaw
                0x08003358       0x48 ./Drivers/BSP/Components/ism330dhcx/ism330dhcx.o
                0x08003358                ISM330DHCX_ACC_GetAxesRaw
 .text.ISM330DHCX_ACC_GetAxes
                0x080033a0       0xae ./Drivers/BSP/Components/ism330dhcx/ism330dhcx.o
                0x080033a0                ISM330DHCX_ACC_GetAxes
 .text.ISM330DHCX_GYRO_Enable
                0x0800344e       0x48 ./Drivers/BSP/Components/ism330dhcx/ism330dhcx.o
                0x0800344e                ISM330DHCX_GYRO_Enable
 .text.ISM330DHCX_GYRO_Disable
                0x08003496       0x5e ./Drivers/BSP/Components/ism330dhcx/ism330dhcx.o
                0x08003496                ISM330DHCX_GYRO_Disable
 .text.ISM330DHCX_GYRO_GetSensitivity
                0x080034f4       0xc8 ./Drivers/BSP/Components/ism330dhcx/ism330dhcx.o
                0x080034f4                ISM330DHCX_GYRO_GetSensitivity
 .text.ISM330DHCX_GYRO_GetOutputDataRate
                0x080035bc       0xf8 ./Drivers/BSP/Components/ism330dhcx/ism330dhcx.o
                0x080035bc                ISM330DHCX_GYRO_GetOutputDataRate
 .text.ISM330DHCX_GYRO_SetOutputDataRate
                0x080036b4       0x38 ./Drivers/BSP/Components/ism330dhcx/ism330dhcx.o
                0x080036b4                ISM330DHCX_GYRO_SetOutputDataRate
 .text.ISM330DHCX_GYRO_GetFullScale
                0x080036ec       0xb8 ./Drivers/BSP/Components/ism330dhcx/ism330dhcx.o
                0x080036ec                ISM330DHCX_GYRO_GetFullScale
 .text.ISM330DHCX_GYRO_SetFullScale
                0x080037a4       0x6a ./Drivers/BSP/Components/ism330dhcx/ism330dhcx.o
                0x080037a4                ISM330DHCX_GYRO_SetFullScale
 .text.ISM330DHCX_GYRO_GetAxesRaw
                0x0800380e       0x48 ./Drivers/BSP/Components/ism330dhcx/ism330dhcx.o
                0x0800380e                ISM330DHCX_GYRO_GetAxesRaw
 .text.ISM330DHCX_GYRO_GetAxes
                0x08003856       0xae ./Drivers/BSP/Components/ism330dhcx/ism330dhcx.o
                0x08003856                ISM330DHCX_GYRO_GetAxes
 .text.ISM330DHCX_Write_Reg
                0x08003904       0x36 ./Drivers/BSP/Components/ism330dhcx/ism330dhcx.o
                0x08003904                ISM330DHCX_Write_Reg
 .text.ISM330DHCX_Set_Mem_Bank
                0x0800393a       0x4c ./Drivers/BSP/Components/ism330dhcx/ism330dhcx.o
                0x0800393a                ISM330DHCX_Set_Mem_Bank
 *fill*         0x08003986        0x2 
 .text.ISM330DHCX_ACC_SetOutputDataRate_When_Enabled
                0x08003988      0x118 ./Drivers/BSP/Components/ism330dhcx/ism330dhcx.o
 .text.ISM330DHCX_ACC_SetOutputDataRate_When_Disabled
                0x08003aa0      0x104 ./Drivers/BSP/Components/ism330dhcx/ism330dhcx.o
 .text.ISM330DHCX_GYRO_SetOutputDataRate_When_Enabled
                0x08003ba4      0x118 ./Drivers/BSP/Components/ism330dhcx/ism330dhcx.o
 .text.ISM330DHCX_GYRO_SetOutputDataRate_When_Disabled
                0x08003cbc      0x104 ./Drivers/BSP/Components/ism330dhcx/ism330dhcx.o
 .text.ReadRegWrap
                0x08003dc0       0x36 ./Drivers/BSP/Components/ism330dhcx/ism330dhcx.o
 .text.WriteRegWrap
                0x08003df6       0x36 ./Drivers/BSP/Components/ism330dhcx/ism330dhcx.o
 .text.ism330dhcx_read_reg
                0x08003e2c       0x3c ./Drivers/BSP/Components/ism330dhcx/ism330dhcx_reg.o
                0x08003e2c                ism330dhcx_read_reg
 .text.ism330dhcx_write_reg
                0x08003e68       0x3c ./Drivers/BSP/Components/ism330dhcx/ism330dhcx_reg.o
                0x08003e68                ism330dhcx_write_reg
 .text.ism330dhcx_xl_full_scale_set
                0x08003ea4       0x4c ./Drivers/BSP/Components/ism330dhcx/ism330dhcx_reg.o
                0x08003ea4                ism330dhcx_xl_full_scale_set
 .text.ism330dhcx_xl_full_scale_get
                0x08003ef0       0x70 ./Drivers/BSP/Components/ism330dhcx/ism330dhcx_reg.o
                0x08003ef0                ism330dhcx_xl_full_scale_get
 .text.ism330dhcx_xl_data_rate_set
                0x08003f60      0x2d8 ./Drivers/BSP/Components/ism330dhcx/ism330dhcx_reg.o
                0x08003f60                ism330dhcx_xl_data_rate_set
 .text.ism330dhcx_xl_data_rate_get
                0x08004238       0xd0 ./Drivers/BSP/Components/ism330dhcx/ism330dhcx_reg.o
                0x08004238                ism330dhcx_xl_data_rate_get
 .text.ism330dhcx_gy_full_scale_set
                0x08004308       0x4c ./Drivers/BSP/Components/ism330dhcx/ism330dhcx_reg.o
                0x08004308                ism330dhcx_gy_full_scale_set
 .text.ism330dhcx_gy_full_scale_get
                0x08004354       0xa4 ./Drivers/BSP/Components/ism330dhcx/ism330dhcx_reg.o
                0x08004354                ism330dhcx_gy_full_scale_get
 .text.ism330dhcx_gy_data_rate_set
                0x080043f8      0x2d8 ./Drivers/BSP/Components/ism330dhcx/ism330dhcx_reg.o
                0x080043f8                ism330dhcx_gy_data_rate_set
 .text.ism330dhcx_gy_data_rate_get
                0x080046d0       0xc4 ./Drivers/BSP/Components/ism330dhcx/ism330dhcx_reg.o
                0x080046d0                ism330dhcx_gy_data_rate_get
 .text.ism330dhcx_block_data_update_set
                0x08004794       0x4c ./Drivers/BSP/Components/ism330dhcx/ism330dhcx_reg.o
                0x08004794                ism330dhcx_block_data_update_set
 .text.ism330dhcx_angular_rate_raw_get
                0x080047e0       0x90 ./Drivers/BSP/Components/ism330dhcx/ism330dhcx_reg.o
                0x080047e0                ism330dhcx_angular_rate_raw_get
 .text.ism330dhcx_acceleration_raw_get
                0x08004870       0x90 ./Drivers/BSP/Components/ism330dhcx/ism330dhcx_reg.o
                0x08004870                ism330dhcx_acceleration_raw_get
 .text.ism330dhcx_device_conf_set
                0x08004900       0x4c ./Drivers/BSP/Components/ism330dhcx/ism330dhcx_reg.o
                0x08004900                ism330dhcx_device_conf_set
 .text.ism330dhcx_mem_bank_set
                0x0800494c       0x4c ./Drivers/BSP/Components/ism330dhcx/ism330dhcx_reg.o
                0x0800494c                ism330dhcx_mem_bank_set
 .text.ism330dhcx_device_id_get
                0x08004998       0x22 ./Drivers/BSP/Components/ism330dhcx/ism330dhcx_reg.o
                0x08004998                ism330dhcx_device_id_get
 .text.ism330dhcx_reset_set
                0x080049ba       0x4c ./Drivers/BSP/Components/ism330dhcx/ism330dhcx_reg.o
                0x080049ba                ism330dhcx_reset_set
 .text.ism330dhcx_auto_increment_set
                0x08004a06       0x4c ./Drivers/BSP/Components/ism330dhcx/ism330dhcx_reg.o
                0x08004a06                ism330dhcx_auto_increment_set
 .text.ism330dhcx_fifo_mode_set
                0x08004a52       0x4c ./Drivers/BSP/Components/ism330dhcx/ism330dhcx_reg.o
                0x08004a52                ism330dhcx_fifo_mode_set
 .text.ism330dhcx_fsm_enable_get
                0x08004a9e       0x58 ./Drivers/BSP/Components/ism330dhcx/ism330dhcx_reg.o
                0x08004a9e                ism330dhcx_fsm_enable_get
 *fill*         0x08004af6        0x2 
 .text.ism330dhcx_fsm_data_rate_get
                0x08004af8       0x90 ./Drivers/BSP/Components/ism330dhcx/ism330dhcx_reg.o
                0x08004af8                ism330dhcx_fsm_data_rate_get
 .text.ism330dhcx_mlc_get
                0x08004b88       0x52 ./Drivers/BSP/Components/ism330dhcx/ism330dhcx_reg.o
                0x08004b88                ism330dhcx_mlc_get
 *fill*         0x08004bda        0x2 
 .text.ism330dhcx_mlc_data_rate_get
                0x08004bdc       0x90 ./Drivers/BSP/Components/ism330dhcx/ism330dhcx_reg.o
                0x08004bdc                ism330dhcx_mlc_data_rate_get
 .text.HAL_Init
                0x08004c6c       0x40 ./Drivers/STM32L4xx_HAL_Driver/Src/stm32l4xx_hal.o
                0x08004c6c                HAL_Init
 .text.HAL_InitTick
                0x08004cac       0x78 ./Drivers/STM32L4xx_HAL_Driver/Src/stm32l4xx_hal.o
                0x08004cac                HAL_InitTick
 .text.HAL_IncTick
                0x08004d24       0x28 ./Drivers/STM32L4xx_HAL_Driver/Src/stm32l4xx_hal.o
                0x08004d24                HAL_IncTick
 .text.HAL_GetTick
                0x08004d4c       0x18 ./Drivers/STM32L4xx_HAL_Driver/Src/stm32l4xx_hal.o
                0x08004d4c                HAL_GetTick
 .text.HAL_Delay
                0x08004d64       0x48 ./Drivers/STM32L4xx_HAL_Driver/Src/stm32l4xx_hal.o
                0x08004d64                HAL_Delay
 .text.LL_ADC_SetCommonClock
                0x08004dac       0x26 ./Drivers/STM32L4xx_HAL_Driver/Src/stm32l4xx_hal_adc.o
 .text.LL_ADC_SetCommonPathInternalCh
                0x08004dd2       0x26 ./Drivers/STM32L4xx_HAL_Driver/Src/stm32l4xx_hal_adc.o
 .text.LL_ADC_GetCommonPathInternalCh
                0x08004df8       0x1c ./Drivers/STM32L4xx_HAL_Driver/Src/stm32l4xx_hal_adc.o
 .text.LL_ADC_SetOffset
                0x08004e14       0x48 ./Drivers/STM32L4xx_HAL_Driver/Src/stm32l4xx_hal_adc.o
 .text.LL_ADC_GetOffsetChannel
                0x08004e5c       0x2c ./Drivers/STM32L4xx_HAL_Driver/Src/stm32l4xx_hal_adc.o
 .text.LL_ADC_SetOffsetState
                0x08004e88       0x36 ./Drivers/STM32L4xx_HAL_Driver/Src/stm32l4xx_hal_adc.o
 .text.LL_ADC_REG_SetSequencerRanks
                0x08004ebe       0x58 ./Drivers/STM32L4xx_HAL_Driver/Src/stm32l4xx_hal_adc.o
 .text.LL_ADC_SetChannelSamplingTime
                0x08004f16       0x56 ./Drivers/STM32L4xx_HAL_Driver/Src/stm32l4xx_hal_adc.o
 .text.LL_ADC_SetChannelSingleDiff
                0x08004f6c       0x48 ./Drivers/STM32L4xx_HAL_Driver/Src/stm32l4xx_hal_adc.o
 .text.LL_ADC_DisableDeepPowerDown
                0x08004fb4       0x24 ./Drivers/STM32L4xx_HAL_Driver/Src/stm32l4xx_hal_adc.o
 .text.LL_ADC_IsDeepPowerDownEnabled
                0x08004fd8       0x28 ./Drivers/STM32L4xx_HAL_Driver/Src/stm32l4xx_hal_adc.o
 .text.LL_ADC_EnableInternalRegulator
                0x08005000       0x28 ./Drivers/STM32L4xx_HAL_Driver/Src/stm32l4xx_hal_adc.o
 .text.LL_ADC_IsInternalRegulatorEnabled
                0x08005028       0x28 ./Drivers/STM32L4xx_HAL_Driver/Src/stm32l4xx_hal_adc.o
 .text.LL_ADC_IsEnabled
                0x08005050       0x26 ./Drivers/STM32L4xx_HAL_Driver/Src/stm32l4xx_hal_adc.o
 .text.LL_ADC_REG_IsConversionOngoing
                0x08005076       0x26 ./Drivers/STM32L4xx_HAL_Driver/Src/stm32l4xx_hal_adc.o
 .text.LL_ADC_INJ_IsConversionOngoing
                0x0800509c       0x26 ./Drivers/STM32L4xx_HAL_Driver/Src/stm32l4xx_hal_adc.o
 *fill*         0x080050c2        0x2 
 .text.HAL_ADC_Init
                0x080050c4      0x2a0 ./Drivers/STM32L4xx_HAL_Driver/Src/stm32l4xx_hal_adc.o
                0x080050c4                HAL_ADC_Init
 .text.HAL_ADC_ConfigChannel
                0x08005364      0x7e4 ./Drivers/STM32L4xx_HAL_Driver/Src/stm32l4xx_hal_adc.o
                0x08005364                HAL_ADC_ConfigChannel
 .text.LL_ADC_IsEnabled
                0x08005b48       0x26 ./Drivers/STM32L4xx_HAL_Driver/Src/stm32l4xx_hal_adc_ex.o
 .text.LL_ADC_REG_IsConversionOngoing
                0x08005b6e       0x26 ./Drivers/STM32L4xx_HAL_Driver/Src/stm32l4xx_hal_adc_ex.o
 .text.HAL_ADCEx_MultiModeConfigChannel
                0x08005b94      0x160 ./Drivers/STM32L4xx_HAL_Driver/Src/stm32l4xx_hal_adc_ex.o
                0x08005b94                HAL_ADCEx_MultiModeConfigChannel
 .text.__NVIC_SetPriorityGrouping
                0x08005cf4       0x48 ./Drivers/STM32L4xx_HAL_Driver/Src/stm32l4xx_hal_cortex.o
 .text.__NVIC_GetPriorityGrouping
                0x08005d3c       0x1c ./Drivers/STM32L4xx_HAL_Driver/Src/stm32l4xx_hal_cortex.o
 .text.__NVIC_EnableIRQ
                0x08005d58       0x3c ./Drivers/STM32L4xx_HAL_Driver/Src/stm32l4xx_hal_cortex.o
 .text.__NVIC_SetPriority
                0x08005d94       0x54 ./Drivers/STM32L4xx_HAL_Driver/Src/stm32l4xx_hal_cortex.o
 .text.NVIC_EncodePriority
                0x08005de8       0x66 ./Drivers/STM32L4xx_HAL_Driver/Src/stm32l4xx_hal_cortex.o
 *fill*         0x08005e4e        0x2 
 .text.SysTick_Config
                0x08005e50       0x44 ./Drivers/STM32L4xx_HAL_Driver/Src/stm32l4xx_hal_cortex.o
 .text.HAL_NVIC_SetPriorityGrouping
                0x08005e94       0x16 ./Drivers/STM32L4xx_HAL_Driver/Src/stm32l4xx_hal_cortex.o
                0x08005e94                HAL_NVIC_SetPriorityGrouping
 .text.HAL_NVIC_SetPriority
                0x08005eaa       0x38 ./Drivers/STM32L4xx_HAL_Driver/Src/stm32l4xx_hal_cortex.o
                0x08005eaa                HAL_NVIC_SetPriority
 .text.HAL_NVIC_EnableIRQ
                0x08005ee2       0x1c ./Drivers/STM32L4xx_HAL_Driver/Src/stm32l4xx_hal_cortex.o
                0x08005ee2                HAL_NVIC_EnableIRQ
 .text.HAL_SYSTICK_Config
                0x08005efe       0x18 ./Drivers/STM32L4xx_HAL_Driver/Src/stm32l4xx_hal_cortex.o
                0x08005efe                HAL_SYSTICK_Config
 *fill*         0x08005f16        0x2 
 .text.HAL_CRC_Init
                0x08005f18       0xc8 ./Drivers/STM32L4xx_HAL_Driver/Src/stm32l4xx_hal_crc.o
                0x08005f18                HAL_CRC_Init
 .text.HAL_CRCEx_Polynomial_Set
                0x08005fe0      0x11c ./Drivers/STM32L4xx_HAL_Driver/Src/stm32l4xx_hal_crc_ex.o
                0x08005fe0                HAL_CRCEx_Polynomial_Set
 .text.HAL_DMA_Init
                0x080060fc      0x170 ./Drivers/STM32L4xx_HAL_Driver/Src/stm32l4xx_hal_dma.o
                0x080060fc                HAL_DMA_Init
 .text.HAL_DMA_IRQHandler
                0x0800626c      0x18c ./Drivers/STM32L4xx_HAL_Driver/Src/stm32l4xx_hal_dma.o
                0x0800626c                HAL_DMA_IRQHandler
 .text.HAL_GPIO_Init
                0x080063f8      0x354 ./Drivers/STM32L4xx_HAL_Driver/Src/stm32l4xx_hal_gpio.o
                0x080063f8                HAL_GPIO_Init
 .text.HAL_GPIO_DeInit
                0x0800674c      0x1e8 ./Drivers/STM32L4xx_HAL_Driver/Src/stm32l4xx_hal_gpio.o
                0x0800674c                HAL_GPIO_DeInit
 .text.HAL_GPIO_WritePin
                0x08006934       0x30 ./Drivers/STM32L4xx_HAL_Driver/Src/stm32l4xx_hal_gpio.o
                0x08006934                HAL_GPIO_WritePin
 .text.HAL_PWREx_GetVoltageRange
                0x08006964       0x1c ./Drivers/STM32L4xx_HAL_Driver/Src/stm32l4xx_hal_pwr_ex.o
                0x08006964                HAL_PWREx_GetVoltageRange
 .text.HAL_PWREx_ControlVoltageScaling
                0x08006980       0xac ./Drivers/STM32L4xx_HAL_Driver/Src/stm32l4xx_hal_pwr_ex.o
                0x08006980                HAL_PWREx_ControlVoltageScaling
 .text.HAL_RCC_OscConfig
                0x08006a2c      0x7b8 ./Drivers/STM32L4xx_HAL_Driver/Src/stm32l4xx_hal_rcc.o
                0x08006a2c                HAL_RCC_OscConfig
 .text.HAL_RCC_ClockConfig
                0x080071e4      0x200 ./Drivers/STM32L4xx_HAL_Driver/Src/stm32l4xx_hal_rcc.o
                0x080071e4                HAL_RCC_ClockConfig
 .text.HAL_RCC_GetSysClockFreq
                0x080073e4      0x118 ./Drivers/STM32L4xx_HAL_Driver/Src/stm32l4xx_hal_rcc.o
                0x080073e4                HAL_RCC_GetSysClockFreq
 .text.HAL_RCC_GetHCLKFreq
                0x080074fc       0x18 ./Drivers/STM32L4xx_HAL_Driver/Src/stm32l4xx_hal_rcc.o
                0x080074fc                HAL_RCC_GetHCLKFreq
 .text.HAL_RCC_GetPCLK1Freq
                0x08007514       0x2c ./Drivers/STM32L4xx_HAL_Driver/Src/stm32l4xx_hal_rcc.o
                0x08007514                HAL_RCC_GetPCLK1Freq
 .text.HAL_RCC_GetPCLK2Freq
                0x08007540       0x2c ./Drivers/STM32L4xx_HAL_Driver/Src/stm32l4xx_hal_rcc.o
                0x08007540                HAL_RCC_GetPCLK2Freq
 .text.RCC_SetFlashLatencyFromMSIRange
                0x0800756c       0xc0 ./Drivers/STM32L4xx_HAL_Driver/Src/stm32l4xx_hal_rcc.o
 .text.HAL_RCCEx_PeriphCLKConfig
                0x0800762c      0x5d4 ./Drivers/STM32L4xx_HAL_Driver/Src/stm32l4xx_hal_rcc_ex.o
                0x0800762c                HAL_RCCEx_PeriphCLKConfig
 .text.RCCEx_PLLSAI1_Config
                0x08007c00      0x1e8 ./Drivers/STM32L4xx_HAL_Driver/Src/stm32l4xx_hal_rcc_ex.o
 .text.RCCEx_PLLSAI2_Config
                0x08007de8      0x1bc ./Drivers/STM32L4xx_HAL_Driver/Src/stm32l4xx_hal_rcc_ex.o
 .text.HAL_SPI_Init
                0x08007fa4      0x146 ./Drivers/STM32L4xx_HAL_Driver/Src/stm32l4xx_hal_spi.o
                0x08007fa4                HAL_SPI_Init
 .text.HAL_SPI_DeInit
                0x080080ea       0x50 ./Drivers/STM32L4xx_HAL_Driver/Src/stm32l4xx_hal_spi.o
                0x080080ea                HAL_SPI_DeInit
 .text.HAL_SPI_Transmit
                0x0800813a      0x2ec ./Drivers/STM32L4xx_HAL_Driver/Src/stm32l4xx_hal_spi.o
                0x0800813a                HAL_SPI_Transmit
 .text.HAL_SPI_Receive
                0x08008426      0x270 ./Drivers/STM32L4xx_HAL_Driver/Src/stm32l4xx_hal_spi.o
                0x08008426                HAL_SPI_Receive
 .text.HAL_SPI_TransmitReceive
                0x08008696      0x43e ./Drivers/STM32L4xx_HAL_Driver/Src/stm32l4xx_hal_spi.o
                0x08008696                HAL_SPI_TransmitReceive
 .text.HAL_SPI_GetState
                0x08008ad4       0x1c ./Drivers/STM32L4xx_HAL_Driver/Src/stm32l4xx_hal_spi.o
                0x08008ad4                HAL_SPI_GetState
 .text.SPI_WaitFlagStateUntilTimeout
                0x08008af0      0x110 ./Drivers/STM32L4xx_HAL_Driver/Src/stm32l4xx_hal_spi.o
 .text.SPI_WaitFifoStateUntilTimeout
                0x08008c00      0x12c ./Drivers/STM32L4xx_HAL_Driver/Src/stm32l4xx_hal_spi.o
 .text.SPI_EndRxTransaction
                0x08008d2c       0xb0 ./Drivers/STM32L4xx_HAL_Driver/Src/stm32l4xx_hal_spi.o
 .text.SPI_EndRxTxTransaction
                0x08008ddc       0x8c ./Drivers/STM32L4xx_HAL_Driver/Src/stm32l4xx_hal_spi.o
 .text.HAL_TIM_Base_Init
                0x08008e68       0xae ./Drivers/STM32L4xx_HAL_Driver/Src/stm32l4xx_hal_tim.o
                0x08008e68                HAL_TIM_Base_Init
 *fill*         0x08008f16        0x2 
 .text.HAL_TIM_Base_Start_IT
                0x08008f18       0xe0 ./Drivers/STM32L4xx_HAL_Driver/Src/stm32l4xx_hal_tim.o
                0x08008f18                HAL_TIM_Base_Start_IT
 .text.HAL_TIM_PWM_Init
                0x08008ff8       0xae ./Drivers/STM32L4xx_HAL_Driver/Src/stm32l4xx_hal_tim.o
                0x08008ff8                HAL_TIM_PWM_Init
 *fill*         0x080090a6        0x2 
 .text.HAL_TIM_PWM_Start
                0x080090a8      0x20c ./Drivers/STM32L4xx_HAL_Driver/Src/stm32l4xx_hal_tim.o
                0x080090a8                HAL_TIM_PWM_Start
 .text.HAL_TIM_Encoder_Init
                0x080092b4      0x14c ./Drivers/STM32L4xx_HAL_Driver/Src/stm32l4xx_hal_tim.o
                0x080092b4                HAL_TIM_Encoder_Init
 .text.HAL_TIM_Encoder_Start
                0x08009400      0x11c ./Drivers/STM32L4xx_HAL_Driver/Src/stm32l4xx_hal_tim.o
                0x08009400                HAL_TIM_Encoder_Start
 .text.HAL_TIM_IRQHandler
                0x0800951c      0x20e ./Drivers/STM32L4xx_HAL_Driver/Src/stm32l4xx_hal_tim.o
                0x0800951c                HAL_TIM_IRQHandler
 *fill*         0x0800972a        0x2 
 .text.HAL_TIM_PWM_ConfigChannel
                0x0800972c      0x228 ./Drivers/STM32L4xx_HAL_Driver/Src/stm32l4xx_hal_tim.o
                0x0800972c                HAL_TIM_PWM_ConfigChannel
 .text.HAL_TIM_ConfigClockSource
                0x08009954      0x192 ./Drivers/STM32L4xx_HAL_Driver/Src/stm32l4xx_hal_tim.o
                0x08009954                HAL_TIM_ConfigClockSource
 .text.HAL_TIM_OC_DelayElapsedCallback
                0x08009ae6       0x14 ./Drivers/STM32L4xx_HAL_Driver/Src/stm32l4xx_hal_tim.o
                0x08009ae6                HAL_TIM_OC_DelayElapsedCallback
 .text.HAL_TIM_IC_CaptureCallback
                0x08009afa       0x14 ./Drivers/STM32L4xx_HAL_Driver/Src/stm32l4xx_hal_tim.o
                0x08009afa                HAL_TIM_IC_CaptureCallback
 .text.HAL_TIM_PWM_PulseFinishedCallback
                0x08009b0e       0x14 ./Drivers/STM32L4xx_HAL_Driver/Src/stm32l4xx_hal_tim.o
                0x08009b0e                HAL_TIM_PWM_PulseFinishedCallback
 .text.HAL_TIM_TriggerCallback
                0x08009b22       0x14 ./Drivers/STM32L4xx_HAL_Driver/Src/stm32l4xx_hal_tim.o
                0x08009b22                HAL_TIM_TriggerCallback
 *fill*         0x08009b36        0x2 
 .text.TIM_Base_SetConfig
                0x08009b38      0x140 ./Drivers/STM32L4xx_HAL_Driver/Src/stm32l4xx_hal_tim.o
                0x08009b38                TIM_Base_SetConfig
 .text.TIM_OC1_SetConfig
                0x08009c78      0x124 ./Drivers/STM32L4xx_HAL_Driver/Src/stm32l4xx_hal_tim.o
 .text.TIM_OC2_SetConfig
                0x08009d9c      0x118 ./Drivers/STM32L4xx_HAL_Driver/Src/stm32l4xx_hal_tim.o
                0x08009d9c                TIM_OC2_SetConfig
 .text.TIM_OC3_SetConfig
                0x08009eb4      0x114 ./Drivers/STM32L4xx_HAL_Driver/Src/stm32l4xx_hal_tim.o
 .text.TIM_OC4_SetConfig
                0x08009fc8       0xd4 ./Drivers/STM32L4xx_HAL_Driver/Src/stm32l4xx_hal_tim.o
 .text.TIM_OC5_SetConfig
                0x0800a09c       0xc8 ./Drivers/STM32L4xx_HAL_Driver/Src/stm32l4xx_hal_tim.o
 .text.TIM_OC6_SetConfig
                0x0800a164       0xcc ./Drivers/STM32L4xx_HAL_Driver/Src/stm32l4xx_hal_tim.o
 .text.TIM_TI1_ConfigInputStage
                0x0800a230       0xa8 ./Drivers/STM32L4xx_HAL_Driver/Src/stm32l4xx_hal_tim.o
 .text.TIM_TI2_ConfigInputStage
                0x0800a2d8       0x84 ./Drivers/STM32L4xx_HAL_Driver/Src/stm32l4xx_hal_tim.o
 .text.TIM_ITRx_SetConfig
                0x0800a35c       0x36 ./Drivers/STM32L4xx_HAL_Driver/Src/stm32l4xx_hal_tim.o
 .text.TIM_ETR_SetConfig
                0x0800a392       0x40 ./Drivers/STM32L4xx_HAL_Driver/Src/stm32l4xx_hal_tim.o
                0x0800a392                TIM_ETR_SetConfig
 .text.TIM_CCxChannelCmd
                0x0800a3d2       0x4a ./Drivers/STM32L4xx_HAL_Driver/Src/stm32l4xx_hal_tim.o
                0x0800a3d2                TIM_CCxChannelCmd
 .text.HAL_TIMEx_MasterConfigSynchronization
                0x0800a41c      0x110 ./Drivers/STM32L4xx_HAL_Driver/Src/stm32l4xx_hal_tim_ex.o
                0x0800a41c                HAL_TIMEx_MasterConfigSynchronization
 .text.HAL_TIMEx_ConfigBreakDeadTime
                0x0800a52c       0xfc ./Drivers/STM32L4xx_HAL_Driver/Src/stm32l4xx_hal_tim_ex.o
                0x0800a52c                HAL_TIMEx_ConfigBreakDeadTime
 .text.HAL_TIMEx_CommutCallback
                0x0800a628       0x14 ./Drivers/STM32L4xx_HAL_Driver/Src/stm32l4xx_hal_tim_ex.o
                0x0800a628                HAL_TIMEx_CommutCallback
 .text.HAL_TIMEx_BreakCallback
                0x0800a63c       0x14 ./Drivers/STM32L4xx_HAL_Driver/Src/stm32l4xx_hal_tim_ex.o
                0x0800a63c                HAL_TIMEx_BreakCallback
 .text.HAL_TIMEx_Break2Callback
                0x0800a650       0x14 ./Drivers/STM32L4xx_HAL_Driver/Src/stm32l4xx_hal_tim_ex.o
                0x0800a650                HAL_TIMEx_Break2Callback
 .text.HAL_UART_Init
                0x0800a664       0x9c ./Drivers/STM32L4xx_HAL_Driver/Src/stm32l4xx_hal_uart.o
                0x0800a664                HAL_UART_Init
 .text.UART_SetConfig
                0x0800a700      0x570 ./Drivers/STM32L4xx_HAL_Driver/Src/stm32l4xx_hal_uart.o
                0x0800a700                UART_SetConfig
 .text.UART_AdvFeatureConfig
                0x0800ac70      0x144 ./Drivers/STM32L4xx_HAL_Driver/Src/stm32l4xx_hal_uart.o
                0x0800ac70                UART_AdvFeatureConfig
 .text.UART_CheckIdleState
                0x0800adb4      0x150 ./Drivers/STM32L4xx_HAL_Driver/Src/stm32l4xx_hal_uart.o
                0x0800adb4                UART_CheckIdleState
 .text.UART_WaitOnFlagUntilTimeout
                0x0800af04       0xda ./Drivers/STM32L4xx_HAL_Driver/Src/stm32l4xx_hal_uart.o
                0x0800af04                UART_WaitOnFlagUntilTimeout
 .text.UART_EndRxTransfer
                0x0800afde       0xc8 ./Drivers/STM32L4xx_HAL_Driver/Src/stm32l4xx_hal_uart.o
 *fill*         0x0800b0a6        0x2 
 .text.CUSTOM_MOTION_SENSOR_Init
                0x0800b0a8      0x110 ./X-CUBE-MEMS1/Target/custom_motion_sensors.o
                0x0800b0a8                CUSTOM_MOTION_SENSOR_Init
 .text.CUSTOM_MOTION_SENSOR_Enable
                0x0800b1b8       0x84 ./X-CUBE-MEMS1/Target/custom_motion_sensors.o
                0x0800b1b8                CUSTOM_MOTION_SENSOR_Enable
 .text.CUSTOM_MOTION_SENSOR_GetAxes
                0x0800b23c       0x88 ./X-CUBE-MEMS1/Target/custom_motion_sensors.o
                0x0800b23c                CUSTOM_MOTION_SENSOR_GetAxes
 .text.CUSTOM_MOTION_SENSOR_GetAxesRaw
                0x0800b2c4       0x88 ./X-CUBE-MEMS1/Target/custom_motion_sensors.o
                0x0800b2c4                CUSTOM_MOTION_SENSOR_GetAxesRaw
 .text.CUSTOM_MOTION_SENSOR_SetOutputDataRate
                0x0800b34c       0x8c ./X-CUBE-MEMS1/Target/custom_motion_sensors.o
                0x0800b34c                CUSTOM_MOTION_SENSOR_SetOutputDataRate
 .text.ISM330DHCX_0_Probe
                0x0800b3d8      0x194 ./X-CUBE-MEMS1/Target/custom_motion_sensors.o
 .text.CUSTOM_ISM330DHCX_0_Init
                0x0800b56c       0x24 ./X-CUBE-MEMS1/Target/custom_motion_sensors.o
 .text.CUSTOM_ISM330DHCX_0_DeInit
                0x0800b590       0x24 ./X-CUBE-MEMS1/Target/custom_motion_sensors.o
 .text.CUSTOM_ISM330DHCX_0_WriteReg
                0x0800b5b4       0x70 ./X-CUBE-MEMS1/Target/custom_motion_sensors.o
 .text.CUSTOM_ISM330DHCX_0_ReadReg
                0x0800b624       0x7a ./X-CUBE-MEMS1/Target/custom_motion_sensors.o
 *fill*         0x0800b69e        0x2 
 .text.gbe_data_derivative5
                0x0800b6a0       0x98 ../Middlewares/ST/STM32_MotionGC_Library/Lib\MotionGC_CM4F_wc32_ot_hard.a(motion_gc.o)
 .text.MotionGC_Initialize
                0x0800b738      0x1d4 ../Middlewares/ST/STM32_MotionGC_Library/Lib\MotionGC_CM4F_wc32_ot_hard.a(motion_gc.o)
                0x0800b738                MotionGC_Initialize
 .text.MotionGC_GetKnobs
                0x0800b90c       0x24 ../Middlewares/ST/STM32_MotionGC_Library/Lib\MotionGC_CM4F_wc32_ot_hard.a(motion_gc.o)
                0x0800b90c                MotionGC_GetKnobs
 .text.MotionGC_SetKnobs
                0x0800b930       0x38 ../Middlewares/ST/STM32_MotionGC_Library/Lib\MotionGC_CM4F_wc32_ot_hard.a(motion_gc.o)
                0x0800b930                MotionGC_SetKnobs
 .text.MotionGC_Update
                0x0800b968      0x7b8 ../Middlewares/ST/STM32_MotionGC_Library/Lib\MotionGC_CM4F_wc32_ot_hard.a(motion_gc.o)
                0x0800b968                MotionGC_Update
 .text.MotionGC_SetCalParams
                0x0800c120       0x24 ../Middlewares/ST/STM32_MotionGC_Library/Lib\MotionGC_CM4F_wc32_ot_hard.a(motion_gc.o)
                0x0800c120                MotionGC_SetCalParams
 .text.MotionGC_SetFrequency
                0x0800c144       0x28 ../Middlewares/ST/STM32_MotionGC_Library/Lib\MotionGC_CM4F_wc32_ot_hard.a(motion_gc.o)
                0x0800c144                MotionGC_SetFrequency
 .text.memset   0x0800c16c       0x10 C:/ST/STM32CubeIDE_2.0.0/STM32CubeIDE/plugins/com.st.stm32cube.ide.mcu.externaltools.gnu-tools-for-stm32.13.3.rel1.win32_1.0.100.202509120712/tools/bin/../lib/gcc/arm-none-eabi/13.3.1/../../../../arm-none-eabi/lib/thumb/v7e-m+fp/hard\libc_nano.a(libc_a-memset.o)
                0x0800c16c                memset
 .text.__libc_init_array
                0x0800c17c       0x48 C:/ST/STM32CubeIDE_2.0.0/STM32CubeIDE/plugins/com.st.stm32cube.ide.mcu.externaltools.gnu-tools-for-stm32.13.3.rel1.win32_1.0.100.202509120712/tools/bin/../lib/gcc/arm-none-eabi/13.3.1/../../../../arm-none-eabi/lib/thumb/v7e-m+fp/hard\libc_nano.a(libc_a-init.o)
                0x0800c17c                __libc_init_array
 *(.glue_7)
 .glue_7        0x0800c1c4        0x0 linker stubs
 *(.glue_7t)
 .glue_7t       0x0800c1c4        0x0 linker stubs
 *(.eh_frame)
 .eh_frame      0x0800c1c4        0x0 C:/ST/STM32CubeIDE_2.0.0/STM32CubeIDE/plugins/com.st.stm32cube.ide.mcu.externaltools.gnu-tools-for-stm32.13.3.rel1.win32_1.0.100.202509120712/tools/bin/../lib/gcc/arm-none-eabi/13.3.1/thumb/v7e-m+fp/hard/crtbegin.o
 *(.init)
 .init          0x0800c1c4        0x4 C:/ST/STM32CubeIDE_2.0.0/STM32CubeIDE/plugins/com.st.stm32cube.ide.mcu.externaltools.gnu-tools-for-stm32.13.3.rel1.win32_1.0.100.202509120712/tools/bin/../lib/gcc/arm-none-eabi/13.3.1/thumb/v7e-m+fp/hard/crti.o
                0x0800c1c4                _init
 .init          0x0800c1c8        0x8 C:/ST/STM32CubeIDE_2.0.0/STM32CubeIDE/plugins/com.st.stm32cube.ide.mcu.externaltools.gnu-tools-for-stm32.13.3.rel1.win32_1.0.100.202509120712/tools/bin/../lib/gcc/arm-none-eabi/13.3.1/thumb/v7e-m+fp/hard/crtn.o
 *(.fini)
 .fini          0x0800c1d0        0x4 C:/ST/STM32CubeIDE_2.0.0/STM32CubeIDE/plugins/com.st.stm32cube.ide.mcu.externaltools.gnu-tools-for-stm32.13.3.rel1.win32_1.0.100.202509120712/tools/bin/../lib/gcc/arm-none-eabi/13.3.1/thumb/v7e-m+fp/hard/crti.o
                0x0800c1d0                _fini
 .fini          0x0800c1d4        0x8 C:/ST/STM32CubeIDE_2.0.0/STM32CubeIDE/plugins/com.st.stm32cube.ide.mcu.externaltools.gnu-tools-for-stm32.13.3.rel1.win32_1.0.100.202509120712/tools/bin/../lib/gcc/arm-none-eabi/13.3.1/thumb/v7e-m+fp/hard/crtn.o
                0x0800c1dc                        . = ALIGN (0x4)
                0x0800c1dc                        _etext = .

.vfp11_veneer   0x0800c1dc        0x0
 .vfp11_veneer  0x0800c1dc        0x0 linker stubs

.v4_bx          0x0800c1dc        0x0
 .v4_bx         0x0800c1dc        0x0 linker stubs

.iplt           0x0800c1dc        0x0
 .iplt          0x0800c1dc        0x0 C:/ST/STM32CubeIDE_2.0.0/STM32CubeIDE/plugins/com.st.stm32cube.ide.mcu.externaltools.gnu-tools-for-stm32.13.3.rel1.win32_1.0.100.202509120712/tools/bin/../lib/gcc/arm-none-eabi/13.3.1/thumb/v7e-m+fp/hard/crtbegin.o

.rodata         0x0800c1e0      0x818
                0x0800c1e0                        . = ALIGN (0x4)
 *(.rodata)
 *(.rodata*)
 .rodata.rounders
                0x0800c1e0       0x58 ./Core/Src/ftoa.o
 .rodata.Font7x10
                0x0800c238      0x76c ./Core/Src/ssd1306_fonts.o
 .rodata.Font_7x10
                0x0800c9a4        0xc ./Core/Src/ssd1306_fonts.o
                0x0800c9a4                Font_7x10
 .rodata.AHBPrescTable
                0x0800c9b0       0x10 ./Core/Src/system_stm32l4xx.o
                0x0800c9b0                AHBPrescTable
 .rodata.APBPrescTable
                0x0800c9c0        0x8 ./Core/Src/system_stm32l4xx.o
                0x0800c9c0                APBPrescTable
 .rodata.MSIRangeTable
                0x0800c9c8       0x30 ./Core/Src/system_stm32l4xx.o
                0x0800c9c8                MSIRangeTable
                0x0800c9f8                        . = ALIGN (0x4)

.ARM.extab      0x0800c9f8        0x0
                0x0800c9f8                        . = ALIGN (0x4)
 *(.ARM.extab* .gnu.linkonce.armextab.*)
                0x0800c9f8                        . = ALIGN (0x4)

.ARM            0x0800c9f8        0x8
                0x0800c9f8                        . = ALIGN (0x4)
                0x0800c9f8                        __exidx_start = .
 *(.ARM.exidx*)
 .ARM.exidx     0x0800c9f8        0x8 C:/ST/STM32CubeIDE_2.0.0/STM32CubeIDE/plugins/com.st.stm32cube.ide.mcu.externaltools.gnu-tools-for-stm32.13.3.rel1.win32_1.0.100.202509120712/tools/bin/../lib/gcc/arm-none-eabi/13.3.1/thumb/v7e-m+fp/hard\libgcc.a(_udivmoddi4.o)
                0x0800ca00                        __exidx_end = .
                0x0800ca00                        . = ALIGN (0x4)

.preinit_array  0x0800ca00        0x0
                0x0800ca00                        . = ALIGN (0x4)
                0x0800ca00                        PROVIDE (__preinit_array_start = .)
 *(.preinit_array*)
                0x0800ca00                        PROVIDE (__preinit_array_end = .)
                0x0800ca00                        . = ALIGN (0x4)

.init_array     0x0800ca00        0x4
                0x0800ca00                        . = ALIGN (0x4)
                0x0800ca00                        PROVIDE (__init_array_start = .)
 *(SORT_BY_NAME(.init_array.*))
 *(.init_array*)
 .init_array    0x0800ca00        0x4 C:/ST/STM32CubeIDE_2.0.0/STM32CubeIDE/plugins/com.st.stm32cube.ide.mcu.externaltools.gnu-tools-for-stm32.13.3.rel1.win32_1.0.100.202509120712/tools/bin/../lib/gcc/arm-none-eabi/13.3.1/thumb/v7e-m+fp/hard/crtbegin.o
                0x0800ca04                        PROVIDE (__init_array_end = .)
                0x0800ca04                        . = ALIGN (0x4)

.fini_array     0x0800ca04        0x4
                0x0800ca04                        . = ALIGN (0x4)
                [!provide]                        PROVIDE (__fini_array_start = .)
 *(SORT_BY_NAME(.fini_array.*))
 *(.fini_array*)
 .fini_array    0x0800ca04        0x4 C:/ST/STM32CubeIDE_2.0.0/STM32CubeIDE/plugins/com.st.stm32cube.ide.mcu.externaltools.gnu-tools-for-stm32.13.3.rel1.win32_1.0.100.202509120712/tools/bin/../lib/gcc/arm-none-eabi/13.3.1/thumb/v7e-m+fp/hard/crtbegin.o
                [!provide]                        PROVIDE (__fini_array_end = .)
                0x0800ca08                        . = ALIGN (0x4)
                0x0800ca08                        _sidata = LOADADDR (.data)

.rel.dyn        0x0800ca08        0x0
 .rel.iplt      0x0800ca08        0x0 C:/ST/STM32CubeIDE_2.0.0/STM32CubeIDE/plugins/com.st.stm32cube.ide.mcu.externaltools.gnu-tools-for-stm32.13.3.rel1.win32_1.0.100.202509120712/tools/bin/../lib/gcc/arm-none-eabi/13.3.1/thumb/v7e-m+fp/hard/crtbegin.o

.data           0x20000000       0xa4 load address 0x0800ca08
                0x20000000                        . = ALIGN (0x4)
                0x20000000                        _sdata = .
 *(.data)
 *(.data*)
 .data.salutations
                0x20000000        0x4 ./Core/Src/main.o
                0x20000000                salutations
 .data.xline    0x20000004        0x4 ./Core/Src/main.o
                0x20000004                xline
 .data.empty    0x20000008       0x11 ./Core/Src/main.o
                0x20000008                empty
 *fill*         0x20000019        0x3 
 .data.sample_freq
                0x2000001c        0x4 ./Core/Src/main.o
                0x2000001c                sample_freq
 .data.SystemCoreClock
                0x20000020        0x4 ./Core/Src/system_stm32l4xx.o
                0x20000020                SystemCoreClock
 .data.ISM330DHCX_COMMON_Driver
                0x20000024       0x10 ./Drivers/BSP/Components/ism330dhcx/ism330dhcx.o
                0x20000024                ISM330DHCX_COMMON_Driver
 .data.ISM330DHCX_ACC_Driver
                0x20000034       0x24 ./Drivers/BSP/Components/ism330dhcx/ism330dhcx.o
                0x20000034                ISM330DHCX_ACC_Driver
 .data.ISM330DHCX_GYRO_Driver
                0x20000058       0x24 ./Drivers/BSP/Components/ism330dhcx/ism330dhcx.o
                0x20000058                ISM330DHCX_GYRO_Driver
 .data.uwTickPrio
                0x2000007c        0x4 ./Drivers/STM32L4xx_HAL_Driver/Src/stm32l4xx_hal.o
                0x2000007c                uwTickPrio
 .data.uwTickFreq
                0x20000080        0x1 ./Drivers/STM32L4xx_HAL_Driver/Src/stm32l4xx_hal.o
                0x20000080                uwTickFreq
 *fill*         0x20000081        0x3 
 .data.FunctionIndex
                0x20000084       0x20 ./X-CUBE-MEMS1/Target/custom_motion_sensors.o
 *(.RamFunc)
 *(.RamFunc*)
                0x200000a4                        . = ALIGN (0x4)
                0x200000a4                        _edata = .

.igot.plt       0x200000a4        0x0 load address 0x0800caac
 .igot.plt      0x200000a4        0x0 C:/ST/STM32CubeIDE_2.0.0/STM32CubeIDE/plugins/com.st.stm32cube.ide.mcu.externaltools.gnu-tools-for-stm32.13.3.rel1.win32_1.0.100.202509120712/tools/bin/../lib/gcc/arm-none-eabi/13.3.1/thumb/v7e-m+fp/hard/crtbegin.o
                0x200000a4                        . = ALIGN (0x4)

.bss            0x200000a8      0x7c8 load address 0x0800caac
                0x200000a8                        _sbss = .
                0x200000a8                        __bss_start__ = _sbss
 *(.bss)
 .bss           0x200000a8       0x1c C:/ST/STM32CubeIDE_2.0.0/STM32CubeIDE/plugins/com.st.stm32cube.ide.mcu.externaltools.gnu-tools-for-stm32.13.3.rel1.win32_1.0.100.202509120712/tools/bin/../lib/gcc/arm-none-eabi/13.3.1/thumb/v7e-m+fp/hard/crtbegin.o
 .bss           0x200000c4      0x128 ../Middlewares/ST/STM32_MotionGC_Library/Lib\MotionGC_CM4F_wc32_ot_hard.a(motion_gc.o)
 *(.bss*)
 .bss.hadc1     0x200001ec       0x64 ./Core/Src/main.o
                0x200001ec                hadc1
 .bss.hdma_adc1
                0x20000250       0x48 ./Core/Src/main.o
                0x20000250                hdma_adc1
 .bss.hcrc      0x20000298       0x24 ./Core/Src/main.o
                0x20000298                hcrc
 .bss.hspi2     0x200002bc       0x64 ./Core/Src/main.o
                0x200002bc                hspi2
 .bss.htim1     0x20000320       0x4c ./Core/Src/main.o
                0x20000320                htim1
 .bss.htim2     0x2000036c       0x4c ./Core/Src/main.o
                0x2000036c                htim2
 .bss.htim3     0x200003b8       0x4c ./Core/Src/main.o
                0x200003b8                htim3
 .bss.htim4     0x20000404       0x4c ./Core/Src/main.o
                0x20000404                htim4
 .bss.huart2    0x20000450       0x88 ./Core/Src/main.o
                0x20000450                huart2
 .bss.hdma_usart2_rx
                0x200004d8       0x48 ./Core/Src/main.o
                0x200004d8                hdma_usart2_rx
 .bss.acc_value
                0x20000520        0xc ./Core/Src/main.o
                0x20000520                acc_value
 .bss.gyr_raw   0x2000052c        0x6 ./Core/Src/main.o
                0x2000052c                gyr_raw
 .bss.ret       0x20000532        0x1 ./Core/Src/main.o
                0x20000532                ret
 *fill*         0x20000533        0x1 
 .bss.buffer    0x20000534       0x14 ./Core/Src/main.o
                0x20000534                buffer
 .bss.x_pos     0x20000548        0x8 ./Core/Src/main.o
                0x20000548                x_pos
 .bss.knobs     0x20000550       0x18 ./Core/Src/main.o
                0x20000550                knobs
 .bss.start_gyro_bias
                0x20000568        0xc ./Core/Src/main.o
                0x20000568                start_gyro_bias
 .bss.gyro_cal_x
                0x20000574        0x4 ./Core/Src/main.o
                0x20000574                gyro_cal_x
 .bss.gyro_cal_y
                0x20000578        0x4 ./Core/Src/main.o
                0x20000578                gyro_cal_y
 .bss.gyro_cal_z
                0x2000057c        0x4 ./Core/Src/main.o
                0x2000057c                gyro_cal_z
 .bss.data_in   0x20000580       0x18 ./Core/Src/main.o
                0x20000580                data_in
 .bss.data_out  0x20000598        0xc ./Core/Src/main.o
                0x20000598                data_out
 .bss.bias_update
                0x200005a4        0x4 ./Core/Src/main.o
                0x200005a4                bias_update
 .bss.SSD1306_Buffer
                0x200005a8      0x200 ./Core/Src/ssd1306.o
 .bss.SSD1306   0x200007a8        0x6 ./Core/Src/ssd1306.o
 *fill*         0x200007ae        0x2 
 .bss.hspi3     0x200007b0       0x64 ./Core/Src/stm32l4xx_nucleo_bus.o
                0x200007b0                hspi3
 .bss.SPI3InitCounter
                0x20000814        0x4 ./Core/Src/stm32l4xx_nucleo_bus.o
 .bss.uwTick    0x20000818        0x4 ./Drivers/STM32L4xx_HAL_Driver/Src/stm32l4xx_hal.o
                0x20000818                uwTick
 .bss.MotionCompObj
                0x2000081c        0x4 ./X-CUBE-MEMS1/Target/custom_motion_sensors.o
                0x2000081c                MotionCompObj
 .bss.MotionFuncDrv
                0x20000820        0xc ./X-CUBE-MEMS1/Target/custom_motion_sensors.o
 .bss.MotionDrv
                0x2000082c        0x4 ./X-CUBE-MEMS1/Target/custom_motion_sensors.o
 .bss.MotionCtx
                0x20000830        0x4 ./X-CUBE-MEMS1/Target/custom_motion_sensors.o
 .bss.ism330dhcx_obj_0.0
                0x20000834       0x3c ./X-CUBE-MEMS1/Target/custom_motion_sensors.o
 *(COMMON)
                0x20000870                        . = ALIGN (0x4)
                0x20000870                        _ebss = .
                0x20000870                        __bss_end__ = _ebss

._user_heap_stack
                0x20000870      0x600 load address 0x0800caac
                0x20000870                        . = ALIGN (0x8)
                [!provide]                        PROVIDE (end = .)
                0x20000870                        PROVIDE (_end = .)
                0x20000a70                        . = (. + _Min_Heap_Size)
 *fill*         0x20000870      0x200 
                0x20000e70                        . = (. + _Min_Stack_Size)
 *fill*         0x20000a70      0x400 
                0x20000e70                        . = ALIGN (0x8)

/DISCARD/
 libc.a(*)
 libm.a(*)
 libgcc.a(*)

.ARM.attributes
                0x00000000       0x30
 *(.ARM.attributes)
 .ARM.attributes
                0x00000000       0x22 C:/ST/STM32CubeIDE_2.0.0/STM32CubeIDE/plugins/com.st.stm32cube.ide.mcu.externaltools.gnu-tools-for-stm32.13.3.rel1.win32_1.0.100.202509120712/tools/bin/../lib/gcc/arm-none-eabi/13.3.1/thumb/v7e-m+fp/hard/crti.o
 .ARM.attributes
                0x00000022       0x34 C:/ST/STM32CubeIDE_2.0.0/STM32CubeIDE/plugins/com.st.stm32cube.ide.mcu.externaltools.gnu-tools-for-stm32.13.3.rel1.win32_1.0.100.202509120712/tools/bin/../lib/gcc/arm-none-eabi/13.3.1/thumb/v7e-m+fp/hard/crtbegin.o
 .ARM.attributes
                0x00000056       0x34 ./Core/Src/delay.o
 .ARM.attributes
                0x0000008a       0x34 ./Core/Src/ftoa.o
 .ARM.attributes
                0x000000be       0x34 ./Core/Src/itoa.o
 .ARM.attributes
                0x000000f2       0x34 ./Core/Src/main.o
 .ARM.attributes
                0x00000126       0x34 ./Core/Src/ssd1306.o
 .ARM.attributes
                0x0000015a       0x34 ./Core/Src/ssd1306_fonts.o
 .ARM.attributes
                0x0000018e       0x34 ./Core/Src/stm32l4xx_hal_msp.o
 .ARM.attributes
                0x000001c2       0x34 ./Core/Src/stm32l4xx_it.o
 .ARM.attributes
                0x000001f6       0x34 ./Core/Src/stm32l4xx_nucleo_bus.o
 .ARM.attributes
                0x0000022a       0x34 ./Core/Src/system_stm32l4xx.o
 .ARM.attributes
                0x0000025e       0x34 ./Core/Src/systick.o
 .ARM.attributes
                0x00000292       0x21 ./Core/Startup/startup_stm32l476rgtx.o
 .ARM.attributes
                0x000002b3       0x34 ./Drivers/BSP/Components/ism330dhcx/ism330dhcx.o
 .ARM.attributes
                0x000002e7       0x34 ./Drivers/BSP/Components/ism330dhcx/ism330dhcx_reg.o
 .ARM.attributes
                0x0000031b       0x34 ./Drivers/STM32L4xx_HAL_Driver/Src/stm32l4xx_hal.o
 .ARM.attributes
                0x0000034f       0x34 ./Drivers/STM32L4xx_HAL_Driver/Src/stm32l4xx_hal_adc.o
 .ARM.attributes
                0x00000383       0x34 ./Drivers/STM32L4xx_HAL_Driver/Src/stm32l4xx_hal_adc_ex.o
 .ARM.attributes
                0x000003b7       0x34 ./Drivers/STM32L4xx_HAL_Driver/Src/stm32l4xx_hal_cortex.o
 .ARM.attributes
                0x000003eb       0x34 ./Drivers/STM32L4xx_HAL_Driver/Src/stm32l4xx_hal_crc.o
 .ARM.attributes
                0x0000041f       0x34 ./Drivers/STM32L4xx_HAL_Driver/Src/stm32l4xx_hal_crc_ex.o
 .ARM.attributes
                0x00000453       0x34 ./Drivers/STM32L4xx_HAL_Driver/Src/stm32l4xx_hal_dma.o
 .ARM.attributes
                0x00000487       0x34 ./Drivers/STM32L4xx_HAL_Driver/Src/stm32l4xx_hal_gpio.o
 .ARM.attributes
                0x000004bb       0x34 ./Drivers/STM32L4xx_HAL_Driver/Src/stm32l4xx_hal_pwr_ex.o
 .ARM.attributes
                0x000004ef       0x34 ./Drivers/STM32L4xx_HAL_Driver/Src/stm32l4xx_hal_rcc.o
 .ARM.attributes
                0x00000523       0x34 ./Drivers/STM32L4xx_HAL_Driver/Src/stm32l4xx_hal_rcc_ex.o
 .ARM.attributes
                0x00000557       0x34 ./Drivers/STM32L4xx_HAL_Driver/Src/stm32l4xx_hal_spi.o
 .ARM.attributes
                0x0000058b       0x34 ./Drivers/STM32L4xx_HAL_Driver/Src/stm32l4xx_hal_tim.o
 .ARM.attributes
                0x000005bf       0x34 ./Drivers/STM32L4xx_HAL_Driver/Src/stm32l4xx_hal_tim_ex.o
 .ARM.attributes
                0x000005f3       0x34 ./Drivers/STM32L4xx_HAL_Driver/Src/stm32l4xx_hal_uart.o
 .ARM.attributes
                0x00000627       0x34 ./X-CUBE-MEMS1/Target/custom_motion_sensors.o
 .ARM.attributes
                0x0000065b       0x30 ../Middlewares/ST/STM32_MotionGC_Library/Lib\MotionGC_CM4F_wc32_ot_hard.a(motion_gc.o)
 .ARM.attributes
                0x0000068b       0x34 C:/ST/STM32CubeIDE_2.0.0/STM32CubeIDE/plugins/com.st.stm32cube.ide.mcu.externaltools.gnu-tools-for-stm32.13.3.rel1.win32_1.0.100.202509120712/tools/bin/../lib/gcc/arm-none-eabi/13.3.1/../../../../arm-none-eabi/lib/thumb/v7e-m+fp/hard\libc_nano.a(libc_a-memset.o)
 .ARM.attributes
                0x000006bf       0x34 C:/ST/STM32CubeIDE_2.0.0/STM32CubeIDE/plugins/com.st.stm32cube.ide.mcu.externaltools.gnu-tools-for-stm32.13.3.rel1.win32_1.0.100.202509120712/tools/bin/../lib/gcc/arm-none-eabi/13.3.1/../../../../arm-none-eabi/lib/thumb/v7e-m+fp/hard\libc_nano.a(libc_a-init.o)
 .ARM.attributes
                0x000006f3       0x22 C:/ST/STM32CubeIDE_2.0.0/STM32CubeIDE/plugins/com.st.stm32cube.ide.mcu.externaltools.gnu-tools-for-stm32.13.3.rel1.win32_1.0.100.202509120712/tools/bin/../lib/gcc/arm-none-eabi/13.3.1/thumb/v7e-m+fp/hard\libgcc.a(_arm_addsubdf3.o)
 .ARM.attributes
                0x00000715       0x22 C:/ST/STM32CubeIDE_2.0.0/STM32CubeIDE/plugins/com.st.stm32cube.ide.mcu.externaltools.gnu-tools-for-stm32.13.3.rel1.win32_1.0.100.202509120712/tools/bin/../lib/gcc/arm-none-eabi/13.3.1/thumb/v7e-m+fp/hard\libgcc.a(_arm_muldivdf3.o)
 .ARM.attributes
                0x00000737       0x22 C:/ST/STM32CubeIDE_2.0.0/STM32CubeIDE/plugins/com.st.stm32cube.ide.mcu.externaltools.gnu-tools-for-stm32.13.3.rel1.win32_1.0.100.202509120712/tools/bin/../lib/gcc/arm-none-eabi/13.3.1/thumb/v7e-m+fp/hard\libgcc.a(_arm_cmpdf2.o)
 .ARM.attributes
                0x00000759       0x22 C:/ST/STM32CubeIDE_2.0.0/STM32CubeIDE/plugins/com.st.stm32cube.ide.mcu.externaltools.gnu-tools-for-stm32.13.3.rel1.win32_1.0.100.202509120712/tools/bin/../lib/gcc/arm-none-eabi/13.3.1/thumb/v7e-m+fp/hard\libgcc.a(_arm_fixdfsi.o)
 .ARM.attributes
                0x0000077b       0x22 C:/ST/STM32CubeIDE_2.0.0/STM32CubeIDE/plugins/com.st.stm32cube.ide.mcu.externaltools.gnu-tools-for-stm32.13.3.rel1.win32_1.0.100.202509120712/tools/bin/../lib/gcc/arm-none-eabi/13.3.1/thumb/v7e-m+fp/hard\libgcc.a(_arm_fixunsdfsi.o)
 .ARM.attributes
                0x0000079d       0x22 C:/ST/STM32CubeIDE_2.0.0/STM32CubeIDE/plugins/com.st.stm32cube.ide.mcu.externaltools.gnu-tools-for-stm32.13.3.rel1.win32_1.0.100.202509120712/tools/bin/../lib/gcc/arm-none-eabi/13.3.1/thumb/v7e-m+fp/hard\libgcc.a(_arm_truncdfsf2.o)
 .ARM.attributes
                0x000007bf       0x22 C:/ST/STM32CubeIDE_2.0.0/STM32CubeIDE/plugins/com.st.stm32cube.ide.mcu.externaltools.gnu-tools-for-stm32.13.3.rel1.win32_1.0.100.202509120712/tools/bin/../lib/gcc/arm-none-eabi/13.3.1/thumb/v7e-m+fp/hard\libgcc.a(_aeabi_uldivmod.o)
 .ARM.attributes
                0x000007e1       0x34 C:/ST/STM32CubeIDE_2.0.0/STM32CubeIDE/plugins/com.st.stm32cube.ide.mcu.externaltools.gnu-tools-for-stm32.13.3.rel1.win32_1.0.100.202509120712/tools/bin/../lib/gcc/arm-none-eabi/13.3.1/thumb/v7e-m+fp/hard\libgcc.a(_udivmoddi4.o)
 .ARM.attributes
                0x00000815       0x22 C:/ST/STM32CubeIDE_2.0.0/STM32CubeIDE/plugins/com.st.stm32cube.ide.mcu.externaltools.gnu-tools-for-stm32.13.3.rel1.win32_1.0.100.202509120712/tools/bin/../lib/gcc/arm-none-eabi/13.3.1/thumb/v7e-m+fp/hard\libgcc.a(_dvmd_tls.o)
 .ARM.attributes
                0x00000837       0x22 C:/ST/STM32CubeIDE_2.0.0/STM32CubeIDE/plugins/com.st.stm32cube.ide.mcu.externaltools.gnu-tools-for-stm32.13.3.rel1.win32_1.0.100.202509120712/tools/bin/../lib/gcc/arm-none-eabi/13.3.1/thumb/v7e-m+fp/hard/crtn.o
OUTPUT(mm26_REAL.elf elf32-littlearm)
LOAD linker stubs
LOAD C:/ST/STM32CubeIDE_2.0.0/STM32CubeIDE/plugins/com.st.stm32cube.ide.mcu.externaltools.gnu-tools-for-stm32.13.3.rel1.win32_1.0.100.202509120712/tools/bin/../lib/gcc/arm-none-eabi/13.3.1/../../../../arm-none-eabi/lib/thumb/v7e-m+fp/hard\libc.a
LOAD C:/ST/STM32CubeIDE_2.0.0/STM32CubeIDE/plugins/com.st.stm32cube.ide.mcu.externaltools.gnu-tools-for-stm32.13.3.rel1.win32_1.0.100.202509120712/tools/bin/../lib/gcc/arm-none-eabi/13.3.1/../../../../arm-none-eabi/lib/thumb/v7e-m+fp/hard\libm.a
LOAD C:/ST/STM32CubeIDE_2.0.0/STM32CubeIDE/plugins/com.st.stm32cube.ide.mcu.externaltools.gnu-tools-for-stm32.13.3.rel1.win32_1.0.100.202509120712/tools/bin/../lib/gcc/arm-none-eabi/13.3.1/thumb/v7e-m+fp/hard\libgcc.a

.debug_info     0x00000000    0x28cc3
 .debug_info    0x00000000      0x2af ./Core/Src/delay.o
 .debug_info    0x000002af      0x102 ./Core/Src/ftoa.o
 .debug_info    0x000003b1      0x236 ./Core/Src/itoa.o
 .debug_info    0x000005e7     0x28de ./Core/Src/main.o
 .debug_info    0x00002ec5     0x133e ./Core/Src/ssd1306.o
 .debug_info    0x00004203      0x2d1 ./Core/Src/ssd1306_fonts.o
 .debug_info    0x000044d4     0x1f40 ./Core/Src/stm32l4xx_hal_msp.o
 .debug_info    0x00006414      0x799 ./Core/Src/stm32l4xx_it.o
 .debug_info    0x00006bad      0xbf0 ./Core/Src/stm32l4xx_nucleo_bus.o
 .debug_info    0x0000779d      0x5e2 ./Core/Src/system_stm32l4xx.o
 .debug_info    0x00007d7f      0x172 ./Core/Src/systick.o
 .debug_info    0x00007ef1       0x30 ./Core/Startup/startup_stm32l476rgtx.o
 .debug_info    0x00007f21     0x3658 ./Drivers/BSP/Components/ism330dhcx/ism330dhcx.o
 .debug_info    0x0000b579     0xa29b ./Drivers/BSP/Components/ism330dhcx/ism330dhcx_reg.o
 .debug_info    0x00015814      0xc4d ./Drivers/STM32L4xx_HAL_Driver/Src/stm32l4xx_hal.o
 .debug_info    0x00016461     0x1de4 ./Drivers/STM32L4xx_HAL_Driver/Src/stm32l4xx_hal_adc.o
 .debug_info    0x00018245     0x1b55 ./Drivers/STM32L4xx_HAL_Driver/Src/stm32l4xx_hal_adc_ex.o
 .debug_info    0x00019d9a      0xdad ./Drivers/STM32L4xx_HAL_Driver/Src/stm32l4xx_hal_cortex.o
 .debug_info    0x0001ab47      0x55c ./Drivers/STM32L4xx_HAL_Driver/Src/stm32l4xx_hal_crc.o
 .debug_info    0x0001b0a3      0x387 ./Drivers/STM32L4xx_HAL_Driver/Src/stm32l4xx_hal_crc_ex.o
 .debug_info    0x0001b42a      0x71a ./Drivers/STM32L4xx_HAL_Driver/Src/stm32l4xx_hal_dma.o
 .debug_info    0x0001bb44      0x79f ./Drivers/STM32L4xx_HAL_Driver/Src/stm32l4xx_hal_gpio.o
 .debug_info    0x0001c2e3      0x9ca ./Drivers/STM32L4xx_HAL_Driver/Src/stm32l4xx_hal_pwr_ex.o
 .debug_info    0x0001ccad      0xc45 ./Drivers/STM32L4xx_HAL_Driver/Src/stm32l4xx_hal_rcc.o
 .debug_info    0x0001d8f2      0xe58 ./Drivers/STM32L4xx_HAL_Driver/Src/stm32l4xx_hal_rcc_ex.o
 .debug_info    0x0001e74a     0x1572 ./Drivers/STM32L4xx_HAL_Driver/Src/stm32l4xx_hal_spi.o
 .debug_info    0x0001fcbc     0x2ade ./Drivers/STM32L4xx_HAL_Driver/Src/stm32l4xx_hal_tim.o
 .debug_info    0x0002279a     0x16e0 ./Drivers/STM32L4xx_HAL_Driver/Src/stm32l4xx_hal_tim_ex.o
 .debug_info    0x00023e7a     0x3b8e ./Drivers/STM32L4xx_HAL_Driver/Src/stm32l4xx_hal_uart.o
 .debug_info    0x00027a08     0x12bb ./X-CUBE-MEMS1/Target/custom_motion_sensors.o

.debug_abbrev   0x00000000     0x3f6c
 .debug_abbrev  0x00000000       0xe6 ./Core/Src/delay.o
 .debug_abbrev  0x000000e6       0xb3 ./Core/Src/ftoa.o
 .debug_abbrev  0x00000199       0xd3 ./Core/Src/itoa.o
 .debug_abbrev  0x0000026c      0x338 ./Core/Src/main.o
 .debug_abbrev  0x000005a4      0x347 ./Core/Src/ssd1306.o
 .debug_abbrev  0x000008eb       0xcd ./Core/Src/ssd1306_fonts.o
 .debug_abbrev  0x000009b8      0x27e ./Core/Src/stm32l4xx_hal_msp.o
 .debug_abbrev  0x00000c36      0x1c0 ./Core/Src/stm32l4xx_it.o
 .debug_abbrev  0x00000df6      0x299 ./Core/Src/stm32l4xx_nucleo_bus.o
 .debug_abbrev  0x0000108f      0x117 ./Core/Src/system_stm32l4xx.o
 .debug_abbrev  0x000011a6       0xf9 ./Core/Src/systick.o
 .debug_abbrev  0x0000129f       0x24 ./Core/Startup/startup_stm32l476rgtx.o
 .debug_abbrev  0x000012c3      0x306 ./Drivers/BSP/Components/ism330dhcx/ism330dhcx.o
 .debug_abbrev  0x000015c9      0x253 ./Drivers/BSP/Components/ism330dhcx/ism330dhcx_reg.o
 .debug_abbrev  0x0000181c      0x243 ./Drivers/STM32L4xx_HAL_Driver/Src/stm32l4xx_hal.o
 .debug_abbrev  0x00001a5f      0x2ef ./Drivers/STM32L4xx_HAL_Driver/Src/stm32l4xx_hal_adc.o
 .debug_abbrev  0x00001d4e      0x2f0 ./Drivers/STM32L4xx_HAL_Driver/Src/stm32l4xx_hal_adc_ex.o
 .debug_abbrev  0x0000203e      0x31c ./Drivers/STM32L4xx_HAL_Driver/Src/stm32l4xx_hal_cortex.o
 .debug_abbrev  0x0000235a      0x211 ./Drivers/STM32L4xx_HAL_Driver/Src/stm32l4xx_hal_crc.o
 .debug_abbrev  0x0000256b      0x16a ./Drivers/STM32L4xx_HAL_Driver/Src/stm32l4xx_hal_crc_ex.o
 .debug_abbrev  0x000026d5      0x1fd ./Drivers/STM32L4xx_HAL_Driver/Src/stm32l4xx_hal_dma.o
 .debug_abbrev  0x000028d2      0x1d1 ./Drivers/STM32L4xx_HAL_Driver/Src/stm32l4xx_hal_gpio.o
 .debug_abbrev  0x00002aa3      0x1f9 ./Drivers/STM32L4xx_HAL_Driver/Src/stm32l4xx_hal_pwr_ex.o
 .debug_abbrev  0x00002c9c      0x2dc ./Drivers/STM32L4xx_HAL_Driver/Src/stm32l4xx_hal_rcc.o
 .debug_abbrev  0x00002f78      0x2a5 ./Drivers/STM32L4xx_HAL_Driver/Src/stm32l4xx_hal_rcc_ex.o
 .debug_abbrev  0x0000321d      0x282 ./Drivers/STM32L4xx_HAL_Driver/Src/stm32l4xx_hal_spi.o
 .debug_abbrev  0x0000349f      0x289 ./Drivers/STM32L4xx_HAL_Driver/Src/stm32l4xx_hal_tim.o
 .debug_abbrev  0x00003728      0x284 ./Drivers/STM32L4xx_HAL_Driver/Src/stm32l4xx_hal_tim_ex.o
 .debug_abbrev  0x000039ac      0x2f3 ./Drivers/STM32L4xx_HAL_Driver/Src/stm32l4xx_hal_uart.o
 .debug_abbrev  0x00003c9f      0x2cd ./X-CUBE-MEMS1/Target/custom_motion_sensors.o

.debug_aranges  0x00000000     0x25c0
 .debug_aranges
                0x00000000       0x28 ./Core/Src/delay.o
 .debug_aranges
                0x00000028       0x20 ./Core/Src/ftoa.o
 .debug_aranges
                0x00000048       0x38 ./Core/Src/itoa.o
 .debug_aranges
                0x00000080       0x98 ./Core/Src/main.o
 .debug_aranges
                0x00000118       0xe8 ./Core/Src/ssd1306.o
 .debug_aranges
                0x00000200       0x18 ./Core/Src/ssd1306_fonts.o
 .debug_aranges
                0x00000218       0x98 ./Core/Src/stm32l4xx_hal_msp.o
 .debug_aranges
                0x000002b0       0x78 ./Core/Src/stm32l4xx_it.o
 .debug_aranges
                0x00000328       0x60 ./Core/Src/stm32l4xx_nucleo_bus.o
 .debug_aranges
                0x00000388       0x28 ./Core/Src/system_stm32l4xx.o
 .debug_aranges
                0x000003b0       0x28 ./Core/Src/systick.o
 .debug_aranges
                0x000003d8       0x28 ./Core/Startup/startup_stm32l476rgtx.o
 .debug_aranges
                0x00000400      0x338 ./Drivers/BSP/Components/ism330dhcx/ism330dhcx.o
 .debug_aranges
                0x00000738      0xa48 ./Drivers/BSP/Components/ism330dhcx/ism330dhcx_reg.o
 .debug_aranges
                0x00001180      0x130 ./Drivers/STM32L4xx_HAL_Driver/Src/stm32l4xx_hal.o
 .debug_aranges
                0x000012b0      0x220 ./Drivers/STM32L4xx_HAL_Driver/Src/stm32l4xx_hal_adc.o
 .debug_aranges
                0x000014d0      0x1a8 ./Drivers/STM32L4xx_HAL_Driver/Src/stm32l4xx_hal_adc_ex.o
 .debug_aranges
                0x00001678      0x128 ./Drivers/STM32L4xx_HAL_Driver/Src/stm32l4xx_hal_cortex.o
 .debug_aranges
                0x000017a0       0x60 ./Drivers/STM32L4xx_HAL_Driver/Src/stm32l4xx_hal_crc.o
 .debug_aranges
                0x00001800       0x30 ./Drivers/STM32L4xx_HAL_Driver/Src/stm32l4xx_hal_crc_ex.o
 .debug_aranges
                0x00001830       0x80 ./Drivers/STM32L4xx_HAL_Driver/Src/stm32l4xx_hal_dma.o
 .debug_aranges
                0x000018b0       0x58 ./Drivers/STM32L4xx_HAL_Driver/Src/stm32l4xx_hal_gpio.o
 .debug_aranges
                0x00001908      0x160 ./Drivers/STM32L4xx_HAL_Driver/Src/stm32l4xx_hal_pwr_ex.o
 .debug_aranges
                0x00001a68       0x90 ./Drivers/STM32L4xx_HAL_Driver/Src/stm32l4xx_hal_rcc.o
 .debug_aranges
                0x00001af8       0xc0 ./Drivers/STM32L4xx_HAL_Driver/Src/stm32l4xx_hal_rcc_ex.o
 .debug_aranges
                0x00001bb8      0x1d8 ./Drivers/STM32L4xx_HAL_Driver/Src/stm32l4xx_hal_spi.o
 .debug_aranges
                0x00001d90      0x3e0 ./Drivers/STM32L4xx_HAL_Driver/Src/stm32l4xx_hal_tim.o
 .debug_aranges
                0x00002170      0x180 ./Drivers/STM32L4xx_HAL_Driver/Src/stm32l4xx_hal_tim_ex.o
 .debug_aranges
                0x000022f0      0x228 ./Drivers/STM32L4xx_HAL_Driver/Src/stm32l4xx_hal_uart.o
 .debug_aranges
                0x00002518       0xa8 ./X-CUBE-MEMS1/Target/custom_motion_sensors.o

.debug_rnglists
                0x00000000     0x1d45
 .debug_rnglists
                0x00000000       0x19 ./Core/Src/delay.o
 .debug_rnglists
                0x00000019       0x14 ./Core/Src/ftoa.o
 .debug_rnglists
                0x0000002d       0x27 ./Core/Src/itoa.o
 .debug_rnglists
                0x00000054       0x76 ./Core/Src/main.o
 .debug_rnglists
                0x000000ca       0xb4 ./Core/Src/ssd1306.o
 .debug_rnglists
                0x0000017e       0x71 ./Core/Src/stm32l4xx_hal_msp.o
 .debug_rnglists
                0x000001ef       0x55 ./Core/Src/stm32l4xx_it.o
 .debug_rnglists
                0x00000244       0x45 ./Core/Src/stm32l4xx_nucleo_bus.o
 .debug_rnglists
                0x00000289       0x1a ./Core/Src/system_stm32l4xx.o
 .debug_rnglists
                0x000002a3       0x19 ./Core/Src/systick.o
 .debug_rnglists
                0x000002bc       0x19 ./Core/Startup/startup_stm32l476rgtx.o
 .debug_rnglists
                0x000002d5      0x285 ./Drivers/BSP/Components/ism330dhcx/ism330dhcx.o
 .debug_rnglists
                0x0000055a      0x7e8 ./Drivers/BSP/Components/ism330dhcx/ism330dhcx_reg.o
 .debug_rnglists
                0x00000d42       0xdf ./Drivers/STM32L4xx_HAL_Driver/Src/stm32l4xx_hal.o
 .debug_rnglists
                0x00000e21      0x1b1 ./Drivers/STM32L4xx_HAL_Driver/Src/stm32l4xx_hal_adc.o
 .debug_rnglists
                0x00000fd2      0x148 ./Drivers/STM32L4xx_HAL_Driver/Src/stm32l4xx_hal_adc_ex.o
 .debug_rnglists
                0x0000111a       0xda ./Drivers/STM32L4xx_HAL_Driver/Src/stm32l4xx_hal_cortex.o
 .debug_rnglists
                0x000011f4       0x47 ./Drivers/STM32L4xx_HAL_Driver/Src/stm32l4xx_hal_crc.o
 .debug_rnglists
                0x0000123b       0x20 ./Drivers/STM32L4xx_HAL_Driver/Src/stm32l4xx_hal_crc_ex.o
 .debug_rnglists
                0x0000125b       0x65 ./Drivers/STM32L4xx_HAL_Driver/Src/stm32l4xx_hal_dma.o
 .debug_rnglists
                0x000012c0       0x3f ./Drivers/STM32L4xx_HAL_Driver/Src/stm32l4xx_hal_gpio.o
 .debug_rnglists
                0x000012ff      0x109 ./Drivers/STM32L4xx_HAL_Driver/Src/stm32l4xx_hal_pwr_ex.o
 .debug_rnglists
                0x00001408       0x6d ./Drivers/STM32L4xx_HAL_Driver/Src/stm32l4xx_hal_rcc.o
 .debug_rnglists
                0x00001475       0x95 ./Drivers/STM32L4xx_HAL_Driver/Src/stm32l4xx_hal_rcc_ex.o
 .debug_rnglists
                0x0000150a      0x178 ./Drivers/STM32L4xx_HAL_Driver/Src/stm32l4xx_hal_spi.o
 .debug_rnglists
                0x00001682      0x32c ./Drivers/STM32L4xx_HAL_Driver/Src/stm32l4xx_hal_tim.o
 .debug_rnglists
                0x000019ae      0x139 ./Drivers/STM32L4xx_HAL_Driver/Src/stm32l4xx_hal_tim_ex.o
 .debug_rnglists
                0x00001ae7      0x1da ./Drivers/STM32L4xx_HAL_Driver/Src/stm32l4xx_hal_uart.o
 .debug_rnglists
                0x00001cc1       0x84 ./X-CUBE-MEMS1/Target/custom_motion_sensors.o

.debug_macro    0x00000000    0x2be6c
 .debug_macro   0x00000000      0x234 ./Core/Src/delay.o
 .debug_macro   0x00000234      0xad8 ./Core/Src/delay.o
 .debug_macro   0x00000d0c      0x1b9 ./Core/Src/delay.o
 .debug_macro   0x00000ec5       0x2e ./Core/Src/delay.o
 .debug_macro   0x00000ef3       0x28 ./Core/Src/delay.o
 .debug_macro   0x00000f1b       0x22 ./Core/Src/delay.o
 .debug_macro   0x00000f3d       0x8e ./Core/Src/delay.o
 .debug_macro   0x00000fcb       0x51 ./Core/Src/delay.o
 .debug_macro   0x0000101c      0x103 ./Core/Src/delay.o
 .debug_macro   0x0000111f       0x6a ./Core/Src/delay.o
 .debug_macro   0x00001189      0x1df ./Core/Src/delay.o
 .debug_macro   0x00001368       0x1c ./Core/Src/delay.o
 .debug_macro   0x00001384       0x22 ./Core/Src/delay.o
 .debug_macro   0x000013a6       0xfb ./Core/Src/delay.o
 .debug_macro   0x000014a1     0x1011 ./Core/Src/delay.o
 .debug_macro   0x000024b2      0x11f ./Core/Src/delay.o
 .debug_macro   0x000025d1    0x1a192 ./Core/Src/delay.o
 .debug_macro   0x0001c763       0x6d ./Core/Src/delay.o
 .debug_macro   0x0001c7d0     0x38fb ./Core/Src/delay.o
 .debug_macro   0x000200cb      0x190 ./Core/Src/delay.o
 .debug_macro   0x0002025b       0x5c ./Core/Src/delay.o
 .debug_macro   0x000202b7     0x159e ./Core/Src/delay.o
 .debug_macro   0x00021855      0x5a5 ./Core/Src/delay.o
 .debug_macro   0x00021dfa      0x1b9 ./Core/Src/delay.o
 .debug_macro   0x00021fb3      0x18b ./Core/Src/delay.o
 .debug_macro   0x0002213e      0x2c4 ./Core/Src/delay.o
 .debug_macro   0x00022402      0x27a ./Core/Src/delay.o
 .debug_macro   0x0002267c      0x23d ./Core/Src/delay.o
 .debug_macro   0x000228b9      0xf90 ./Core/Src/delay.o
 .debug_macro   0x00023849      0x632 ./Core/Src/delay.o
 .debug_macro   0x00023e7b      0x30c ./Core/Src/delay.o
 .debug_macro   0x00024187       0xc7 ./Core/Src/delay.o
 .debug_macro   0x0002424e       0x4c ./Core/Src/delay.o
 .debug_macro   0x0002429a      0x241 ./Core/Src/delay.o
 .debug_macro   0x000244db      0x37c ./Core/Src/delay.o
 .debug_macro   0x00024857       0xd6 ./Core/Src/delay.o
 .debug_macro   0x0002492d      0x122 ./Core/Src/delay.o
 .debug_macro   0x00024a4f      0x3ef ./Core/Src/delay.o
 .debug_macro   0x00024e3e      0x2fe ./Core/Src/delay.o
 .debug_macro   0x0002513c      0xa98 ./Core/Src/delay.o
 .debug_macro   0x00025bd4      0x1e6 ./Core/Src/delay.o
 .debug_macro   0x00025dba      0x5cf ./Core/Src/delay.o
 .debug_macro   0x00026389       0x44 ./Core/Src/delay.o
 .debug_macro   0x000263cd      0x330 ./Core/Src/delay.o
 .debug_macro   0x000266fd      0x160 ./Core/Src/delay.o
 .debug_macro   0x0002685d       0x17 ./Core/Src/ftoa.o
 .debug_macro   0x00026874      0x10f ./Core/Src/itoa.o
 .debug_macro   0x00026983       0x5b ./Core/Src/itoa.o
 .debug_macro   0x000269de       0x2a ./Core/Src/itoa.o
 .debug_macro   0x00026a08       0x94 ./Core/Src/itoa.o
 .debug_macro   0x00026a9c       0x43 ./Core/Src/itoa.o
 .debug_macro   0x00026adf       0x34 ./Core/Src/itoa.o
 .debug_macro   0x00026b13       0x57 ./Core/Src/itoa.o
 .debug_macro   0x00026b6a      0x370 ./Core/Src/itoa.o
 .debug_macro   0x00026eda       0x16 ./Core/Src/itoa.o
 .debug_macro   0x00026ef0       0x4a ./Core/Src/itoa.o
 .debug_macro   0x00026f3a       0x34 ./Core/Src/itoa.o
 .debug_macro   0x00026f6e       0x10 ./Core/Src/itoa.o
 .debug_macro   0x00026f7e       0x58 ./Core/Src/itoa.o
 .debug_macro   0x00026fd6       0x8e ./Core/Src/itoa.o
 .debug_macro   0x00027064       0x1c ./Core/Src/itoa.o
 .debug_macro   0x00027080      0x185 ./Core/Src/itoa.o
 .debug_macro   0x00027205       0x10 ./Core/Src/itoa.o
 .debug_macro   0x00027215       0x3c ./Core/Src/itoa.o
 .debug_macro   0x00027251       0x20 ./Core/Src/itoa.o
 .debug_macro   0x00027271      0x3dd ./Core/Src/main.o
 .debug_macro   0x0002764e       0x2e ./Core/Src/main.o
 .debug_macro   0x0002767c       0x82 ./Core/Src/main.o
 .debug_macro   0x000276fe       0x70 ./Core/Src/main.o
 .debug_macro   0x0002776e       0x2e ./Core/Src/main.o
 .debug_macro   0x0002779c       0x61 ./Core/Src/main.o
 .debug_macro   0x000277fd      0x19b ./Core/Src/main.o
 .debug_macro   0x00027998      0x5a7 ./Core/Src/main.o
 .debug_macro   0x00027f3f       0x16 ./Core/Src/main.o
 .debug_macro   0x00027f55       0x6d ./Core/Src/main.o
 .debug_macro   0x00027fc2       0x28 ./Core/Src/main.o
 .debug_macro   0x00027fea       0x70 ./Core/Src/main.o
 .debug_macro   0x0002805a       0x22 ./Core/Src/main.o
 .debug_macro   0x0002807c      0x346 ./Core/Src/ssd1306.o
 .debug_macro   0x000283c2       0x28 ./Core/Src/ssd1306.o
 .debug_macro   0x000283ea       0x16 ./Core/Src/ssd1306.o
 .debug_macro   0x00028400       0x16 ./Core/Src/ssd1306.o
 .debug_macro   0x00028416       0x29 ./Core/Src/ssd1306.o
 .debug_macro   0x0002843f      0x271 ./Core/Src/ssd1306_fonts.o
 .debug_macro   0x000286b0      0x22a ./Core/Src/stm32l4xx_hal_msp.o
 .debug_macro   0x000288da      0x23e ./Core/Src/stm32l4xx_it.o
 .debug_macro   0x00028b18      0x242 ./Core/Src/stm32l4xx_nucleo_bus.o
 .debug_macro   0x00028d5a       0x28 ./Core/Src/stm32l4xx_nucleo_bus.o
 .debug_macro   0x00028d82      0x21b ./Core/Src/system_stm32l4xx.o
 .debug_macro   0x00028f9d      0x24e ./Core/Src/systick.o
 .debug_macro   0x000291eb      0x165 ./Drivers/BSP/Components/ism330dhcx/ism330dhcx.o
 .debug_macro   0x00029350      0x5ae ./Drivers/BSP/Components/ism330dhcx/ism330dhcx.o
 .debug_macro   0x000298fe      0x126 ./Drivers/BSP/Components/ism330dhcx/ism330dhcx_reg.o
 .debug_macro   0x00029a24      0x269 ./Drivers/STM32L4xx_HAL_Driver/Src/stm32l4xx_hal.o
 .debug_macro   0x00029c8d      0x238 ./Drivers/STM32L4xx_HAL_Driver/Src/stm32l4xx_hal_adc.o
 .debug_macro   0x00029ec5      0x227 ./Drivers/STM32L4xx_HAL_Driver/Src/stm32l4xx_hal_adc_ex.o
 .debug_macro   0x0002a0ec      0x21b ./Drivers/STM32L4xx_HAL_Driver/Src/stm32l4xx_hal_cortex.o
 .debug_macro   0x0002a307      0x21b ./Drivers/STM32L4xx_HAL_Driver/Src/stm32l4xx_hal_crc.o
 .debug_macro   0x0002a522      0x21b ./Drivers/STM32L4xx_HAL_Driver/Src/stm32l4xx_hal_crc_ex.o
 .debug_macro   0x0002a73d      0x21b ./Drivers/STM32L4xx_HAL_Driver/Src/stm32l4xx_hal_dma.o
 .debug_macro   0x0002a958      0x222 ./Drivers/STM32L4xx_HAL_Driver/Src/stm32l4xx_hal_gpio.o
 .debug_macro   0x0002ab7a      0x23f ./Drivers/STM32L4xx_HAL_Driver/Src/stm32l4xx_hal_pwr_ex.o
 .debug_macro   0x0002adb9      0x25d ./Drivers/STM32L4xx_HAL_Driver/Src/stm32l4xx_hal_rcc.o
 .debug_macro   0x0002b016      0x251 ./Drivers/STM32L4xx_HAL_Driver/Src/stm32l4xx_hal_rcc_ex.o
 .debug_macro   0x0002b267      0x223 ./Drivers/STM32L4xx_HAL_Driver/Src/stm32l4xx_hal_spi.o